<?xml version="1.0"?>
<link_info>
   <banner>TMS320C6x Linker PC v8.0.4</banner>
   <copyright>Copyright (c) 1996-2015 Texas Instruments Incorporated</copyright>
   <link_time>0x645cbf65</link_time>
   <link_errors>0x0</link_errors>
   <output_file>C6678_core_IPC_Interrupt.out</output_file>
   <entry_point>
      <name>_c_int00</name>
      <address>0x808960</address>
   </entry_point>
   <input_file_list>
      <input_file id="fl-2">
         <path>.\</path>
         <kind>object</kind>
         <file>bootload.obj</file>
         <name>bootload.obj</name>
      </input_file>
      <input_file id="fl-3">
         <path>.\</path>
         <kind>object</kind>
         <file>ipc_interrupt.obj</file>
         <name>ipc_interrupt.obj</name>
      </input_file>
      <input_file id="fl-4">
         <path>.\</path>
         <kind>object</kind>
         <file>main.obj</file>
         <name>main.obj</name>
      </input_file>
      <input_file id="fl-24">
         <path>D:\CCSv74\ccsv7\tools\compiler\ti-cgt-c6000_8.0.4\lib\</path>
         <kind>archive</kind>
         <file>rts6600_elf.lib</file>
         <name>boot.obj</name>
      </input_file>
      <input_file id="fl-25">
         <path>D:\CCSv74\ccsv7\tools\compiler\ti-cgt-c6000_8.0.4\lib\</path>
         <kind>archive</kind>
         <file>rts6600_elf.lib</file>
         <name>copy_decompress_none.obj</name>
      </input_file>
      <input_file id="fl-26">
         <path>D:\CCSv74\ccsv7\tools\compiler\ti-cgt-c6000_8.0.4\lib\</path>
         <kind>archive</kind>
         <file>rts6600_elf.lib</file>
         <name>copy_decompress_rle.obj</name>
      </input_file>
      <input_file id="fl-27">
         <path>D:\CCSv74\ccsv7\tools\compiler\ti-cgt-c6000_8.0.4\lib\</path>
         <kind>archive</kind>
         <file>rts6600_elf.lib</file>
         <name>copy_zero_init.obj</name>
      </input_file>
      <input_file id="fl-28">
         <path>D:\CCSv74\ccsv7\tools\compiler\ti-cgt-c6000_8.0.4\lib\</path>
         <kind>archive</kind>
         <file>rts6600_elf.lib</file>
         <name>exit.obj</name>
      </input_file>
      <input_file id="fl-29">
         <path>D:\CCSv74\ccsv7\tools\compiler\ti-cgt-c6000_8.0.4\lib\</path>
         <kind>archive</kind>
         <file>rts6600_elf.lib</file>
         <name>memcpy64.obj</name>
      </input_file>
      <input_file id="fl-2a">
         <path>D:\CCSv74\ccsv7\tools\compiler\ti-cgt-c6000_8.0.4\lib\</path>
         <kind>archive</kind>
         <file>rts6600_elf.lib</file>
         <name>printf.obj</name>
      </input_file>
      <input_file id="fl-2b">
         <path>D:\CCSv74\ccsv7\tools\compiler\ti-cgt-c6000_8.0.4\lib\</path>
         <kind>archive</kind>
         <file>rts6600_elf.lib</file>
         <name>_lock.obj</name>
      </input_file>
      <input_file id="fl-2c">
         <path>D:\CCSv74\ccsv7\tools\compiler\ti-cgt-c6000_8.0.4\lib\</path>
         <kind>archive</kind>
         <file>rts6600_elf.lib</file>
         <name>_printfi.obj</name>
      </input_file>
      <input_file id="fl-2d">
         <path>D:\CCSv74\ccsv7\tools\compiler\ti-cgt-c6000_8.0.4\lib\</path>
         <kind>archive</kind>
         <file>rts6600_elf.lib</file>
         <name>args_main.obj</name>
      </input_file>
      <input_file id="fl-2e">
         <path>D:\CCSv74\ccsv7\tools\compiler\ti-cgt-c6000_8.0.4\lib\</path>
         <kind>archive</kind>
         <file>rts6600_elf.lib</file>
         <name>atoi.obj</name>
      </input_file>
      <input_file id="fl-2f">
         <path>D:\CCSv74\ccsv7\tools\compiler\ti-cgt-c6000_8.0.4\lib\</path>
         <kind>archive</kind>
         <file>rts6600_elf.lib</file>
         <name>autoinit.obj</name>
      </input_file>
      <input_file id="fl-30">
         <path>D:\CCSv74\ccsv7\tools\compiler\ti-cgt-c6000_8.0.4\lib\</path>
         <kind>archive</kind>
         <file>rts6600_elf.lib</file>
         <name>cpy_tbl.obj</name>
      </input_file>
      <input_file id="fl-31">
         <path>D:\CCSv74\ccsv7\tools\compiler\ti-cgt-c6000_8.0.4\lib\</path>
         <kind>archive</kind>
         <file>rts6600_elf.lib</file>
         <name>ctype.obj</name>
      </input_file>
      <input_file id="fl-32">
         <path>D:\CCSv74\ccsv7\tools\compiler\ti-cgt-c6000_8.0.4\lib\</path>
         <kind>archive</kind>
         <file>rts6600_elf.lib</file>
         <name>defs.obj</name>
      </input_file>
      <input_file id="fl-33">
         <path>D:\CCSv74\ccsv7\tools\compiler\ti-cgt-c6000_8.0.4\lib\</path>
         <kind>archive</kind>
         <file>rts6600_elf.lib</file>
         <name>divd.obj</name>
      </input_file>
      <input_file id="fl-34">
         <path>D:\CCSv74\ccsv7\tools\compiler\ti-cgt-c6000_8.0.4\lib\</path>
         <kind>archive</kind>
         <file>rts6600_elf.lib</file>
         <name>divu.obj</name>
      </input_file>
      <input_file id="fl-35">
         <path>D:\CCSv74\ccsv7\tools\compiler\ti-cgt-c6000_8.0.4\lib\</path>
         <kind>archive</kind>
         <file>rts6600_elf.lib</file>
         <name>fputc.obj</name>
      </input_file>
      <input_file id="fl-36">
         <path>D:\CCSv74\ccsv7\tools\compiler\ti-cgt-c6000_8.0.4\lib\</path>
         <kind>archive</kind>
         <file>rts6600_elf.lib</file>
         <name>fputs.obj</name>
      </input_file>
      <input_file id="fl-37">
         <path>D:\CCSv74\ccsv7\tools\compiler\ti-cgt-c6000_8.0.4\lib\</path>
         <kind>archive</kind>
         <file>rts6600_elf.lib</file>
         <name>frcmpyd_div.obj</name>
      </input_file>
      <input_file id="fl-38">
         <path>D:\CCSv74\ccsv7\tools\compiler\ti-cgt-c6000_8.0.4\lib\</path>
         <kind>archive</kind>
         <file>rts6600_elf.lib</file>
         <name>frexp.obj</name>
      </input_file>
      <input_file id="fl-39">
         <path>D:\CCSv74\ccsv7\tools\compiler\ti-cgt-c6000_8.0.4\lib\</path>
         <kind>archive</kind>
         <file>rts6600_elf.lib</file>
         <name>imath40.obj</name>
      </input_file>
      <input_file id="fl-3a">
         <path>D:\CCSv74\ccsv7\tools\compiler\ti-cgt-c6000_8.0.4\lib\</path>
         <kind>archive</kind>
         <file>rts6600_elf.lib</file>
         <name>imath64.obj</name>
      </input_file>
      <input_file id="fl-3b">
         <path>D:\CCSv74\ccsv7\tools\compiler\ti-cgt-c6000_8.0.4\lib\</path>
         <kind>archive</kind>
         <file>rts6600_elf.lib</file>
         <name>isinf.obj</name>
      </input_file>
      <input_file id="fl-3c">
         <path>D:\CCSv74\ccsv7\tools\compiler\ti-cgt-c6000_8.0.4\lib\</path>
         <kind>archive</kind>
         <file>rts6600_elf.lib</file>
         <name>ldexp.obj</name>
      </input_file>
      <input_file id="fl-3d">
         <path>D:\CCSv74\ccsv7\tools\compiler\ti-cgt-c6000_8.0.4\lib\</path>
         <kind>archive</kind>
         <file>rts6600_elf.lib</file>
         <name>llshift.obj</name>
      </input_file>
      <input_file id="fl-3e">
         <path>D:\CCSv74\ccsv7\tools\compiler\ti-cgt-c6000_8.0.4\lib\</path>
         <kind>archive</kind>
         <file>rts6600_elf.lib</file>
         <name>lowlev.obj</name>
      </input_file>
      <input_file id="fl-3f">
         <path>D:\CCSv74\ccsv7\tools\compiler\ti-cgt-c6000_8.0.4\lib\</path>
         <kind>archive</kind>
         <file>rts6600_elf.lib</file>
         <name>ltoa.obj</name>
      </input_file>
      <input_file id="fl-40">
         <path>D:\CCSv74\ccsv7\tools\compiler\ti-cgt-c6000_8.0.4\lib\</path>
         <kind>archive</kind>
         <file>rts6600_elf.lib</file>
         <name>memccpy.obj</name>
      </input_file>
      <input_file id="fl-41">
         <path>D:\CCSv74\ccsv7\tools\compiler\ti-cgt-c6000_8.0.4\lib\</path>
         <kind>archive</kind>
         <file>rts6600_elf.lib</file>
         <name>memset.obj</name>
      </input_file>
      <input_file id="fl-42">
         <path>D:\CCSv74\ccsv7\tools\compiler\ti-cgt-c6000_8.0.4\lib\</path>
         <kind>archive</kind>
         <file>rts6600_elf.lib</file>
         <name>tls.obj</name>
      </input_file>
      <input_file id="fl-43">
         <path>D:\CCSv74\ccsv7\tools\compiler\ti-cgt-c6000_8.0.4\lib\</path>
         <kind>archive</kind>
         <file>rts6600_elf.lib</file>
         <name>tls_get_tp.obj</name>
      </input_file>
      <input_file id="fl-44">
         <path>D:\CCSv74\ccsv7\tools\compiler\ti-cgt-c6000_8.0.4\lib\</path>
         <kind>archive</kind>
         <file>rts6600_elf.lib</file>
         <name>trgdrv.obj</name>
      </input_file>
      <input_file id="fl-45">
         <path>D:\CCSv74\ccsv7\tools\compiler\ti-cgt-c6000_8.0.4\lib\</path>
         <kind>archive</kind>
         <file>rts6600_elf.lib</file>
         <name>trgmsg.obj</name>
      </input_file>
      <input_file id="fl-46">
         <path>D:\CCSv74\ccsv7\tools\compiler\ti-cgt-c6000_8.0.4\lib\</path>
         <kind>archive</kind>
         <file>rts6600_elf.lib</file>
         <name>_io_perm.obj</name>
      </input_file>
      <input_file id="fl-47">
         <path>D:\CCSv74\ccsv7\tools\compiler\ti-cgt-c6000_8.0.4\lib\</path>
         <kind>archive</kind>
         <file>rts6600_elf.lib</file>
         <name>abs.obj</name>
      </input_file>
      <input_file id="fl-48">
         <path>D:\CCSv74\ccsv7\tools\compiler\ti-cgt-c6000_8.0.4\lib\</path>
         <kind>archive</kind>
         <file>rts6600_elf.lib</file>
         <name>errno.obj</name>
      </input_file>
      <input_file id="fl-49">
         <path>D:\CCSv74\ccsv7\tools\compiler\ti-cgt-c6000_8.0.4\lib\</path>
         <kind>archive</kind>
         <file>rts6600_elf.lib</file>
         <name>fflush.obj</name>
      </input_file>
      <input_file id="fl-4a">
         <path>D:\CCSv74\ccsv7\tools\compiler\ti-cgt-c6000_8.0.4\lib\</path>
         <kind>archive</kind>
         <file>rts6600_elf.lib</file>
         <name>fseek.obj</name>
      </input_file>
      <input_file id="fl-4b">
         <path>D:\CCSv74\ccsv7\tools\compiler\ti-cgt-c6000_8.0.4\lib\</path>
         <kind>archive</kind>
         <file>rts6600_elf.lib</file>
         <name>setvbuf.obj</name>
      </input_file>
      <input_file id="fl-4c">
         <path>D:\CCSv74\ccsv7\tools\compiler\ti-cgt-c6000_8.0.4\lib\</path>
         <kind>archive</kind>
         <file>rts6600_elf.lib</file>
         <name>fopen.obj</name>
      </input_file>
      <input_file id="fl-4d">
         <path>D:\CCSv74\ccsv7\tools\compiler\ti-cgt-c6000_8.0.4\lib\</path>
         <kind>archive</kind>
         <file>rts6600_elf.lib</file>
         <name>memory.obj</name>
      </input_file>
      <input_file id="fl-4e">
         <path>D:\CCSv74\ccsv7\tools\compiler\ti-cgt-c6000_8.0.4\lib\</path>
         <kind>archive</kind>
         <file>rts6600_elf.lib</file>
         <name>fclose.obj</name>
      </input_file>
      <input_file id="fl-4f">
         <path>D:\CCSv74\ccsv7\tools\compiler\ti-cgt-c6000_8.0.4\lib\</path>
         <kind>archive</kind>
         <file>rts6600_elf.lib</file>
         <name>remove.obj</name>
      </input_file>
      <input_file id="fl-50">
         <path>C:\ti\pdk_C6678_1_1_2_6\packages\ti\csl\lib\</path>
         <kind>archive</kind>
         <file>ti.csl.ae66</file>
         <name>csl_chip.oe66</name>
      </input_file>
      <input_file id="fl-51">
         <path>C:\ti\pdk_C6678_1_1_2_6\packages\ti\csl\lib\</path>
         <kind>archive</kind>
         <file>ti.csl.intc.ae66</file>
         <name>_csl_intcIntrEnDisRes.oe66</name>
      </input_file>
      <input_file id="fl-52">
         <path>C:\ti\pdk_C6678_1_1_2_6\packages\ti\csl\lib\</path>
         <kind>archive</kind>
         <file>ti.csl.intc.ae66</file>
         <name>_csl_intcIsrDispatch.oe66</name>
      </input_file>
      <input_file id="fl-53">
         <path>C:\ti\pdk_C6678_1_1_2_6\packages\ti\csl\lib\</path>
         <kind>archive</kind>
         <file>ti.csl.intc.ae66</file>
         <name>_csl_intcResource.oe66</name>
      </input_file>
      <input_file id="fl-54">
         <path>C:\ti\pdk_C6678_1_1_2_6\packages\ti\csl\lib\</path>
         <kind>archive</kind>
         <file>ti.csl.intc.ae66</file>
         <name>csl_intcHwControl.oe66</name>
      </input_file>
      <input_file id="fl-55">
         <path>C:\ti\pdk_C6678_1_1_2_6\packages\ti\csl\lib\</path>
         <kind>archive</kind>
         <file>ti.csl.intc.ae66</file>
         <name>csl_intcInit.oe66</name>
      </input_file>
      <input_file id="fl-56">
         <path>C:\ti\pdk_C6678_1_1_2_6\packages\ti\csl\lib\</path>
         <kind>archive</kind>
         <file>ti.csl.intc.ae66</file>
         <name>csl_intcOpen.oe66</name>
      </input_file>
      <input_file id="fl-57">
         <path>C:\ti\pdk_C6678_1_1_2_6\packages\ti\csl\lib\</path>
         <kind>archive</kind>
         <file>ti.csl.intc.ae66</file>
         <name>csl_intcPlugEventHandler.oe66</name>
      </input_file>
      <input_file id="fl-58">
         <path>C:\ti\pdk_C6678_1_1_2_6\packages\ti\csl\lib\</path>
         <kind>archive</kind>
         <file>ti.csl.intc.ae66</file>
         <name>_csl_intcCombEventDispatcher.oe66</name>
      </input_file>
      <input_file id="fl-59">
         <path>C:\ti\pdk_C6678_1_1_2_6\packages\ti\csl\lib\</path>
         <kind>archive</kind>
         <file>ti.csl.intc.ae66</file>
         <name>_csl_intcDispatcher.oe66</name>
      </input_file>
      <input_file id="fl-5a">
         <path>C:\ti\pdk_C6678_1_1_2_6\packages\ti\csl\lib\</path>
         <kind>archive</kind>
         <file>ti.csl.intc.ae66</file>
         <name>_csl_intcNmiDummy.oe66</name>
      </input_file>
      <input_file id="fl-5b">
         <path>C:\ti\pdk_C6678_1_1_2_6\packages\ti\csl\lib\</path>
         <kind>archive</kind>
         <file>ti.csl.intc.ae66</file>
         <name>csl_intcHookIsr.oe66</name>
      </input_file>
   </input_file_list>
   <object_component_list>
      <object_component id="oc-2b">
         <name>.bootload</name>
         <load_address>0x800000</load_address>
         <run_address>0x800000</run_address>
         <size>0x60</size>
         <input_file_ref idref="fl-2"/>
      </object_component>
      <object_component id="oc-13d">
         <name>.text</name>
         <load_address>0x800400</load_address>
         <run_address>0x800400</run_address>
         <size>0xa80</size>
         <input_file_ref idref="fl-3"/>
      </object_component>
      <object_component id="oc-374">
         <name>.text:__c6xabi_divd</name>
         <load_address>0x800e80</load_address>
         <run_address>0x800e80</run_address>
         <size>0x600</size>
         <input_file_ref idref="fl-33"/>
      </object_component>
      <object_component id="oc-24e">
         <name>.text:_setfield</name>
         <load_address>0x801480</load_address>
         <run_address>0x801480</run_address>
         <size>0x5a0</size>
         <input_file_ref idref="fl-2c"/>
      </object_component>
      <object_component id="oc-301">
         <name>.text:_getarg_diouxp</name>
         <load_address>0x801a20</load_address>
         <run_address>0x801a20</run_address>
         <size>0x580</size>
         <input_file_ref idref="fl-2c"/>
      </object_component>
      <object_component id="oc-1d3">
         <name>.text:__TI_printfi</name>
         <load_address>0x801fa0</load_address>
         <run_address>0x801fa0</run_address>
         <size>0x460</size>
         <input_file_ref idref="fl-2c"/>
      </object_component>
      <object_component id="oc-1b3">
         <name>.text:csl_section:intc:CSL_intcHwControl</name>
         <load_address>0x802400</load_address>
         <run_address>0x802400</run_address>
         <size>0x3c0</size>
         <input_file_ref idref="fl-54"/>
      </object_component>
      <object_component id="oc-23b">
         <name>.text:fputs</name>
         <load_address>0x8027c0</load_address>
         <run_address>0x8027c0</run_address>
         <size>0x380</size>
         <input_file_ref idref="fl-36"/>
      </object_component>
      <object_component id="oc-29f">
         <name>.text:_pproc_fgea</name>
         <load_address>0x802b40</load_address>
         <run_address>0x802b40</run_address>
         <size>0x300</size>
         <input_file_ref idref="fl-2c"/>
      </object_component>
      <object_component id="oc-248">
         <name>.text:_pproc_fwp</name>
         <load_address>0x802e40</load_address>
         <run_address>0x802e40</run_address>
         <size>0x2c0</size>
         <input_file_ref idref="fl-2c"/>
      </object_component>
      <object_component id="oc-354">
         <name>.text:ecvt</name>
         <load_address>0x803100</load_address>
         <run_address>0x803100</run_address>
         <size>0x2a0</size>
         <input_file_ref idref="fl-2c"/>
      </object_component>
      <object_component id="oc-323">
         <name>.text:free</name>
         <load_address>0x8033a0</load_address>
         <run_address>0x8033a0</run_address>
         <size>0x2a0</size>
         <input_file_ref idref="fl-4d"/>
      </object_component>
      <object_component id="oc-367">
         <name>.text:fcvt</name>
         <load_address>0x803640</load_address>
         <run_address>0x803640</run_address>
         <size>0x280</size>
         <input_file_ref idref="fl-2c"/>
      </object_component>
      <object_component id="oc-2f3">
         <name>.text:_pconv_e</name>
         <load_address>0x8038c0</load_address>
         <run_address>0x8038c0</run_address>
         <size>0x260</size>
         <input_file_ref idref="fl-2c"/>
      </object_component>
      <object_component id="oc-42e">
         <name>.text:__c6xabi_divull</name>
         <load_address>0x803b20</load_address>
         <run_address>0x803b20</run_address>
         <size>0x240</size>
         <input_file_ref idref="fl-3a"/>
      </object_component>
      <object_component id="oc-2a5">
         <name>.text:_pproc_diouxp</name>
         <load_address>0x803d60</load_address>
         <run_address>0x803d60</run_address>
         <size>0x240</size>
         <input_file_ref idref="fl-2c"/>
      </object_component>
      <object_component id="oc-254">
         <name>.text:_pproc_str</name>
         <load_address>0x803fa0</load_address>
         <run_address>0x803fa0</run_address>
         <size>0x240</size>
         <input_file_ref idref="fl-2c"/>
      </object_component>
      <object_component id="oc-381">
         <name>.text:acvt</name>
         <load_address>0x8041e0</load_address>
         <run_address>0x8041e0</run_address>
         <size>0x240</size>
         <input_file_ref idref="fl-2c"/>
      </object_component>
      <object_component id="oc-2c1">
         <name>.text:setvbuf</name>
         <load_address>0x804420</load_address>
         <run_address>0x804420</run_address>
         <size>0x240</size>
         <input_file_ref idref="fl-4b"/>
      </object_component>
      <object_component id="oc-37">
         <name>.text:csl_section:intc:CSL_intcOpen</name>
         <load_address>0x804660</load_address>
         <run_address>0x804660</run_address>
         <size>0x220</size>
         <input_file_ref idref="fl-56"/>
      </object_component>
      <object_component id="oc-4a">
         <name>.text:csl_section:intc:_CSL_intcEvent0Dispatcher</name>
         <load_address>0x804880</load_address>
         <run_address>0x804880</run_address>
         <size>0x220</size>
         <input_file_ref idref="fl-58"/>
      </object_component>
      <object_component id="oc-45">
         <name>.text:csl_section:intc:_CSL_intcEvent1Dispatcher</name>
         <load_address>0x804aa0</load_address>
         <run_address>0x804aa0</run_address>
         <size>0x220</size>
         <input_file_ref idref="fl-58"/>
      </object_component>
      <object_component id="oc-40">
         <name>.text:csl_section:intc:_CSL_intcEvent2Dispatcher</name>
         <load_address>0x804cc0</load_address>
         <run_address>0x804cc0</run_address>
         <size>0x220</size>
         <input_file_ref idref="fl-58"/>
      </object_component>
      <object_component id="oc-36">
         <name>.text:csl_section:intc:_CSL_intcEvent3Dispatcher</name>
         <load_address>0x804ee0</load_address>
         <run_address>0x804ee0</run_address>
         <size>0x220</size>
         <input_file_ref idref="fl-58"/>
      </object_component>
      <object_component id="oc-234">
         <name>.text:fputc</name>
         <load_address>0x805100</load_address>
         <run_address>0x805100</run_address>
         <size>0x220</size>
         <input_file_ref idref="fl-35"/>
      </object_component>
      <object_component id="oc-2e7">
         <name>.text:_pconv_g</name>
         <load_address>0x805320</load_address>
         <run_address>0x805320</run_address>
         <size>0x200</size>
         <input_file_ref idref="fl-2c"/>
      </object_component>
      <object_component id="oc-428">
         <name>.text:__c6xabi_divul</name>
         <load_address>0x805520</load_address>
         <run_address>0x805520</run_address>
         <size>0x1e0</size>
         <input_file_ref idref="fl-39"/>
      </object_component>
      <object_component id="oc-4f">
         <name>.text:csl_section:intc:_CSL_intcDispatcher</name>
         <load_address>0x805700</load_address>
         <run_address>0x805700</run_address>
         <size>0x1e0</size>
         <input_file_ref idref="fl-59"/>
      </object_component>
      <object_component id="oc-3dc">
         <name>.text:HOSTrename</name>
         <load_address>0x8058e0</load_address>
         <run_address>0x8058e0</run_address>
         <size>0x1a0</size>
         <input_file_ref idref="fl-44"/>
      </object_component>
      <object_component id="oc-2f9">
         <name>.text:_pconv_a</name>
         <load_address>0x805a80</load_address>
         <run_address>0x805a80</run_address>
         <size>0x1a0</size>
         <input_file_ref idref="fl-2c"/>
      </object_component>
      <object_component id="oc-37b">
         <name>.text:frexp</name>
         <load_address>0x805c20</load_address>
         <run_address>0x805c20</run_address>
         <size>0x1a0</size>
         <input_file_ref idref="fl-38"/>
      </object_component>
      <object_component id="oc-d3">
         <name>.text</name>
         <load_address>0x805dc0</load_address>
         <run_address>0x805dc0</run_address>
         <size>0x180</size>
         <input_file_ref idref="fl-4"/>
      </object_component>
      <object_component id="oc-329">
         <name>.text:malloc</name>
         <load_address>0x805f40</load_address>
         <run_address>0x805f40</run_address>
         <size>0x180</size>
         <input_file_ref idref="fl-4d"/>
      </object_component>
      <object_component id="oc-65">
         <name>.text:__TI_decompress_rle_core</name>
         <load_address>0x8060c0</load_address>
         <run_address>0x8060c0</run_address>
         <size>0x160</size>
         <input_file_ref idref="fl-26"/>
      </object_component>
      <object_component id="oc-360">
         <name>.text:_mcpy</name>
         <load_address>0x806220</load_address>
         <run_address>0x806220</run_address>
         <size>0x160</size>
         <input_file_ref idref="fl-2c"/>
      </object_component>
      <object_component id="oc-138">
         <name>.text:CSL_chipReadReg</name>
         <load_address>0x806380</load_address>
         <run_address>0x806380</run_address>
         <size>0x140</size>
         <input_file_ref idref="fl-50"/>
      </object_component>
      <object_component id="oc-398">
         <name>.text:__TI_closefile</name>
         <load_address>0x8064c0</load_address>
         <run_address>0x8064c0</run_address>
         <size>0x140</size>
         <input_file_ref idref="fl-4e"/>
      </object_component>
      <object_component id="oc-8a">
         <name>.text:_auto_init_elf</name>
         <load_address>0x806600</load_address>
         <run_address>0x806600</run_address>
         <size>0x140</size>
         <input_file_ref idref="fl-2f"/>
      </object_component>
      <object_component id="oc-50">
         <name>.text:csl_section:intc:CSL_intcInit</name>
         <load_address>0x806740</load_address>
         <run_address>0x806740</run_address>
         <size>0x140</size>
         <input_file_ref idref="fl-55"/>
      </object_component>
      <object_component id="oc-b4">
         <name>.text:csl_section:intc</name>
         <load_address>0x806880</load_address>
         <run_address>0x806880</run_address>
         <size>0x140</size>
         <input_file_ref idref="fl-51"/>
      </object_component>
      <object_component id="oc-492">
         <name>.text:getdevice</name>
         <load_address>0x8069c0</load_address>
         <run_address>0x8069c0</run_address>
         <size>0x140</size>
         <input_file_ref idref="fl-3e"/>
      </object_component>
      <object_component id="oc-410">
         <name>.text:ldexp</name>
         <load_address>0x806b00</load_address>
         <run_address>0x806b00</run_address>
         <size>0x140</size>
         <input_file_ref idref="fl-3c"/>
      </object_component>
      <object_component id="oc-2bb">
         <name>.text:fseek</name>
         <load_address>0x806c40</load_address>
         <run_address>0x806c40</run_address>
         <size>0x120</size>
         <input_file_ref idref="fl-4a"/>
      </object_component>
      <object_component id="oc-3d0">
         <name>.text:HOSTlseek</name>
         <load_address>0x806d60</load_address>
         <run_address>0x806d60</run_address>
         <size>0x100</size>
         <input_file_ref idref="fl-44"/>
      </object_component>
      <object_component id="oc-27b">
         <name>.text:__TI_wrt_ok</name>
         <load_address>0x806e60</load_address>
         <run_address>0x806e60</run_address>
         <size>0x100</size>
         <input_file_ref idref="fl-46"/>
      </object_component>
      <object_component id="oc-307">
         <name>.text:_ltostr</name>
         <load_address>0x806f60</load_address>
         <run_address>0x806f60</run_address>
         <size>0x100</size>
         <input_file_ref idref="fl-2c"/>
      </object_component>
      <object_component id="oc-242">
         <name>.text:_pproc_fflags</name>
         <load_address>0x807060</load_address>
         <run_address>0x807060</run_address>
         <size>0x100</size>
         <input_file_ref idref="fl-2c"/>
      </object_component>
      <object_component id="oc-298">
         <name>.text:atoi</name>
         <load_address>0x807160</load_address>
         <run_address>0x807160</run_address>
         <size>0x100</size>
         <input_file_ref idref="fl-2e"/>
      </object_component>
      <object_component id="oc-e6">
         <name>.text:copy_in</name>
         <load_address>0x807260</load_address>
         <run_address>0x807260</run_address>
         <size>0x100</size>
         <input_file_ref idref="fl-30"/>
      </object_component>
      <object_component id="oc-3b8">
         <name>.text:HOSTopen</name>
         <load_address>0x807360</load_address>
         <run_address>0x807360</run_address>
         <size>0xe0</size>
         <input_file_ref idref="fl-44"/>
      </object_component>
      <object_component id="oc-3ca">
         <name>.text:HOSTwrite</name>
         <load_address>0x807440</load_address>
         <run_address>0x807440</run_address>
         <size>0xe0</size>
         <input_file_ref idref="fl-44"/>
      </object_component>
      <object_component id="oc-389">
         <name>.text:_div</name>
         <load_address>0x807520</load_address>
         <run_address>0x807520</run_address>
         <size>0xe0</size>
         <input_file_ref idref="fl-2c"/>
      </object_component>
      <object_component id="oc-437">
         <name>.text:close</name>
         <load_address>0x807600</load_address>
         <run_address>0x807600</run_address>
         <size>0xe0</size>
         <input_file_ref idref="fl-3e"/>
      </object_component>
      <object_component id="oc-1f">
         <name>.text:decompress:ZI:__TI_zero_init</name>
         <load_address>0x8076e0</load_address>
         <run_address>0x8076e0</run_address>
         <size>0xe0</size>
         <input_file_ref idref="fl-27"/>
      </object_component>
      <object_component id="oc-3e6">
         <name>.text:ltoa</name>
         <load_address>0x8077c0</load_address>
         <run_address>0x8077c0</run_address>
         <size>0xe0</size>
         <input_file_ref idref="fl-3f"/>
      </object_component>
      <object_component id="oc-292">
         <name>.text:memset</name>
         <load_address>0x8078a0</load_address>
         <run_address>0x8078a0</run_address>
         <size>0xe0</size>
         <input_file_ref idref="fl-41"/>
      </object_component>
      <object_component id="oc-143">
         <name>.text:printf</name>
         <load_address>0x807980</load_address>
         <run_address>0x807980</run_address>
         <size>0xe0</size>
         <input_file_ref idref="fl-2a"/>
      </object_component>
      <object_component id="oc-3c4">
         <name>.text:HOSTread</name>
         <load_address>0x807a60</load_address>
         <run_address>0x807a60</run_address>
         <size>0xc0</size>
         <input_file_ref idref="fl-44"/>
      </object_component>
      <object_component id="oc-3d6">
         <name>.text:HOSTunlink</name>
         <load_address>0x807b20</load_address>
         <run_address>0x807b20</run_address>
         <size>0xc0</size>
         <input_file_ref idref="fl-44"/>
      </object_component>
      <object_component id="oc-287">
         <name>.text:__TI_doflush</name>
         <load_address>0x807be0</load_address>
         <run_address>0x807be0</run_address>
         <size>0xc0</size>
         <input_file_ref idref="fl-49"/>
      </object_component>
      <object_component id="oc-423">
         <name>.text:__divu</name>
         <load_address>0x807ca0</load_address>
         <run_address>0x807ca0</run_address>
         <size>0xc0</size>
         <input_file_ref idref="fl-34"/>
      </object_component>
      <object_component id="oc-35a">
         <name>.text:_ecpy</name>
         <load_address>0x807d60</load_address>
         <run_address>0x807d60</run_address>
         <size>0xc0</size>
         <input_file_ref idref="fl-2c"/>
      </object_component>
      <object_component id="oc-1ae">
         <name>.text:csl_section:intc:CSL_intcPlugEventHandler</name>
         <load_address>0x807e20</load_address>
         <run_address>0x807e20</run_address>
         <size>0xc0</size>
         <input_file_ref idref="fl-57"/>
      </object_component>
      <object_component id="oc-84">
         <name>.text:exit</name>
         <load_address>0x807ee0</load_address>
         <run_address>0x807ee0</run_address>
         <size>0xc0</size>
         <input_file_ref idref="fl-28"/>
      </object_component>
      <object_component id="oc-3a8">
         <name>.text:minsert</name>
         <load_address>0x807fa0</load_address>
         <run_address>0x807fa0</run_address>
         <size>0xc0</size>
         <input_file_ref idref="fl-4d"/>
      </object_component>
      <object_component id="oc-3a2">
         <name>.text:mremove</name>
         <load_address>0x808060</load_address>
         <run_address>0x808060</run_address>
         <size>0xc0</size>
         <input_file_ref idref="fl-4d"/>
      </object_component>
      <object_component id="oc-ec">
         <name>.text:tls:init:__TI_tls_init</name>
         <load_address>0x808120</load_address>
         <run_address>0x808120</run_address>
         <size>0xc0</size>
         <input_file_ref idref="fl-42"/>
      </object_component>
      <object_component id="oc-3be">
         <name>.text:HOSTclose</name>
         <load_address>0x8081e0</load_address>
         <run_address>0x8081e0</run_address>
         <size>0xa0</size>
         <input_file_ref idref="fl-44"/>
      </object_component>
      <object_component id="oc-31d">
         <name>.text:__TI_cleanup</name>
         <load_address>0x808280</load_address>
         <run_address>0x808280</run_address>
         <size>0xa0</size>
         <input_file_ref idref="fl-4c"/>
      </object_component>
      <object_component id="oc-36d">
         <name>.text:_fcpy</name>
         <load_address>0x808320</load_address>
         <run_address>0x808320</run_address>
         <size>0xa0</size>
         <input_file_ref idref="fl-2c"/>
      </object_component>
      <object_component id="oc-3af">
         <name>.text:_minit</name>
         <load_address>0x8083c0</load_address>
         <run_address>0x8083c0</run_address>
         <size>0xa0</size>
         <input_file_ref idref="fl-4d"/>
      </object_component>
      <object_component id="oc-2ed">
         <name>.text:_pconv_f</name>
         <load_address>0x808460</load_address>
         <run_address>0x808460</run_address>
         <size>0xa0</size>
         <input_file_ref idref="fl-2c"/>
      </object_component>
      <object_component id="oc-59">
         <name>.text:memcpy</name>
         <load_address>0x808500</load_address>
         <run_address>0x808500</run_address>
         <size>0xa0</size>
         <input_file_ref idref="fl-29"/>
      </object_component>
      <object_component id="oc-454">
         <name>.text:__TI_readmsg</name>
         <load_address>0x8085a0</load_address>
         <run_address>0x8085a0</run_address>
         <size>0x80</size>
         <input_file_ref idref="fl-45"/>
      </object_component>
      <object_component id="oc-44e">
         <name>.text:__TI_writemsg</name>
         <load_address>0x808620</load_address>
         <run_address>0x808620</run_address>
         <size>0x80</size>
         <input_file_ref idref="fl-45"/>
      </object_component>
      <object_component id="oc-483">
         <name>.text:__c6xabi_llshl</name>
         <load_address>0x8086a0</load_address>
         <run_address>0x8086a0</run_address>
         <size>0x80</size>
         <input_file_ref idref="fl-3d"/>
      </object_component>
      <object_component id="oc-4b3">
         <name>.text:finddevice</name>
         <load_address>0x808720</load_address>
         <run_address>0x808720</run_address>
         <size>0x80</size>
         <input_file_ref idref="fl-3e"/>
      </object_component>
      <object_component id="oc-41c">
         <name>.text:incr_hex</name>
         <load_address>0x8087a0</load_address>
         <run_address>0x8087a0</run_address>
         <size>0x80</size>
         <input_file_ref idref="fl-2c"/>
      </object_component>
      <object_component id="oc-43d">
         <name>.text:unlink</name>
         <load_address>0x808820</load_address>
         <run_address>0x808820</run_address>
         <size>0x80</size>
         <input_file_ref idref="fl-3e"/>
      </object_component>
      <object_component id="oc-3f7">
         <name>.text:__TI_frcmpyd_div</name>
         <load_address>0x8088a0</load_address>
         <run_address>0x8088a0</run_address>
         <size>0x60</size>
         <input_file_ref idref="fl-37"/>
      </object_component>
      <object_component id="oc-3f1">
         <name>.text:__c6xabi_llshru</name>
         <load_address>0x808900</load_address>
         <run_address>0x808900</run_address>
         <size>0x60</size>
         <input_file_ref idref="fl-3d"/>
      </object_component>
      <object_component id="oc-25">
         <name>.text:_c_int00</name>
         <load_address>0x808960</load_address>
         <run_address>0x808960</run_address>
         <size>0x60</size>
         <input_file_ref idref="fl-24"/>
      </object_component>
      <object_component id="oc-489">
         <name>.text:_subcull</name>
         <load_address>0x8089c0</load_address>
         <run_address>0x8089c0</run_address>
         <size>0x60</size>
         <input_file_ref idref="fl-3a"/>
      </object_component>
      <object_component id="oc-315">
         <name>.text:lseek</name>
         <load_address>0x808a20</load_address>
         <run_address>0x808a20</run_address>
         <size>0x60</size>
         <input_file_ref idref="fl-3e"/>
      </object_component>
      <object_component id="oc-2ab">
         <name>.text:memccpy</name>
         <load_address>0x808a80</load_address>
         <run_address>0x808a80</run_address>
         <size>0x60</size>
         <input_file_ref idref="fl-40"/>
      </object_component>
      <object_component id="oc-416">
         <name>.text:val_hex</name>
         <load_address>0x808ae0</load_address>
         <run_address>0x808ae0</run_address>
         <size>0x60</size>
         <input_file_ref idref="fl-2c"/>
      </object_component>
      <object_component id="oc-281">
         <name>.text:write</name>
         <load_address>0x808b40</load_address>
         <run_address>0x808b40</run_address>
         <size>0x60</size>
         <input_file_ref idref="fl-3e"/>
      </object_component>
      <object_component id="oc-2e1">
         <name>.text:__c6xabi_isinf</name>
         <load_address>0x808ba0</load_address>
         <run_address>0x808ba0</run_address>
         <size>0x40</size>
         <input_file_ref idref="fl-3b"/>
      </object_component>
      <object_component id="oc-2db">
         <name>.text:__c6xabi_isnan</name>
         <load_address>0x808be0</load_address>
         <run_address>0x808be0</run_address>
         <size>0x40</size>
         <input_file_ref idref="fl-2c"/>
      </object_component>
      <object_component id="oc-7e">
         <name>.text:_args_main</name>
         <load_address>0x808c20</load_address>
         <run_address>0x808c20</run_address>
         <size>0x40</size>
         <input_file_ref idref="fl-2d"/>
      </object_component>
      <object_component id="oc-408">
         <name>.text:__c6xabi_errno_addr</name>
         <load_address>0x808c60</load_address>
         <run_address>0x808c60</run_address>
         <size>0x20</size>
         <input_file_ref idref="fl-48"/>
      </object_component>
      <object_component id="oc-225">
         <name>.text:_nop</name>
         <load_address>0x808c80</load_address>
         <run_address>0x808c80</run_address>
         <size>0x20</size>
         <input_file_ref idref="fl-2b"/>
      </object_component>
      <object_component id="oc-1c7">
         <name>.text:_outc</name>
         <load_address>0x808ca0</load_address>
         <run_address>0x808ca0</run_address>
         <size>0x20</size>
         <input_file_ref idref="fl-2a"/>
      </object_component>
      <object_component id="oc-1cd">
         <name>.text:_outs</name>
         <load_address>0x808cc0</load_address>
         <run_address>0x808cc0</run_address>
         <size>0x20</size>
         <input_file_ref idref="fl-2a"/>
      </object_component>
      <object_component id="oc-de">
         <name>.text:abort</name>
         <load_address>0x808ce0</load_address>
         <run_address>0x808ce0</run_address>
         <size>0x20</size>
         <input_file_ref idref="fl-28"/>
      </object_component>
      <object_component id="oc-9f">
         <name>.text:csl_section:intc:CSL_intcHookIsr</name>
         <load_address>0x808d00</load_address>
         <run_address>0x808d00</run_address>
         <size>0x20</size>
         <input_file_ref idref="fl-5b"/>
      </object_component>
      <object_component id="oc-af">
         <name>.text:csl_section:intc</name>
         <load_address>0x808d20</load_address>
         <run_address>0x808d20</run_address>
         <size>0x20</size>
         <input_file_ref idref="fl-5a"/>
      </object_component>
      <object_component id="oc-13">
         <name>.text:decompress:none:__TI_decompress_none</name>
         <load_address>0x808d40</load_address>
         <run_address>0x808d40</run_address>
         <size>0x20</size>
         <input_file_ref idref="fl-25"/>
      </object_component>
      <object_component id="oc-19">
         <name>.text:decompress:rle24:__TI_decompress_rle24</name>
         <load_address>0x808d60</load_address>
         <run_address>0x808d60</run_address>
         <size>0x20</size>
         <input_file_ref idref="fl-26"/>
      </object_component>
      <object_component id="oc-4e4">
         <name>.cinit..fardata.load</name>
         <load_address>0x80dd80</load_address>
         <run_address>0x80dd80</run_address>
         <size>0x131</size>
      </object_component>
      <object_component id="oc-4e0">
         <name>__TI_handler_table</name>
         <load_address>0x80deb4</load_address>
         <run_address>0x80deb4</run_address>
         <size>0xc</size>
      </object_component>
      <object_component id="oc-4e2">
         <name>.cinit..bss.load</name>
         <load_address>0x80dec0</load_address>
         <run_address>0x80dec0</run_address>
         <size>0x9</size>
      </object_component>
      <object_component id="oc-4e3">
         <name>.cinit..far.load</name>
         <load_address>0x80decc</load_address>
         <run_address>0x80decc</run_address>
         <size>0x8</size>
      </object_component>
      <object_component id="oc-4e1">
         <name>__TI_cinit_table</name>
         <load_address>0x80ded8</load_address>
         <run_address>0x80ded8</run_address>
         <size>0x18</size>
      </object_component>
      <object_component id="oc-1a4">
         <name>.const:.string</name>
         <load_address>0x80d828</load_address>
         <run_address>0x80d828</run_address>
         <size>0x1c0</size>
         <input_file_ref idref="fl-3"/>
      </object_component>
      <object_component id="oc-2d6">
         <name>.const:.string:_ctypes_</name>
         <load_address>0x80d9e8</load_address>
         <run_address>0x80d9e8</run_address>
         <size>0x101</size>
         <input_file_ref idref="fl-31"/>
      </object_component>
      <object_component id="oc-2b1">
         <name>.const:.string</name>
         <load_address>0x80daec</load_address>
         <run_address>0x80daec</run_address>
         <size>0x24</size>
         <input_file_ref idref="fl-2c"/>
      </object_component>
      <object_component id="oc-14b">
         <name>.const:.string</name>
         <load_address>0x80db10</load_address>
         <run_address>0x80db10</run_address>
         <size>0x1c</size>
         <input_file_ref idref="fl-4"/>
      </object_component>
      <object_component id="oc-194">
         <name>.switch:CSL_chipReadReg</name>
         <load_address>0x80dc50</load_address>
         <run_address>0x80dc50</run_address>
         <size>0x70</size>
         <input_file_ref idref="fl-50"/>
      </object_component>
      <object_component id="oc-2ff">
         <name>.switch:_pproc_fgea</name>
         <load_address>0x80dcc0</load_address>
         <run_address>0x80dcc0</run_address>
         <size>0x38</size>
         <input_file_ref idref="fl-2c"/>
      </object_component>
      <object_component id="oc-222">
         <name>.switch:CSL_intcHwControl</name>
         <load_address>0x80dcf8</load_address>
         <run_address>0x80dcf8</run_address>
         <size>0x1c</size>
         <input_file_ref idref="fl-54"/>
      </object_component>
      <object_component id="oc-9e">
         <name>.switch:CSL_intcOpen</name>
         <load_address>0x80dd14</load_address>
         <run_address>0x80dd14</run_address>
         <size>0x10</size>
         <input_file_ref idref="fl-56"/>
      </object_component>
      <object_component id="oc-30">
         <name>.stack</name>
         <uninitialized>true</uninitialized>
         <run_address>0x808d80</run_address>
         <size>0x8</size>
         <input_file_ref idref="fl-24"/>
      </object_component>
      <object_component id="oc-4e5">
         <name>.stack</name>
         <uninitialized>true</uninitialized>
         <run_address>0x808d80</run_address>
         <size>0x0</size>
      </object_component>
      <object_component id="oc-9b">
         <name>.bss:csl_section:intc:uninit</name>
         <load_address>0x80dd24</load_address>
         <run_address>0x80dd24</run_address>
         <size>0x4c</size>
         <input_file_ref idref="fl-53"/>
      </object_component>
      <object_component id="oc-98">
         <name>.bss:csl_section:intc:init</name>
         <load_address>0x80dd70</load_address>
         <run_address>0x80dd70</run_address>
         <size>0x8</size>
         <input_file_ref idref="fl-53"/>
      </object_component>
      <object_component id="oc-19f">
         <name>.common:state</name>
         <load_address>0x80dd78</load_address>
         <run_address>0x80dd78</run_address>
         <size>0x4</size>
      </object_component>
      <object_component id="oc-19e">
         <name>.common:context</name>
         <uninitialized>true</uninitialized>
         <run_address>0x80d2c0</run_address>
         <size>0x98</size>
      </object_component>
      <object_component id="oc-19b">
         <name>.common:Record</name>
         <uninitialized>true</uninitialized>
         <run_address>0x80cd80</run_address>
         <size>0x400</size>
      </object_component>
      <object_component id="oc-1a7">
         <name>.common:EventRecord</name>
         <uninitialized>true</uninitialized>
         <run_address>0x80d438</run_address>
         <size>0x8</size>
      </object_component>
      <object_component id="oc-1a0">
         <name>.common:coreVector</name>
         <uninitialized>true</uninitialized>
         <run_address>0x80d418</run_address>
         <size>0x20</size>
      </object_component>
      <object_component id="oc-1a5">
         <name>.common:intcObj</name>
         <uninitialized>true</uninitialized>
         <run_address>0x80d358</run_address>
         <size>0x80</size>
      </object_component>
      <object_component id="oc-1a6">
         <name>.common:hintc</name>
         <uninitialized>true</uninitialized>
         <run_address>0x80d3d8</run_address>
         <size>0x40</size>
      </object_component>
      <object_component id="oc-443">
         <name>.common:__TI_tmpnams</name>
         <uninitialized>true</uninitialized>
         <run_address>0x80d180</run_address>
         <size>0x140</size>
      </object_component>
      <object_component id="oc-44b">
         <name>.common:parmbuf</name>
         <uninitialized>true</uninitialized>
         <run_address>0x80d440</run_address>
         <size>0x8</size>
      </object_component>
      <object_component id="oc-1a8">
         <name>.fardata:iIPCGRInfo</name>
         <load_address>0x80d7e0</load_address>
         <run_address>0x80d7e0</run_address>
         <size>0x20</size>
         <input_file_ref idref="fl-3"/>
      </object_component>
      <object_component id="oc-1ab">
         <name>.fardata:iIPCARInfo</name>
         <load_address>0x80d7c0</load_address>
         <run_address>0x80d7c0</run_address>
         <size>0x20</size>
         <input_file_ref idref="fl-3"/>
      </object_component>
      <object_component id="oc-1a1">
         <name>.fardata:intInfo</name>
         <load_address>0x80d6c8</load_address>
         <run_address>0x80d6c8</run_address>
         <size>0x80</size>
         <input_file_ref idref="fl-3"/>
      </object_component>
      <object_component id="oc-db">
         <name>.fardata</name>
         <load_address>0x80d800</load_address>
         <run_address>0x80d800</run_address>
         <size>0xc</size>
         <input_file_ref idref="fl-28"/>
      </object_component>
      <object_component id="oc-1be">
         <name>.fardata:_lock</name>
         <load_address>0x80d818</load_address>
         <run_address>0x80d818</run_address>
         <size>0x4</size>
         <input_file_ref idref="fl-2b"/>
      </object_component>
      <object_component id="oc-1c4">
         <name>.fardata:_unlock</name>
         <load_address>0x80d81c</load_address>
         <run_address>0x80d81c</run_address>
         <size>0x4</size>
         <input_file_ref idref="fl-2b"/>
      </object_component>
      <object_component id="oc-1c1">
         <name>.fardata:_ftable</name>
         <load_address>0x80d448</load_address>
         <run_address>0x80d448</run_address>
         <size>0x1e0</size>
         <input_file_ref idref="fl-32"/>
      </object_component>
      <object_component id="oc-395">
         <name>.fardata</name>
         <load_address>0x80d820</load_address>
         <run_address>0x80d820</run_address>
         <size>0x4</size>
         <input_file_ref idref="fl-32"/>
      </object_component>
      <object_component id="oc-338">
         <name>.fardata:_device</name>
         <load_address>0x80d748</load_address>
         <run_address>0x80d748</run_address>
         <size>0x78</size>
         <input_file_ref idref="fl-3e"/>
      </object_component>
      <object_component id="oc-2c9">
         <name>.fardata:_stream</name>
         <load_address>0x80d628</load_address>
         <run_address>0x80d628</run_address>
         <size>0xa0</size>
         <input_file_ref idref="fl-3e"/>
      </object_component>
      <object_component id="oc-475">
         <name>.fardata</name>
         <load_address>0x80d824</load_address>
         <run_address>0x80d824</run_address>
         <size>0x4</size>
         <input_file_ref idref="fl-48"/>
      </object_component>
      <object_component id="oc-39f">
         <name>.fardata</name>
         <load_address>0x80d80c</load_address>
         <run_address>0x80d80c</run_address>
         <size>0xc</size>
         <input_file_ref idref="fl-4d"/>
      </object_component>
      <object_component id="oc-49d">
         <name>.cio</name>
         <uninitialized>true</uninitialized>
         <run_address>0x80db30</run_address>
         <size>0x120</size>
         <input_file_ref idref="fl-45"/>
      </object_component>
      <object_component id="oc-33">
         <name>.sysmem</name>
         <uninitialized>true</uninitialized>
         <run_address>0x80ad80</run_address>
         <size>0x8</size>
         <input_file_ref idref="fl-4d"/>
      </object_component>
      <object_component id="oc-4e6">
         <name>.sysmem</name>
         <uninitialized>true</uninitialized>
         <run_address>0x80ad80</run_address>
         <size>0x0</size>
      </object_component>
      <object_component id="oc-2c">
         <name>.debug_info</name>
         <load_address>0x0</load_address>
         <run_address>0x0</run_address>
         <size>0xd5</size>
         <input_file_ref idref="fl-2"/>
      </object_component>
      <object_component id="oc-19c">
         <name>.debug_info</name>
         <load_address>0xd5</load_address>
         <run_address>0xd5</run_address>
         <size>0x735</size>
         <input_file_ref idref="fl-3"/>
      </object_component>
      <object_component id="oc-1a9">
         <name>.debug_info</name>
         <load_address>0x80a</load_address>
         <run_address>0x80a</run_address>
         <size>0xd4</size>
         <input_file_ref idref="fl-3"/>
      </object_component>
      <object_component id="oc-1ac">
         <name>.debug_info</name>
         <load_address>0x8de</load_address>
         <run_address>0x8de</run_address>
         <size>0xd4</size>
         <input_file_ref idref="fl-3"/>
      </object_component>
      <object_component id="oc-1a2">
         <name>.debug_info</name>
         <load_address>0x9b2</load_address>
         <run_address>0x9b2</run_address>
         <size>0xce</size>
         <input_file_ref idref="fl-3"/>
      </object_component>
      <object_component id="oc-13e">
         <name>.debug_info</name>
         <load_address>0xa80</load_address>
         <run_address>0xa80</run_address>
         <size>0x9a0</size>
         <input_file_ref idref="fl-3"/>
      </object_component>
      <object_component id="oc-1b9">
         <name>.debug_info</name>
         <load_address>0x1420</load_address>
         <run_address>0x1420</run_address>
         <size>0x357</size>
         <input_file_ref idref="fl-3"/>
      </object_component>
      <object_component id="oc-1ec">
         <name>.debug_info</name>
         <load_address>0x1777</load_address>
         <run_address>0x1777</run_address>
         <size>0x62b</size>
         <input_file_ref idref="fl-3"/>
      </object_component>
      <object_component id="oc-1fb">
         <name>.debug_info</name>
         <load_address>0x1da2</load_address>
         <run_address>0x1da2</run_address>
         <size>0x144</size>
         <input_file_ref idref="fl-3"/>
      </object_component>
      <object_component id="oc-158">
         <name>.debug_info</name>
         <load_address>0x1ee6</load_address>
         <run_address>0x1ee6</run_address>
         <size>0x106</size>
         <input_file_ref idref="fl-3"/>
      </object_component>
      <object_component id="oc-1f6">
         <name>.debug_info</name>
         <load_address>0x1fec</load_address>
         <run_address>0x1fec</run_address>
         <size>0x11a</size>
         <input_file_ref idref="fl-3"/>
      </object_component>
      <object_component id="oc-1e2">
         <name>.debug_info</name>
         <load_address>0x2106</load_address>
         <run_address>0x2106</run_address>
         <size>0x37c</size>
         <input_file_ref idref="fl-3"/>
      </object_component>
      <object_component id="oc-1dd">
         <name>.debug_info</name>
         <load_address>0x2482</load_address>
         <run_address>0x2482</run_address>
         <size>0x1f7</size>
         <input_file_ref idref="fl-3"/>
      </object_component>
      <object_component id="oc-1e7">
         <name>.debug_info</name>
         <load_address>0x2679</load_address>
         <run_address>0x2679</run_address>
         <size>0x10b</size>
         <input_file_ref idref="fl-3"/>
      </object_component>
      <object_component id="oc-1f1">
         <name>.debug_info</name>
         <load_address>0x2784</load_address>
         <run_address>0x2784</run_address>
         <size>0xe1</size>
         <input_file_ref idref="fl-3"/>
      </object_component>
      <object_component id="oc-78">
         <name>.debug_info</name>
         <load_address>0x2865</load_address>
         <run_address>0x2865</run_address>
         <size>0x88</size>
         <input_file_ref idref="fl-3"/>
      </object_component>
      <object_component id="oc-153">
         <name>.debug_info</name>
         <load_address>0x28ed</load_address>
         <run_address>0x28ed</run_address>
         <size>0xbb</size>
         <input_file_ref idref="fl-3"/>
      </object_component>
      <object_component id="oc-14d">
         <name>.debug_info</name>
         <load_address>0x29a8</load_address>
         <run_address>0x29a8</run_address>
         <size>0x1d9</size>
         <input_file_ref idref="fl-3"/>
      </object_component>
      <object_component id="oc-25c">
         <name>.debug_info</name>
         <load_address>0x2b81</load_address>
         <run_address>0x2b81</run_address>
         <size>0x2c</size>
         <input_file_ref idref="fl-3"/>
      </object_component>
      <object_component id="oc-152">
         <name>.debug_info</name>
         <load_address>0x2bad</load_address>
         <run_address>0x2bad</run_address>
         <size>0x511</size>
         <input_file_ref idref="fl-4"/>
      </object_component>
      <object_component id="oc-d4">
         <name>.debug_info</name>
         <load_address>0x30be</load_address>
         <run_address>0x30be</run_address>
         <size>0x38d</size>
         <input_file_ref idref="fl-4"/>
      </object_component>
      <object_component id="oc-94">
         <name>.debug_info</name>
         <load_address>0x344b</load_address>
         <run_address>0x344b</run_address>
         <size>0x13b</size>
         <input_file_ref idref="fl-24"/>
      </object_component>
      <object_component id="oc-31">
         <name>.debug_info</name>
         <load_address>0x3586</load_address>
         <run_address>0x3586</run_address>
         <size>0xec</size>
         <input_file_ref idref="fl-24"/>
      </object_component>
      <object_component id="oc-29">
         <name>.debug_info</name>
         <load_address>0x3672</load_address>
         <run_address>0x3672</run_address>
         <size>0x151</size>
         <input_file_ref idref="fl-24"/>
      </object_component>
      <object_component id="oc-64">
         <name>.debug_info</name>
         <load_address>0x37c3</load_address>
         <run_address>0x37c3</run_address>
         <size>0x132</size>
         <input_file_ref idref="fl-25"/>
      </object_component>
      <object_component id="oc-15">
         <name>.debug_info</name>
         <load_address>0x38f5</load_address>
         <run_address>0x38f5</run_address>
         <size>0x1c3</size>
         <input_file_ref idref="fl-25"/>
      </object_component>
      <object_component id="oc-5f">
         <name>.debug_info</name>
         <load_address>0x3ab8</load_address>
         <run_address>0x3ab8</run_address>
         <size>0x46</size>
         <input_file_ref idref="fl-25"/>
      </object_component>
      <object_component id="oc-c2">
         <name>.debug_info</name>
         <load_address>0x3afe</load_address>
         <run_address>0x3afe</run_address>
         <size>0x2c</size>
         <input_file_ref idref="fl-25"/>
      </object_component>
      <object_component id="oc-6c">
         <name>.debug_info</name>
         <load_address>0x3b2a</load_address>
         <run_address>0x3b2a</run_address>
         <size>0x22c</size>
         <input_file_ref idref="fl-26"/>
      </object_component>
      <object_component id="oc-67">
         <name>.debug_info</name>
         <load_address>0x3d56</load_address>
         <run_address>0x3d56</run_address>
         <size>0x2d4</size>
         <input_file_ref idref="fl-26"/>
      </object_component>
      <object_component id="oc-1b">
         <name>.debug_info</name>
         <load_address>0x402a</load_address>
         <run_address>0x402a</run_address>
         <size>0x1ad</size>
         <input_file_ref idref="fl-26"/>
      </object_component>
      <object_component id="oc-6d">
         <name>.debug_info</name>
         <load_address>0x41d7</load_address>
         <run_address>0x41d7</run_address>
         <size>0x39</size>
         <input_file_ref idref="fl-26"/>
      </object_component>
      <object_component id="oc-cc">
         <name>.debug_info</name>
         <load_address>0x4210</load_address>
         <run_address>0x4210</run_address>
         <size>0x2c</size>
         <input_file_ref idref="fl-26"/>
      </object_component>
      <object_component id="oc-7d">
         <name>.debug_info</name>
         <load_address>0x423c</load_address>
         <run_address>0x423c</run_address>
         <size>0x222</size>
         <input_file_ref idref="fl-27"/>
      </object_component>
      <object_component id="oc-20">
         <name>.debug_info</name>
         <load_address>0x445e</load_address>
         <run_address>0x445e</run_address>
         <size>0x21b</size>
         <input_file_ref idref="fl-27"/>
      </object_component>
      <object_component id="oc-73">
         <name>.debug_info</name>
         <load_address>0x4679</load_address>
         <run_address>0x4679</run_address>
         <size>0x46</size>
         <input_file_ref idref="fl-27"/>
      </object_component>
      <object_component id="oc-e5">
         <name>.debug_info</name>
         <load_address>0x46bf</load_address>
         <run_address>0x46bf</run_address>
         <size>0x154</size>
         <input_file_ref idref="fl-28"/>
      </object_component>
      <object_component id="oc-dc">
         <name>.debug_info</name>
         <load_address>0x4813</load_address>
         <run_address>0x4813</run_address>
         <size>0x17c</size>
         <input_file_ref idref="fl-28"/>
      </object_component>
      <object_component id="oc-df">
         <name>.debug_info</name>
         <load_address>0x498f</load_address>
         <run_address>0x498f</run_address>
         <size>0x10e</size>
         <input_file_ref idref="fl-28"/>
      </object_component>
      <object_component id="oc-85">
         <name>.debug_info</name>
         <load_address>0x4a9d</load_address>
         <run_address>0x4a9d</run_address>
         <size>0x16e</size>
         <input_file_ref idref="fl-28"/>
      </object_component>
      <object_component id="oc-5b">
         <name>.debug_info</name>
         <load_address>0x4c0b</load_address>
         <run_address>0x4c0b</run_address>
         <size>0x118</size>
         <input_file_ref idref="fl-29"/>
      </object_component>
      <object_component id="oc-1da">
         <name>.debug_info</name>
         <load_address>0x4d23</load_address>
         <run_address>0x4d23</run_address>
         <size>0x222</size>
         <input_file_ref idref="fl-2a"/>
      </object_component>
      <object_component id="oc-1cb">
         <name>.debug_info</name>
         <load_address>0x4f45</load_address>
         <run_address>0x4f45</run_address>
         <size>0x143</size>
         <input_file_ref idref="fl-2a"/>
      </object_component>
      <object_component id="oc-1cf">
         <name>.debug_info</name>
         <load_address>0x5088</load_address>
         <run_address>0x5088</run_address>
         <size>0x152</size>
         <input_file_ref idref="fl-2a"/>
      </object_component>
      <object_component id="oc-146">
         <name>.debug_info</name>
         <load_address>0x51da</load_address>
         <run_address>0x51da</run_address>
         <size>0x18f</size>
         <input_file_ref idref="fl-2a"/>
      </object_component>
      <object_component id="oc-26d">
         <name>.debug_info</name>
         <load_address>0x5369</load_address>
         <run_address>0x5369</run_address>
         <size>0xae</size>
         <input_file_ref idref="fl-2a"/>
      </object_component>
      <object_component id="oc-22d">
         <name>.debug_info</name>
         <load_address>0x5417</load_address>
         <run_address>0x5417</run_address>
         <size>0xe5</size>
         <input_file_ref idref="fl-2b"/>
      </object_component>
      <object_component id="oc-1bf">
         <name>.debug_info</name>
         <load_address>0x54fc</load_address>
         <run_address>0x54fc</run_address>
         <size>0xeb</size>
         <input_file_ref idref="fl-2b"/>
      </object_component>
      <object_component id="oc-1c5">
         <name>.debug_info</name>
         <load_address>0x55e7</load_address>
         <run_address>0x55e7</run_address>
         <size>0xef</size>
         <input_file_ref idref="fl-2b"/>
      </object_component>
      <object_component id="oc-226">
         <name>.debug_info</name>
         <load_address>0x56d6</load_address>
         <run_address>0x56d6</run_address>
         <size>0x11a</size>
         <input_file_ref idref="fl-2b"/>
      </object_component>
      <object_component id="oc-25b">
         <name>.debug_info</name>
         <load_address>0x57f0</load_address>
         <run_address>0x57f0</run_address>
         <size>0x2c6</size>
         <input_file_ref idref="fl-2c"/>
      </object_component>
      <object_component id="oc-243">
         <name>.debug_info</name>
         <load_address>0x5ab6</load_address>
         <run_address>0x5ab6</run_address>
         <size>0x198</size>
         <input_file_ref idref="fl-2c"/>
      </object_component>
      <object_component id="oc-249">
         <name>.debug_info</name>
         <load_address>0x5c4e</load_address>
         <run_address>0x5c4e</run_address>
         <size>0x209</size>
         <input_file_ref idref="fl-2c"/>
      </object_component>
      <object_component id="oc-302">
         <name>.debug_info</name>
         <load_address>0x5e57</load_address>
         <run_address>0x5e57</run_address>
         <size>0x224</size>
         <input_file_ref idref="fl-2c"/>
      </object_component>
      <object_component id="oc-38a">
         <name>.debug_info</name>
         <load_address>0x607b</load_address>
         <run_address>0x607b</run_address>
         <size>0x1b0</size>
         <input_file_ref idref="fl-2c"/>
      </object_component>
      <object_component id="oc-308">
         <name>.debug_info</name>
         <load_address>0x622b</load_address>
         <run_address>0x622b</run_address>
         <size>0x1df</size>
         <input_file_ref idref="fl-2c"/>
      </object_component>
      <object_component id="oc-2a6">
         <name>.debug_info</name>
         <load_address>0x640a</load_address>
         <run_address>0x640a</run_address>
         <size>0x24c</size>
         <input_file_ref idref="fl-2c"/>
      </object_component>
      <object_component id="oc-2dd">
         <name>.debug_info</name>
         <load_address>0x6656</load_address>
         <run_address>0x6656</run_address>
         <size>0x226</size>
         <input_file_ref idref="fl-2c"/>
      </object_component>
      <object_component id="oc-356">
         <name>.debug_info</name>
         <load_address>0x687c</load_address>
         <run_address>0x687c</run_address>
         <size>0x229</size>
         <input_file_ref idref="fl-2c"/>
      </object_component>
      <object_component id="oc-35c">
         <name>.debug_info</name>
         <load_address>0x6aa5</load_address>
         <run_address>0x6aa5</run_address>
         <size>0x19f</size>
         <input_file_ref idref="fl-2c"/>
      </object_component>
      <object_component id="oc-362">
         <name>.debug_info</name>
         <load_address>0x6c44</load_address>
         <run_address>0x6c44</run_address>
         <size>0x216</size>
         <input_file_ref idref="fl-2c"/>
      </object_component>
      <object_component id="oc-2e9">
         <name>.debug_info</name>
         <load_address>0x6e5a</load_address>
         <run_address>0x6e5a</run_address>
         <size>0x256</size>
         <input_file_ref idref="fl-2c"/>
      </object_component>
      <object_component id="oc-369">
         <name>.debug_info</name>
         <load_address>0x70b0</load_address>
         <run_address>0x70b0</run_address>
         <size>0x221</size>
         <input_file_ref idref="fl-2c"/>
      </object_component>
      <object_component id="oc-36f">
         <name>.debug_info</name>
         <load_address>0x72d1</load_address>
         <run_address>0x72d1</run_address>
         <size>0x1fb</size>
         <input_file_ref idref="fl-2c"/>
      </object_component>
      <object_component id="oc-2ef">
         <name>.debug_info</name>
         <load_address>0x74cc</load_address>
         <run_address>0x74cc</run_address>
         <size>0x20f</size>
         <input_file_ref idref="fl-2c"/>
      </object_component>
      <object_component id="oc-2f5">
         <name>.debug_info</name>
         <load_address>0x76db</load_address>
         <run_address>0x76db</run_address>
         <size>0x27b</size>
         <input_file_ref idref="fl-2c"/>
      </object_component>
      <object_component id="oc-418">
         <name>.debug_info</name>
         <load_address>0x7956</load_address>
         <run_address>0x7956</run_address>
         <size>0x1ad</size>
         <input_file_ref idref="fl-2c"/>
      </object_component>
      <object_component id="oc-41e">
         <name>.debug_info</name>
         <load_address>0x7b03</load_address>
         <run_address>0x7b03</run_address>
         <size>0x1b8</size>
         <input_file_ref idref="fl-2c"/>
      </object_component>
      <object_component id="oc-383">
         <name>.debug_info</name>
         <load_address>0x7cbb</load_address>
         <run_address>0x7cbb</run_address>
         <size>0x2a6</size>
         <input_file_ref idref="fl-2c"/>
      </object_component>
      <object_component id="oc-2fb">
         <name>.debug_info</name>
         <load_address>0x7f61</load_address>
         <run_address>0x7f61</run_address>
         <size>0x23e</size>
         <input_file_ref idref="fl-2c"/>
      </object_component>
      <object_component id="oc-2a1">
         <name>.debug_info</name>
         <load_address>0x819f</load_address>
         <run_address>0x819f</run_address>
         <size>0x284</size>
         <input_file_ref idref="fl-2c"/>
      </object_component>
      <object_component id="oc-250">
         <name>.debug_info</name>
         <load_address>0x8423</load_address>
         <run_address>0x8423</run_address>
         <size>0x30e</size>
         <input_file_ref idref="fl-2c"/>
      </object_component>
      <object_component id="oc-256">
         <name>.debug_info</name>
         <load_address>0x8731</load_address>
         <run_address>0x8731</run_address>
         <size>0x27f</size>
         <input_file_ref idref="fl-2c"/>
      </object_component>
      <object_component id="oc-1d5">
         <name>.debug_info</name>
         <load_address>0x89b0</load_address>
         <run_address>0x89b0</run_address>
         <size>0x2b8</size>
         <input_file_ref idref="fl-2c"/>
      </object_component>
      <object_component id="oc-266">
         <name>.debug_info</name>
         <load_address>0x8c68</load_address>
         <run_address>0x8c68</run_address>
         <size>0x86</size>
         <input_file_ref idref="fl-2c"/>
      </object_component>
      <object_component id="oc-261">
         <name>.debug_info</name>
         <load_address>0x8cee</load_address>
         <run_address>0x8cee</run_address>
         <size>0x2c</size>
         <input_file_ref idref="fl-2c"/>
      </object_component>
      <object_component id="oc-310">
         <name>.debug_info</name>
         <load_address>0x8d1a</load_address>
         <run_address>0x8d1a</run_address>
         <size>0x46</size>
         <input_file_ref idref="fl-2c"/>
      </object_component>
      <object_component id="oc-2b6">
         <name>.debug_info</name>
         <load_address>0x8d60</load_address>
         <run_address>0x8d60</run_address>
         <size>0x39</size>
         <input_file_ref idref="fl-2c"/>
      </object_component>
      <object_component id="oc-da">
         <name>.debug_info</name>
         <load_address>0x8d99</load_address>
         <run_address>0x8d99</run_address>
         <size>0x15d</size>
         <input_file_ref idref="fl-2d"/>
      </object_component>
      <object_component id="oc-82">
         <name>.debug_info</name>
         <load_address>0x8ef6</load_address>
         <run_address>0x8ef6</run_address>
         <size>0x15e</size>
         <input_file_ref idref="fl-2d"/>
      </object_component>
      <object_component id="oc-15f">
         <name>.debug_info</name>
         <load_address>0x9054</load_address>
         <run_address>0x9054</run_address>
         <size>0x5e</size>
         <input_file_ref idref="fl-2d"/>
      </object_component>
      <object_component id="oc-2da">
         <name>.debug_info</name>
         <load_address>0x90b2</load_address>
         <run_address>0x90b2</run_address>
         <size>0x10b</size>
         <input_file_ref idref="fl-2e"/>
      </object_component>
      <object_component id="oc-29b">
         <name>.debug_info</name>
         <load_address>0x91bd</load_address>
         <run_address>0x91bd</run_address>
         <size>0x169</size>
         <input_file_ref idref="fl-2e"/>
      </object_component>
      <object_component id="oc-f3">
         <name>.debug_info</name>
         <load_address>0x9326</load_address>
         <run_address>0x9326</run_address>
         <size>0x303</size>
         <input_file_ref idref="fl-2f"/>
      </object_component>
      <object_component id="oc-8c">
         <name>.debug_info</name>
         <load_address>0x9629</load_address>
         <run_address>0x9629</run_address>
         <size>0x19d</size>
         <input_file_ref idref="fl-2f"/>
      </object_component>
      <object_component id="oc-16f">
         <name>.debug_info</name>
         <load_address>0x97c6</load_address>
         <run_address>0x97c6</run_address>
         <size>0x39</size>
         <input_file_ref idref="fl-2f"/>
      </object_component>
      <object_component id="oc-174">
         <name>.debug_info</name>
         <load_address>0x97ff</load_address>
         <run_address>0x97ff</run_address>
         <size>0xcd</size>
         <input_file_ref idref="fl-2f"/>
      </object_component>
      <object_component id="oc-16a">
         <name>.debug_info</name>
         <load_address>0x98cc</load_address>
         <run_address>0x98cc</run_address>
         <size>0x1d7</size>
         <input_file_ref idref="fl-30"/>
      </object_component>
      <object_component id="oc-e8">
         <name>.debug_info</name>
         <load_address>0x9aa3</load_address>
         <run_address>0x9aa3</run_address>
         <size>0x193</size>
         <input_file_ref idref="fl-30"/>
      </object_component>
      <object_component id="oc-202">
         <name>.debug_info</name>
         <load_address>0x9c36</load_address>
         <run_address>0x9c36</run_address>
         <size>0x2c</size>
         <input_file_ref idref="fl-30"/>
      </object_component>
      <object_component id="oc-34f">
         <name>.debug_info</name>
         <load_address>0x9c62</load_address>
         <run_address>0x9c62</run_address>
         <size>0xe5</size>
         <input_file_ref idref="fl-31"/>
      </object_component>
      <object_component id="oc-2d7">
         <name>.debug_info</name>
         <load_address>0x9d47</load_address>
         <run_address>0x9d47</run_address>
         <size>0xf1</size>
         <input_file_ref idref="fl-31"/>
      </object_component>
      <object_component id="oc-230">
         <name>.debug_info</name>
         <load_address>0x9e38</load_address>
         <run_address>0x9e38</run_address>
         <size>0x12c</size>
         <input_file_ref idref="fl-32"/>
      </object_component>
      <object_component id="oc-1c2">
         <name>.debug_info</name>
         <load_address>0x9f64</load_address>
         <run_address>0x9f64</run_address>
         <size>0xee</size>
         <input_file_ref idref="fl-32"/>
      </object_component>
      <object_component id="oc-396">
         <name>.debug_info</name>
         <load_address>0xa052</load_address>
         <run_address>0xa052</run_address>
         <size>0xf6</size>
         <input_file_ref idref="fl-32"/>
      </object_component>
      <object_component id="oc-375">
         <name>.debug_info</name>
         <load_address>0xa148</load_address>
         <run_address>0xa148</run_address>
         <size>0x233</size>
         <input_file_ref idref="fl-33"/>
      </object_component>
      <object_component id="oc-3fe">
         <name>.debug_info</name>
         <load_address>0xa37b</load_address>
         <run_address>0xa37b</run_address>
         <size>0x7f</size>
         <input_file_ref idref="fl-33"/>
      </object_component>
      <object_component id="oc-403">
         <name>.debug_info</name>
         <load_address>0xa3fa</load_address>
         <run_address>0xa3fa</run_address>
         <size>0x60</size>
         <input_file_ref idref="fl-33"/>
      </object_component>
      <object_component id="oc-424">
         <name>.debug_info</name>
         <load_address>0xa45a</load_address>
         <run_address>0xa45a</run_address>
         <size>0x10b</size>
         <input_file_ref idref="fl-34"/>
      </object_component>
      <object_component id="oc-28e">
         <name>.debug_info</name>
         <load_address>0xa565</load_address>
         <run_address>0xa565</run_address>
         <size>0x1d6</size>
         <input_file_ref idref="fl-35"/>
      </object_component>
      <object_component id="oc-237">
         <name>.debug_info</name>
         <load_address>0xa73b</load_address>
         <run_address>0xa73b</run_address>
         <size>0x1fd</size>
         <input_file_ref idref="fl-35"/>
      </object_component>
      <object_component id="oc-290">
         <name>.debug_info</name>
         <load_address>0xa938</load_address>
         <run_address>0xa938</run_address>
         <size>0x224</size>
         <input_file_ref idref="fl-36"/>
      </object_component>
      <object_component id="oc-23d">
         <name>.debug_info</name>
         <load_address>0xab5c</load_address>
         <run_address>0xab5c</run_address>
         <size>0x30d</size>
         <input_file_ref idref="fl-36"/>
      </object_component>
      <object_component id="oc-3f9">
         <name>.debug_info</name>
         <load_address>0xae69</load_address>
         <run_address>0xae69</run_address>
         <size>0x15e</size>
         <input_file_ref idref="fl-37"/>
      </object_component>
      <object_component id="oc-464">
         <name>.debug_info</name>
         <load_address>0xafc7</load_address>
         <run_address>0xafc7</run_address>
         <size>0x2c</size>
         <input_file_ref idref="fl-37"/>
      </object_component>
      <object_component id="oc-470">
         <name>.debug_info</name>
         <load_address>0xaff3</load_address>
         <run_address>0xaff3</run_address>
         <size>0x2c</size>
         <input_file_ref idref="fl-37"/>
      </object_component>
      <object_component id="oc-40f">
         <name>.debug_info</name>
         <load_address>0xb01f</load_address>
         <run_address>0xb01f</run_address>
         <size>0x16f</size>
         <input_file_ref idref="fl-38"/>
      </object_component>
      <object_component id="oc-37c">
         <name>.debug_info</name>
         <load_address>0xb18e</load_address>
         <run_address>0xb18e</run_address>
         <size>0x1dd</size>
         <input_file_ref idref="fl-38"/>
      </object_component>
      <object_component id="oc-482">
         <name>.debug_info</name>
         <load_address>0xb36b</load_address>
         <run_address>0xb36b</run_address>
         <size>0x121</size>
         <input_file_ref idref="fl-39"/>
      </object_component>
      <object_component id="oc-42b">
         <name>.debug_info</name>
         <load_address>0xb48c</load_address>
         <run_address>0xb48c</run_address>
         <size>0x1cc</size>
         <input_file_ref idref="fl-39"/>
      </object_component>
      <object_component id="oc-490">
         <name>.debug_info</name>
         <load_address>0xb658</load_address>
         <run_address>0xb658</run_address>
         <size>0x121</size>
         <input_file_ref idref="fl-3a"/>
      </object_component>
      <object_component id="oc-48c">
         <name>.debug_info</name>
         <load_address>0xb779</load_address>
         <run_address>0xb779</run_address>
         <size>0x170</size>
         <input_file_ref idref="fl-3a"/>
      </object_component>
      <object_component id="oc-430">
         <name>.debug_info</name>
         <load_address>0xb8e9</load_address>
         <run_address>0xb8e9</run_address>
         <size>0x247</size>
         <input_file_ref idref="fl-3a"/>
      </object_component>
      <object_component id="oc-2e3">
         <name>.debug_info</name>
         <load_address>0xbb30</load_address>
         <run_address>0xbb30</run_address>
         <size>0x13d</size>
         <input_file_ref idref="fl-3b"/>
      </object_component>
      <object_component id="oc-47d">
         <name>.debug_info</name>
         <load_address>0xbc6d</load_address>
         <run_address>0xbc6d</run_address>
         <size>0x16f</size>
         <input_file_ref idref="fl-3c"/>
      </object_component>
      <object_component id="oc-412">
         <name>.debug_info</name>
         <load_address>0xbddc</load_address>
         <run_address>0xbddc</run_address>
         <size>0x19a</size>
         <input_file_ref idref="fl-3c"/>
      </object_component>
      <object_component id="oc-46e">
         <name>.debug_info</name>
         <load_address>0xbf76</load_address>
         <run_address>0xbf76</run_address>
         <size>0x103</size>
         <input_file_ref idref="fl-3d"/>
      </object_component>
      <object_component id="oc-3f2">
         <name>.debug_info</name>
         <load_address>0xc079</load_address>
         <run_address>0xc079</run_address>
         <size>0x195</size>
         <input_file_ref idref="fl-3d"/>
      </object_component>
      <object_component id="oc-486">
         <name>.debug_info</name>
[...]
      </symbol>
      <symbol id="sm-a">
         <name>__TI_STACK_END</name>
         <value>0x80ad80</value>
      </symbol>
      <symbol id="sm-b">
         <name>__TI_SYSMEM_SIZE</name>
         <value>0x2000</value>
      </symbol>
      <symbol id="sm-c">
         <name>__c_args__</name>
         <value>0xffffffff</value>
      </symbol>
      <symbol id="sm-d">
         <name>__TI_pprof_out_hndl</name>
         <value>0xffffffff</value>
      </symbol>
      <symbol id="sm-e">
         <name>__TI_prof_data_start</name>
         <value>0xffffffff</value>
      </symbol>
      <symbol id="sm-f">
         <name>__TI_prof_data_size</name>
         <value>0xffffffff</value>
      </symbol>
      <symbol id="sm-34">
         <name>boot</name>
         <value>0x800000</value>
         <object_component_ref idref="oc-2b"/>
      </symbol>
      <symbol id="sm-f3">
         <name>state</name>
         <value>0x80dd78</value>
      </symbol>
      <symbol id="sm-f4">
         <name>context</name>
         <value>0x80d2c0</value>
      </symbol>
      <symbol id="sm-f5">
         <name>Record</name>
         <value>0x80cd80</value>
      </symbol>
      <symbol id="sm-f6">
         <name>EventRecord</name>
         <value>0x80d438</value>
      </symbol>
      <symbol id="sm-f7">
         <name>coreVector</name>
         <value>0x80d418</value>
      </symbol>
      <symbol id="sm-f8">
         <name>intcObj</name>
         <value>0x80d358</value>
      </symbol>
      <symbol id="sm-f9">
         <name>hintc</name>
         <value>0x80d3d8</value>
      </symbol>
      <symbol id="sm-fa">
         <name>registerInterrupt</name>
         <value>0x8004e0</value>
         <object_component_ref idref="oc-13d"/>
      </symbol>
      <symbol id="sm-fb">
         <name>intInfo</name>
         <value>0x80d6c8</value>
         <object_component_ref idref="oc-1a1"/>
      </symbol>
      <symbol id="sm-fc">
         <name>IPC_ISR</name>
         <value>0x800798</value>
         <object_component_ref idref="oc-13d"/>
      </symbol>
      <symbol id="sm-fd">
         <name>iIPCGRInfo</name>
         <value>0x80d7e0</value>
         <object_component_ref idref="oc-1a8"/>
      </symbol>
      <symbol id="sm-fe">
         <name>iIPCARInfo</name>
         <value>0x80d7c0</value>
         <object_component_ref idref="oc-1ab"/>
      </symbol>
      <symbol id="sm-ff">
         <name>intcInit</name>
         <value>0x800480</value>
         <object_component_ref idref="oc-13d"/>
      </symbol>
      <symbol id="sm-100">
         <name>IssueInterruptToNextCore</name>
         <value>0x8006f8</value>
         <object_component_ref idref="oc-13d"/>
      </symbol>
      <symbol id="sm-120">
         <name>main</name>
         <value>0x805e40</value>
         <object_component_ref idref="oc-d3"/>
      </symbol>
      <symbol id="sm-134">
         <name>_c_int00</name>
         <value>0x808960</value>
         <object_component_ref idref="oc-25"/>
      </symbol>
      <symbol id="sm-135">
         <name>_stack</name>
         <value>0x808d80</value>
         <object_component_ref idref="oc-30"/>
      </symbol>
      <symbol id="sm-14c">
         <name>__TI_decompress_none</name>
         <value>0x808d40</value>
         <object_component_ref idref="oc-13"/>
      </symbol>
      <symbol id="sm-174">
         <name>__TI_decompress_rle24</name>
         <value>0x808d60</value>
         <object_component_ref idref="oc-19"/>
      </symbol>
      <symbol id="sm-189">
         <name>__TI_zero_init</name>
         <value>0x8076e0</value>
         <object_component_ref idref="oc-1f"/>
      </symbol>
      <symbol id="sm-1a9">
         <name>C$$EXIT</name>
         <value>0x808ce0</value>
         <object_component_ref idref="oc-de"/>
      </symbol>
      <symbol id="sm-1aa">
         <name>abort</name>
         <value>0x808ce0</value>
         <object_component_ref idref="oc-de"/>
      </symbol>
      <symbol id="sm-1ab">
         <name>exit</name>
         <value>0x807ee0</value>
         <object_component_ref idref="oc-84"/>
      </symbol>
      <symbol id="sm-1ac">
         <name>__TI_dtors_ptr</name>
         <value>0x80d804</value>
         <object_component_ref idref="oc-db"/>
      </symbol>
      <symbol id="sm-1ad">
         <name>__TI_cleanup_ptr</name>
         <value>0x80d800</value>
         <object_component_ref idref="oc-db"/>
      </symbol>
      <symbol id="sm-1ae">
         <name>__TI_enable_exit_profile_output</name>
         <value>0x80d808</value>
         <object_component_ref idref="oc-db"/>
      </symbol>
      <symbol id="sm-1b7">
         <name>memcpy</name>
         <value>0x808500</value>
         <object_component_ref idref="oc-59"/>
      </symbol>
      <symbol id="sm-1df">
         <name>printf</name>
         <value>0x807980</value>
         <object_component_ref idref="oc-143"/>
      </symbol>
      <symbol id="sm-1f5">
         <name>_nop</name>
         <value>0x808c80</value>
         <object_component_ref idref="oc-225"/>
      </symbol>
      <symbol id="sm-1f6">
         <name>_lock</name>
         <value>0x80d818</value>
         <object_component_ref idref="oc-1be"/>
      </symbol>
      <symbol id="sm-1f7">
         <name>_unlock</name>
         <value>0x80d81c</value>
         <object_component_ref idref="oc-1c4"/>
      </symbol>
      <symbol id="sm-400">
         <name>__TI_printfi</name>
         <value>0x801fa0</value>
         <object_component_ref idref="oc-1d3"/>
      </symbol>
      <symbol id="sm-412">
         <name>_args_main</name>
         <value>0x808c20</value>
         <object_component_ref idref="oc-7e"/>
      </symbol>
      <symbol id="sm-426">
         <name>atoi</name>
         <value>0x807160</value>
         <object_component_ref idref="oc-298"/>
      </symbol>
      <symbol id="sm-446">
         <name>_auto_init_elf</name>
         <value>0x806600</value>
         <object_component_ref idref="oc-8a"/>
      </symbol>
      <symbol id="sm-45d">
         <name>copy_in</name>
         <value>0x807260</value>
         <object_component_ref idref="oc-e6"/>
      </symbol>
      <symbol id="sm-467">
         <name>_ctypes_</name>
         <value>0x80d9e8</value>
         <object_component_ref idref="oc-2d6"/>
      </symbol>
      <symbol id="sm-477">
         <name>__TI_tmpnams</name>
         <value>0x80d180</value>
      </symbol>
      <symbol id="sm-478">
         <name>_ftable</name>
         <value>0x80d448</value>
         <object_component_ref idref="oc-1c1"/>
      </symbol>
      <symbol id="sm-479">
         <name>__TI_ft_end</name>
         <value>0x80d820</value>
         <object_component_ref idref="oc-395"/>
      </symbol>
      <symbol id="sm-498">
         <name>__c6xabi_divd</name>
         <value>0x800e80</value>
         <object_component_ref idref="oc-374"/>
      </symbol>
      <symbol id="sm-4a1">
         <name>__c6xabi_divu</name>
         <value>0x807ca0</value>
         <object_component_ref idref="oc-423"/>
      </symbol>
      <symbol id="sm-4a2">
         <name>__divu</name>
         <value>0x807ca0</value>
         <object_component_ref idref="oc-423"/>
      </symbol>
      <symbol id="sm-4c0">
         <name>fputc</name>
         <value>0x805100</value>
         <object_component_ref idref="oc-234"/>
      </symbol>
      <symbol id="sm-4ea">
         <name>fputs</name>
         <value>0x8027c0</value>
         <object_component_ref idref="oc-23b"/>
      </symbol>
      <symbol id="sm-4fd">
         <name>__TI_frcmpyd_div</name>
         <value>0x8088a0</value>
         <object_component_ref idref="oc-3f7"/>
      </symbol>
      <symbol id="sm-511">
         <name>frexp</name>
         <value>0x805c20</value>
         <object_component_ref idref="oc-37b"/>
      </symbol>
      <symbol id="sm-522">
         <name>__c6xabi_divul</name>
         <value>0x805520</value>
         <object_component_ref idref="oc-428"/>
      </symbol>
      <symbol id="sm-53f">
         <name>_subcull</name>
         <value>0x8089c0</value>
         <object_component_ref idref="oc-489"/>
      </symbol>
      <symbol id="sm-540">
         <name>__c6xabi_divull</name>
         <value>0x803b20</value>
         <object_component_ref idref="oc-42e"/>
      </symbol>
      <symbol id="sm-549">
         <name>__c6xabi_isinf</name>
         <value>0x808ba0</value>
         <object_component_ref idref="oc-2e1"/>
      </symbol>
      <symbol id="sm-55a">
         <name>ldexp</name>
         <value>0x806b00</value>
         <object_component_ref idref="oc-410"/>
      </symbol>
      <symbol id="sm-574">
         <name>__c6xabi_llshru</name>
         <value>0x808900</value>
         <object_component_ref idref="oc-3f1"/>
      </symbol>
      <symbol id="sm-575">
         <name>__c6xabi_llshl</name>
         <value>0x8086a0</value>
         <object_component_ref idref="oc-483"/>
      </symbol>
      <symbol id="sm-5e1">
         <name>lseek</name>
         <value>0x808a20</value>
         <object_component_ref idref="oc-315"/>
      </symbol>
      <symbol id="sm-5e2">
         <name>write</name>
         <value>0x808b40</value>
         <object_component_ref idref="oc-281"/>
      </symbol>
      <symbol id="sm-5e3">
         <name>close</name>
         <value>0x807600</value>
         <object_component_ref idref="oc-437"/>
      </symbol>
      <symbol id="sm-5e4">
         <name>unlink</name>
         <value>0x808820</value>
         <object_component_ref idref="oc-43d"/>
      </symbol>
      <symbol id="sm-5f4">
         <name>ltoa</name>
         <value>0x8077c0</value>
         <object_component_ref idref="oc-3e6"/>
      </symbol>
      <symbol id="sm-605">
         <name>memccpy</name>
         <value>0x808a80</value>
         <object_component_ref idref="oc-2ab"/>
      </symbol>
      <symbol id="sm-615">
         <name>memset</name>
         <value>0x8078a0</value>
         <object_component_ref idref="oc-292"/>
      </symbol>
      <symbol id="sm-62e">
         <name>__TI_tls_init</name>
         <value>0x808120</value>
         <object_component_ref idref="oc-ec"/>
      </symbol>
      <symbol id="sm-697">
         <name>HOSTrename</name>
         <value>0x8058e0</value>
         <object_component_ref idref="oc-3dc"/>
      </symbol>
      <symbol id="sm-698">
         <name>HOSTclose</name>
         <value>0x8081e0</value>
         <object_component_ref idref="oc-3be"/>
      </symbol>
      <symbol id="sm-699">
         <name>HOSTunlink</name>
         <value>0x807b20</value>
         <object_component_ref idref="oc-3d6"/>
      </symbol>
      <symbol id="sm-69a">
         <name>HOSTlseek</name>
         <value>0x806d60</value>
         <object_component_ref idref="oc-3d0"/>
      </symbol>
      <symbol id="sm-69b">
         <name>HOSTopen</name>
         <value>0x807360</value>
         <object_component_ref idref="oc-3b8"/>
      </symbol>
      <symbol id="sm-69c">
         <name>HOSTwrite</name>
         <value>0x807440</value>
         <object_component_ref idref="oc-3ca"/>
      </symbol>
      <symbol id="sm-69d">
         <name>HOSTread</name>
         <value>0x807a60</value>
         <object_component_ref idref="oc-3c4"/>
      </symbol>
      <symbol id="sm-6c3">
         <name>__TI_readmsg</name>
         <value>0x8085a0</value>
         <object_component_ref idref="oc-454"/>
      </symbol>
      <symbol id="sm-6c4">
         <name>C$$IO$$</name>
         <value>0x808680</value>
         <object_component_ref idref="oc-44e"/>
      </symbol>
      <symbol id="sm-6c5">
         <name>__CIOBUF_</name>
         <value>0x80db30</value>
         <object_component_ref idref="oc-49d"/>
      </symbol>
      <symbol id="sm-6c6">
         <name>__TI_writemsg</name>
         <value>0x808620</value>
         <object_component_ref idref="oc-44e"/>
      </symbol>
      <symbol id="sm-6dc">
         <name>__TI_wrt_ok</name>
         <value>0x806e60</value>
         <object_component_ref idref="oc-27b"/>
      </symbol>
      <symbol id="sm-6ee">
         <name>__errno</name>
         <value>0x80d824</value>
         <object_component_ref idref="oc-475"/>
      </symbol>
      <symbol id="sm-6ef">
         <name>errno</name>
         <value>0x80d824</value>
         <object_component_ref idref="oc-475"/>
      </symbol>
      <symbol id="sm-6f0">
         <name>__c6xabi_errno_addr</name>
         <value>0x808c60</value>
         <object_component_ref idref="oc-408"/>
      </symbol>
      <symbol id="sm-6ff">
         <name>__TI_doflush</name>
         <value>0x807be0</value>
         <object_component_ref idref="oc-287"/>
      </symbol>
      <symbol id="sm-714">
         <name>fseek</name>
         <value>0x806c40</value>
         <object_component_ref idref="oc-2bb"/>
      </symbol>
      <symbol id="sm-72f">
         <name>setvbuf</name>
         <value>0x804420</value>
         <object_component_ref idref="oc-2c1"/>
      </symbol>
      <symbol id="sm-742">
         <name>__TI_cleanup</name>
         <value>0x808280</value>
         <object_component_ref idref="oc-31d"/>
      </symbol>
      <symbol id="sm-7ae">
         <name>_sys_memory</name>
         <value>0x80ad80</value>
         <object_component_ref idref="oc-33"/>
      </symbol>
      <symbol id="sm-7af">
         <name>free</name>
         <value>0x8033a0</value>
         <object_component_ref idref="oc-323"/>
      </symbol>
      <symbol id="sm-7b0">
         <name>malloc</name>
         <value>0x805f40</value>
         <object_component_ref idref="oc-329"/>
      </symbol>
      <symbol id="sm-7b1">
         <name>_minit</name>
         <value>0x8083c0</value>
         <object_component_ref idref="oc-3af"/>
      </symbol>
      <symbol id="sm-7c7">
         <name>__TI_closefile</name>
         <value>0x8064c0</value>
         <object_component_ref idref="oc-398"/>
      </symbol>
      <symbol id="sm-817">
         <name>CSL_chipReadReg</name>
         <value>0x806380</value>
         <object_component_ref idref="oc-138"/>
      </symbol>
      <symbol id="sm-81f">
         <name>CSL_intcGlobalDisable</name>
         <value>0x806938</value>
         <object_component_ref idref="oc-b4"/>
      </symbol>
      <symbol id="sm-820">
         <name>CSL_intcGlobalRestore</name>
         <value>0x806958</value>
         <object_component_ref idref="oc-b4"/>
      </symbol>
      <symbol id="sm-821">
         <name>CSL_intcGlobalExcepEnable</name>
         <value>0x806984</value>
         <object_component_ref idref="oc-b4"/>
      </symbol>
      <symbol id="sm-822">
         <name>CSL_intcInterruptDisable</name>
         <value>0x8068b0</value>
         <object_component_ref idref="oc-b4"/>
      </symbol>
      <symbol id="sm-823">
         <name>CSL_intcGlobalExcepClear</name>
         <value>0x8069ac</value>
         <object_component_ref idref="oc-b4"/>
      </symbol>
      <symbol id="sm-824">
         <name>CSL_intcInterruptRestore</name>
         <value>0x8068ec</value>
         <object_component_ref idref="oc-b4"/>
      </symbol>
      <symbol id="sm-825">
         <name>CSL_intcInterruptClear</name>
         <value>0x8068d0</value>
         <object_component_ref idref="oc-b4"/>
      </symbol>
      <symbol id="sm-826">
         <name>CSL_intcGlobalEnable</name>
         <value>0x806918</value>
         <object_component_ref idref="oc-b4"/>
      </symbol>
      <symbol id="sm-827">
         <name>CSL_intcGlobalExtExcepEnable</name>
         <value>0x806998</value>
         <object_component_ref idref="oc-b4"/>
      </symbol>
      <symbol id="sm-828">
         <name>CSL_intcGlobalNmiEnable</name>
         <value>0x806970</value>
         <object_component_ref idref="oc-b4"/>
      </symbol>
      <symbol id="sm-829">
         <name>_CSL_intcIvpSet</name>
         <value>0x806880</value>
         <object_component_ref idref="oc-b4"/>
      </symbol>
      <symbol id="sm-82a">
         <name>CSL_intcInterruptSet</name>
         <value>0x8068e0</value>
         <object_component_ref idref="oc-b4"/>
      </symbol>
      <symbol id="sm-82b">
         <name>CSL_intcInterruptEnable</name>
         <value>0x806890</value>
         <object_component_ref idref="oc-b4"/>
      </symbol>
      <symbol id="sm-82c">
         <name>CSL_intcQueryInterruptStatus</name>
         <value>0x806904</value>
         <object_component_ref idref="oc-b4"/>
      </symbol>
      <symbol id="sm-834">
         <name>_CSL_intcVectorTable</name>
         <value>0x80e000</value>
         <object_component_ref idref="oc-125"/>
      </symbol>
      <symbol id="sm-852">
         <name>_CSL_intcEventOffsetMap</name>
         <value>0x80dd74</value>
         <object_component_ref idref="oc-98"/>
      </symbol>
      <symbol id="sm-853">
         <name>_CSL_intcNumEvents</name>
         <value>0x80dd68</value>
         <object_component_ref idref="oc-9b"/>
      </symbol>
      <symbol id="sm-854">
         <name>_CSL_intcEventHandlerRecord</name>
         <value>0x80dd6c</value>
         <object_component_ref idref="oc-9b"/>
      </symbol>
      <symbol id="sm-855">
         <name>_CSL_intcAllocMask</name>
         <value>0x80dd70</value>
         <object_component_ref idref="oc-98"/>
      </symbol>
      <symbol id="sm-856">
         <name>_CSL_intcCpuIntrTable</name>
         <value>0x80dd24</value>
         <object_component_ref idref="oc-9b"/>
      </symbol>
      <symbol id="sm-879">
         <name>CSL_intcHwControl</name>
         <value>0x802400</value>
         <object_component_ref idref="oc-1b3"/>
      </symbol>
      <symbol id="sm-885">
         <name>CSL_intcInit</name>
         <value>0x806740</value>
         <object_component_ref idref="oc-50"/>
      </symbol>
      <symbol id="sm-8a3">
         <name>CSL_intcOpen</name>
         <value>0x804660</value>
         <object_component_ref idref="oc-37"/>
      </symbol>
      <symbol id="sm-8b1">
         <name>CSL_intcPlugEventHandler</name>
         <value>0x807e20</value>
         <object_component_ref idref="oc-1ae"/>
      </symbol>
      <symbol id="sm-8e3">
         <name>_CSL_intcEvent1Dispatcher</name>
         <value>0x804aa0</value>
         <object_component_ref idref="oc-45"/>
      </symbol>
      <symbol id="sm-8e4">
         <name>_CSL_intcEvent0Dispatcher</name>
         <value>0x804880</value>
         <object_component_ref idref="oc-4a"/>
      </symbol>
      <symbol id="sm-8e5">
         <name>_CSL_intcEvent3Dispatcher</name>
         <value>0x804ee0</value>
         <object_component_ref idref="oc-36"/>
      </symbol>
      <symbol id="sm-8e6">
         <name>_CSL_intcEvent2Dispatcher</name>
         <value>0x804cc0</value>
         <object_component_ref idref="oc-40"/>
      </symbol>
      <symbol id="sm-8f0">
         <name>_CSL_intcDispatcher</name>
         <value>0x805700</value>
         <object_component_ref idref="oc-4f"/>
      </symbol>
      <symbol id="sm-8f8">
         <name>_CSL_intcNmiDummy</name>
         <value>0x808d20</value>
         <object_component_ref idref="oc-af"/>
      </symbol>
      <symbol id="sm-908">
         <name>CSL_intcHookIsr</name>
         <value>0x808d00</value>
         <object_component_ref idref="oc-9f"/>
      </symbol>
      <symbol id="sm-909">
         <name>__TI_STATIC_BASE</name>
         <value>0x80dd24</value>
      </symbol>
      <symbol id="sm-90b">
         <name>__TI_INITARRAY_Base</name>
         <value>0x0</value>
      </symbol>
      <symbol id="sm-90c">
         <name>__TI_INITARRAY_Limit</name>
         <value>0x0</value>
      </symbol>
      <symbol id="sm-90d">
         <name>__TI_TLS_INIT_Base</name>
         <value>0x0</value>
      </symbol>
      <symbol id="sm-90e">
         <name>__TI_TLS_INIT_Limit</name>
         <value>0x0</value>
      </symbol>
      <symbol id="sm-90f">
         <name>remove</name>
         <value>0x808820</value>
      </symbol>
   </symbol_table>
   <title>Link successful</title>
</link_info>
