<?xml version="1.0"?>
<link_info>
   <banner>TMS320C6x Linker PC v8.0.4</banner>
   <copyright>Copyright (c) 1996-2015 Texas Instruments Incorporated</copyright>
   <link_time>0x646484f4</link_time>
   <link_errors>0x0</link_errors>
   <output_file>C6678_core_IPC_Interrupt.out</output_file>
   <entry_point>
      <name>_c_int00</name>
      <address>0x80ef00</address>
   </entry_point>
   <input_file_list>
      <input_file id="fl-2">
         <path>.\</path>
         <kind>object</kind>
         <file>bootload.obj</file>
         <name>bootload.obj</name>
      </input_file>
      <input_file id="fl-3">
         <path>.\</path>
         <kind>object</kind>
         <file>ipc_interrupt.obj</file>
         <name>ipc_interrupt.obj</name>
      </input_file>
      <input_file id="fl-4">
         <path>.\</path>
         <kind>object</kind>
         <file>main.obj</file>
         <name>main.obj</name>
      </input_file>
      <input_file id="fl-5">
         <path>.\inc\DDR3\</path>
         <kind>object</kind>
         <file>DDR3_init.obj</file>
         <name>DDR3_init.obj</name>
      </input_file>
      <input_file id="fl-6">
         <path>.\inc\</path>
         <kind>object</kind>
         <file>KeyStone_common.obj</file>
         <name>KeyStone_common.obj</name>
      </input_file>
      <input_file id="fl-26">
         <path>D:\CCSv74\ccsv7\tools\compiler\ti-cgt-c6000_8.0.4\lib\</path>
         <kind>archive</kind>
         <file>rts6600_elf.lib</file>
         <name>boot.obj</name>
      </input_file>
      <input_file id="fl-27">
         <path>D:\CCSv74\ccsv7\tools\compiler\ti-cgt-c6000_8.0.4\lib\</path>
         <kind>archive</kind>
         <file>rts6600_elf.lib</file>
         <name>copy_decompress_none.obj</name>
      </input_file>
      <input_file id="fl-28">
         <path>D:\CCSv74\ccsv7\tools\compiler\ti-cgt-c6000_8.0.4\lib\</path>
         <kind>archive</kind>
         <file>rts6600_elf.lib</file>
         <name>copy_decompress_rle.obj</name>
      </input_file>
      <input_file id="fl-29">
         <path>D:\CCSv74\ccsv7\tools\compiler\ti-cgt-c6000_8.0.4\lib\</path>
         <kind>archive</kind>
         <file>rts6600_elf.lib</file>
         <name>copy_zero_init.obj</name>
      </input_file>
      <input_file id="fl-2a">
         <path>D:\CCSv74\ccsv7\tools\compiler\ti-cgt-c6000_8.0.4\lib\</path>
         <kind>archive</kind>
         <file>rts6600_elf.lib</file>
         <name>divd.obj</name>
      </input_file>
      <input_file id="fl-2b">
         <path>D:\CCSv74\ccsv7\tools\compiler\ti-cgt-c6000_8.0.4\lib\</path>
         <kind>archive</kind>
         <file>rts6600_elf.lib</file>
         <name>divf.obj</name>
      </input_file>
      <input_file id="fl-2c">
         <path>D:\CCSv74\ccsv7\tools\compiler\ti-cgt-c6000_8.0.4\lib\</path>
         <kind>archive</kind>
         <file>rts6600_elf.lib</file>
         <name>divu.obj</name>
      </input_file>
      <input_file id="fl-2d">
         <path>D:\CCSv74\ccsv7\tools\compiler\ti-cgt-c6000_8.0.4\lib\</path>
         <kind>archive</kind>
         <file>rts6600_elf.lib</file>
         <name>exit.obj</name>
      </input_file>
      <input_file id="fl-2e">
         <path>D:\CCSv74\ccsv7\tools\compiler\ti-cgt-c6000_8.0.4\lib\</path>
         <kind>archive</kind>
         <file>rts6600_elf.lib</file>
         <name>fixfu.obj</name>
      </input_file>
      <input_file id="fl-2f">
         <path>D:\CCSv74\ccsv7\tools\compiler\ti-cgt-c6000_8.0.4\lib\</path>
         <kind>archive</kind>
         <file>rts6600_elf.lib</file>
         <name>fputs.obj</name>
      </input_file>
      <input_file id="fl-30">
         <path>D:\CCSv74\ccsv7\tools\compiler\ti-cgt-c6000_8.0.4\lib\</path>
         <kind>archive</kind>
         <file>rts6600_elf.lib</file>
         <name>frcmpyd_div.obj</name>
      </input_file>
      <input_file id="fl-31">
         <path>D:\CCSv74\ccsv7\tools\compiler\ti-cgt-c6000_8.0.4\lib\</path>
         <kind>archive</kind>
         <file>rts6600_elf.lib</file>
         <name>imath64.obj</name>
      </input_file>
      <input_file id="fl-32">
         <path>D:\CCSv74\ccsv7\tools\compiler\ti-cgt-c6000_8.0.4\lib\</path>
         <kind>archive</kind>
         <file>rts6600_elf.lib</file>
         <name>llshift.obj</name>
      </input_file>
      <input_file id="fl-33">
         <path>D:\CCSv74\ccsv7\tools\compiler\ti-cgt-c6000_8.0.4\lib\</path>
         <kind>archive</kind>
         <file>rts6600_elf.lib</file>
         <name>lowlev.obj</name>
      </input_file>
      <input_file id="fl-34">
         <path>D:\CCSv74\ccsv7\tools\compiler\ti-cgt-c6000_8.0.4\lib\</path>
         <kind>archive</kind>
         <file>rts6600_elf.lib</file>
         <name>memcpy64.obj</name>
      </input_file>
      <input_file id="fl-35">
         <path>D:\CCSv74\ccsv7\tools\compiler\ti-cgt-c6000_8.0.4\lib\</path>
         <kind>archive</kind>
         <file>rts6600_elf.lib</file>
         <name>memset.obj</name>
      </input_file>
      <input_file id="fl-36">
         <path>D:\CCSv74\ccsv7\tools\compiler\ti-cgt-c6000_8.0.4\lib\</path>
         <kind>archive</kind>
         <file>rts6600_elf.lib</file>
         <name>printf.obj</name>
      </input_file>
      <input_file id="fl-37">
         <path>D:\CCSv74\ccsv7\tools\compiler\ti-cgt-c6000_8.0.4\lib\</path>
         <kind>archive</kind>
         <file>rts6600_elf.lib</file>
         <name>strasg.obj</name>
      </input_file>
      <input_file id="fl-38">
         <path>D:\CCSv74\ccsv7\tools\compiler\ti-cgt-c6000_8.0.4\lib\</path>
         <kind>archive</kind>
         <file>rts6600_elf.lib</file>
         <name>trgdrv.obj</name>
      </input_file>
      <input_file id="fl-39">
         <path>D:\CCSv74\ccsv7\tools\compiler\ti-cgt-c6000_8.0.4\lib\</path>
         <kind>archive</kind>
         <file>rts6600_elf.lib</file>
         <name>trgmsg.obj</name>
      </input_file>
      <input_file id="fl-3a">
         <path>D:\CCSv74\ccsv7\tools\compiler\ti-cgt-c6000_8.0.4\lib\</path>
         <kind>archive</kind>
         <file>rts6600_elf.lib</file>
         <name>_io_perm.obj</name>
      </input_file>
      <input_file id="fl-3b">
         <path>D:\CCSv74\ccsv7\tools\compiler\ti-cgt-c6000_8.0.4\lib\</path>
         <kind>archive</kind>
         <file>rts6600_elf.lib</file>
         <name>_lock.obj</name>
      </input_file>
      <input_file id="fl-3c">
         <path>D:\CCSv74\ccsv7\tools\compiler\ti-cgt-c6000_8.0.4\lib\</path>
         <kind>archive</kind>
         <file>rts6600_elf.lib</file>
         <name>_printfi.obj</name>
      </input_file>
      <input_file id="fl-3d">
         <path>D:\CCSv74\ccsv7\tools\compiler\ti-cgt-c6000_8.0.4\lib\</path>
         <kind>archive</kind>
         <file>rts6600_elf.lib</file>
         <name>abs.obj</name>
      </input_file>
      <input_file id="fl-3e">
         <path>D:\CCSv74\ccsv7\tools\compiler\ti-cgt-c6000_8.0.4\lib\</path>
         <kind>archive</kind>
         <file>rts6600_elf.lib</file>
         <name>args_main.obj</name>
      </input_file>
      <input_file id="fl-3f">
         <path>D:\CCSv74\ccsv7\tools\compiler\ti-cgt-c6000_8.0.4\lib\</path>
         <kind>archive</kind>
         <file>rts6600_elf.lib</file>
         <name>atoi.obj</name>
      </input_file>
      <input_file id="fl-40">
         <path>D:\CCSv74\ccsv7\tools\compiler\ti-cgt-c6000_8.0.4\lib\</path>
         <kind>archive</kind>
         <file>rts6600_elf.lib</file>
         <name>autoinit.obj</name>
      </input_file>
      <input_file id="fl-41">
         <path>D:\CCSv74\ccsv7\tools\compiler\ti-cgt-c6000_8.0.4\lib\</path>
         <kind>archive</kind>
         <file>rts6600_elf.lib</file>
         <name>cpy_tbl.obj</name>
      </input_file>
      <input_file id="fl-42">
         <path>D:\CCSv74\ccsv7\tools\compiler\ti-cgt-c6000_8.0.4\lib\</path>
         <kind>archive</kind>
         <file>rts6600_elf.lib</file>
         <name>ctype.obj</name>
      </input_file>
      <input_file id="fl-43">
         <path>D:\CCSv74\ccsv7\tools\compiler\ti-cgt-c6000_8.0.4\lib\</path>
         <kind>archive</kind>
         <file>rts6600_elf.lib</file>
         <name>defs.obj</name>
      </input_file>
      <input_file id="fl-44">
         <path>D:\CCSv74\ccsv7\tools\compiler\ti-cgt-c6000_8.0.4\lib\</path>
         <kind>archive</kind>
         <file>rts6600_elf.lib</file>
         <name>fflush.obj</name>
      </input_file>
      <input_file id="fl-45">
         <path>D:\CCSv74\ccsv7\tools\compiler\ti-cgt-c6000_8.0.4\lib\</path>
         <kind>archive</kind>
         <file>rts6600_elf.lib</file>
         <name>fputc.obj</name>
      </input_file>
      <input_file id="fl-46">
         <path>D:\CCSv74\ccsv7\tools\compiler\ti-cgt-c6000_8.0.4\lib\</path>
         <kind>archive</kind>
         <file>rts6600_elf.lib</file>
         <name>frexp.obj</name>
      </input_file>
      <input_file id="fl-47">
         <path>D:\CCSv74\ccsv7\tools\compiler\ti-cgt-c6000_8.0.4\lib\</path>
         <kind>archive</kind>
         <file>rts6600_elf.lib</file>
         <name>fseek.obj</name>
      </input_file>
      <input_file id="fl-48">
         <path>D:\CCSv74\ccsv7\tools\compiler\ti-cgt-c6000_8.0.4\lib\</path>
         <kind>archive</kind>
         <file>rts6600_elf.lib</file>
         <name>imath40.obj</name>
      </input_file>
      <input_file id="fl-49">
         <path>D:\CCSv74\ccsv7\tools\compiler\ti-cgt-c6000_8.0.4\lib\</path>
         <kind>archive</kind>
         <file>rts6600_elf.lib</file>
         <name>isinf.obj</name>
      </input_file>
      <input_file id="fl-4a">
         <path>D:\CCSv74\ccsv7\tools\compiler\ti-cgt-c6000_8.0.4\lib\</path>
         <kind>archive</kind>
         <file>rts6600_elf.lib</file>
         <name>ldexp.obj</name>
      </input_file>
      <input_file id="fl-4b">
         <path>D:\CCSv74\ccsv7\tools\compiler\ti-cgt-c6000_8.0.4\lib\</path>
         <kind>archive</kind>
         <file>rts6600_elf.lib</file>
         <name>ltoa.obj</name>
      </input_file>
      <input_file id="fl-4c">
         <path>D:\CCSv74\ccsv7\tools\compiler\ti-cgt-c6000_8.0.4\lib\</path>
         <kind>archive</kind>
         <file>rts6600_elf.lib</file>
         <name>memccpy.obj</name>
      </input_file>
      <input_file id="fl-4d">
         <path>D:\CCSv74\ccsv7\tools\compiler\ti-cgt-c6000_8.0.4\lib\</path>
         <kind>archive</kind>
         <file>rts6600_elf.lib</file>
         <name>setvbuf.obj</name>
      </input_file>
      <input_file id="fl-4e">
         <path>D:\CCSv74\ccsv7\tools\compiler\ti-cgt-c6000_8.0.4\lib\</path>
         <kind>archive</kind>
         <file>rts6600_elf.lib</file>
         <name>tls.obj</name>
      </input_file>
      <input_file id="fl-4f">
         <path>D:\CCSv74\ccsv7\tools\compiler\ti-cgt-c6000_8.0.4\lib\</path>
         <kind>archive</kind>
         <file>rts6600_elf.lib</file>
         <name>tls_get_tp.obj</name>
      </input_file>
      <input_file id="fl-50">
         <path>D:\CCSv74\ccsv7\tools\compiler\ti-cgt-c6000_8.0.4\lib\</path>
         <kind>archive</kind>
         <file>rts6600_elf.lib</file>
         <name>errno.obj</name>
      </input_file>
      <input_file id="fl-51">
         <path>D:\CCSv74\ccsv7\tools\compiler\ti-cgt-c6000_8.0.4\lib\</path>
         <kind>archive</kind>
         <file>rts6600_elf.lib</file>
         <name>fopen.obj</name>
      </input_file>
      <input_file id="fl-52">
         <path>D:\CCSv74\ccsv7\tools\compiler\ti-cgt-c6000_8.0.4\lib\</path>
         <kind>archive</kind>
         <file>rts6600_elf.lib</file>
         <name>memory.obj</name>
      </input_file>
      <input_file id="fl-53">
         <path>D:\CCSv74\ccsv7\tools\compiler\ti-cgt-c6000_8.0.4\lib\</path>
         <kind>archive</kind>
         <file>rts6600_elf.lib</file>
         <name>fclose.obj</name>
      </input_file>
      <input_file id="fl-54">
         <path>D:\CCSv74\ccsv7\tools\compiler\ti-cgt-c6000_8.0.4\lib\</path>
         <kind>archive</kind>
         <file>rts6600_elf.lib</file>
         <name>remove.obj</name>
      </input_file>
      <input_file id="fl-55">
         <path>C:\ti\pdk_C6678_1_1_2_6\packages\ti\csl\lib\</path>
         <kind>archive</kind>
         <file>ti.csl.ae66</file>
         <name>csl_chip.oe66</name>
      </input_file>
      <input_file id="fl-56">
         <path>C:\ti\pdk_C6678_1_1_2_6\packages\ti\csl\lib\</path>
         <kind>archive</kind>
         <file>ti.csl.intc.ae66</file>
         <name>_csl_intcIntrEnDisRes.oe66</name>
      </input_file>
      <input_file id="fl-57">
         <path>C:\ti\pdk_C6678_1_1_2_6\packages\ti\csl\lib\</path>
         <kind>archive</kind>
         <file>ti.csl.intc.ae66</file>
         <name>_csl_intcIsrDispatch.oe66</name>
      </input_file>
      <input_file id="fl-58">
         <path>C:\ti\pdk_C6678_1_1_2_6\packages\ti\csl\lib\</path>
         <kind>archive</kind>
         <file>ti.csl.intc.ae66</file>
         <name>_csl_intcResource.oe66</name>
      </input_file>
      <input_file id="fl-59">
         <path>C:\ti\pdk_C6678_1_1_2_6\packages\ti\csl\lib\</path>
         <kind>archive</kind>
         <file>ti.csl.intc.ae66</file>
         <name>csl_intcHwControl.oe66</name>
      </input_file>
      <input_file id="fl-5a">
         <path>C:\ti\pdk_C6678_1_1_2_6\packages\ti\csl\lib\</path>
         <kind>archive</kind>
         <file>ti.csl.intc.ae66</file>
         <name>csl_intcInit.oe66</name>
      </input_file>
      <input_file id="fl-5b">
         <path>C:\ti\pdk_C6678_1_1_2_6\packages\ti\csl\lib\</path>
         <kind>archive</kind>
         <file>ti.csl.intc.ae66</file>
         <name>csl_intcOpen.oe66</name>
      </input_file>
      <input_file id="fl-5c">
         <path>C:\ti\pdk_C6678_1_1_2_6\packages\ti\csl\lib\</path>
         <kind>archive</kind>
         <file>ti.csl.intc.ae66</file>
         <name>csl_intcPlugEventHandler.oe66</name>
      </input_file>
      <input_file id="fl-5d">
         <path>C:\ti\pdk_C6678_1_1_2_6\packages\ti\csl\lib\</path>
         <kind>archive</kind>
         <file>ti.csl.intc.ae66</file>
         <name>_csl_intcCombEventDispatcher.oe66</name>
      </input_file>
      <input_file id="fl-5e">
         <path>C:\ti\pdk_C6678_1_1_2_6\packages\ti\csl\lib\</path>
         <kind>archive</kind>
         <file>ti.csl.intc.ae66</file>
         <name>_csl_intcDispatcher.oe66</name>
      </input_file>
      <input_file id="fl-5f">
         <path>C:\ti\pdk_C6678_1_1_2_6\packages\ti\csl\lib\</path>
         <kind>archive</kind>
         <file>ti.csl.intc.ae66</file>
         <name>_csl_intcNmiDummy.oe66</name>
      </input_file>
      <input_file id="fl-60">
         <path>C:\ti\pdk_C6678_1_1_2_6\packages\ti\csl\lib\</path>
         <kind>archive</kind>
         <file>ti.csl.intc.ae66</file>
         <name>csl_intcHookIsr.oe66</name>
      </input_file>
   </input_file_list>
   <object_component_list>
      <object_component id="oc-2c">
         <name>.bootload</name>
         <load_address>0x800000</load_address>
         <run_address>0x800000</run_address>
         <size>0x60</size>
         <input_file_ref idref="fl-2"/>
      </object_component>
      <object_component id="oc-9d">
         <name>.text</name>
         <load_address>0x800400</load_address>
         <run_address>0x800400</run_address>
         <size>0x5a00</size>
         <input_file_ref idref="fl-6"/>
      </object_component>
      <object_component id="oc-24d">
         <name>.text</name>
         <load_address>0x805e00</load_address>
         <run_address>0x805e00</run_address>
         <size>0x7a0</size>
         <input_file_ref idref="fl-3"/>
      </object_component>
      <object_component id="oc-1cd">
         <name>.text:__c6xabi_divd</name>
         <load_address>0x8065a0</load_address>
         <run_address>0x8065a0</run_address>
         <size>0x600</size>
         <input_file_ref idref="fl-2a"/>
      </object_component>
      <object_component id="oc-30a">
         <name>.text:_setfield</name>
         <load_address>0x806ba0</load_address>
         <run_address>0x806ba0</run_address>
         <size>0x5a0</size>
         <input_file_ref idref="fl-3c"/>
      </object_component>
      <object_component id="oc-46f">
         <name>.text:_getarg_diouxp</name>
         <load_address>0x807140</load_address>
         <run_address>0x807140</run_address>
         <size>0x580</size>
         <input_file_ref idref="fl-3c"/>
      </object_component>
      <object_component id="oc-31">
         <name>.text:retain</name>
         <load_address>0x8076c0</load_address>
         <run_address>0x8076c0</run_address>
         <size>0x4c0</size>
         <input_file_ref idref="fl-6"/>
      </object_component>
      <object_component id="oc-253">
         <name>.text</name>
         <load_address>0x807b80</load_address>
         <run_address>0x807b80</run_address>
         <size>0x480</size>
         <input_file_ref idref="fl-5"/>
      </object_component>
      <object_component id="oc-1fc">
         <name>.text:__TI_printfi</name>
         <load_address>0x808000</load_address>
         <run_address>0x808000</run_address>
         <size>0x460</size>
         <input_file_ref idref="fl-3c"/>
      </object_component>
      <object_component id="oc-1bc">
         <name>.text:Core_MPAX</name>
         <load_address>0x808460</load_address>
         <run_address>0x808460</run_address>
         <size>0x420</size>
         <input_file_ref idref="fl-6"/>
      </object_component>
      <object_component id="oc-364">
         <name>.text:csl_section:intc:CSL_intcHwControl</name>
         <load_address>0x808880</load_address>
         <run_address>0x808880</run_address>
         <size>0x3c0</size>
         <input_file_ref idref="fl-59"/>
      </object_component>
      <object_component id="oc-1e2">
         <name>.text:fputs</name>
         <load_address>0x808c40</load_address>
         <run_address>0x808c40</run_address>
         <size>0x380</size>
         <input_file_ref idref="fl-2f"/>
      </object_component>
      <object_component id="oc-3de">
         <name>.text:_pproc_fgea</name>
         <load_address>0x808fc0</load_address>
         <run_address>0x808fc0</run_address>
         <size>0x300</size>
         <input_file_ref idref="fl-3c"/>
      </object_component>
      <object_component id="oc-304">
         <name>.text:_pproc_fwp</name>
         <load_address>0x8092c0</load_address>
         <run_address>0x8092c0</run_address>
         <size>0x2c0</size>
         <input_file_ref idref="fl-3c"/>
      </object_component>
      <object_component id="oc-4e0">
         <name>.text:ecvt</name>
         <load_address>0x809580</load_address>
         <run_address>0x809580</run_address>
         <size>0x2a0</size>
         <input_file_ref idref="fl-3c"/>
      </object_component>
      <object_component id="oc-41a">
         <name>.text:free</name>
         <load_address>0x809820</load_address>
         <run_address>0x809820</run_address>
         <size>0x2a0</size>
         <input_file_ref idref="fl-52"/>
      </object_component>
      <object_component id="oc-1a5">
         <name>.text:__c6xabi_divf</name>
         <load_address>0x809ac0</load_address>
         <run_address>0x809ac0</run_address>
         <size>0x280</size>
         <input_file_ref idref="fl-2b"/>
      </object_component>
      <object_component id="oc-4f3">
         <name>.text:fcvt</name>
         <load_address>0x809d40</load_address>
         <run_address>0x809d40</run_address>
         <size>0x280</size>
         <input_file_ref idref="fl-3c"/>
      </object_component>
      <object_component id="oc-461">
         <name>.text:_pconv_e</name>
         <load_address>0x809fc0</load_address>
         <run_address>0x809fc0</run_address>
         <size>0x260</size>
         <input_file_ref idref="fl-3c"/>
      </object_component>
      <object_component id="oc-1b6">
         <name>.text:__c6xabi_divull</name>
         <load_address>0x80a220</load_address>
         <run_address>0x80a220</run_address>
         <size>0x240</size>
         <input_file_ref idref="fl-31"/>
      </object_component>
      <object_component id="oc-3e4">
         <name>.text:_pproc_diouxp</name>
         <load_address>0x80a460</load_address>
         <run_address>0x80a460</run_address>
         <size>0x240</size>
         <input_file_ref idref="fl-3c"/>
      </object_component>
      <object_component id="oc-310">
         <name>.text:_pproc_str</name>
         <load_address>0x80a6a0</load_address>
         <run_address>0x80a6a0</run_address>
         <size>0x240</size>
         <input_file_ref idref="fl-3c"/>
      </object_component>
      <object_component id="oc-507">
         <name>.text:acvt</name>
         <load_address>0x80a8e0</load_address>
         <run_address>0x80a8e0</run_address>
         <size>0x240</size>
         <input_file_ref idref="fl-3c"/>
      </object_component>
      <object_component id="oc-3c2">
         <name>.text:setvbuf</name>
         <load_address>0x80ab20</load_address>
         <run_address>0x80ab20</run_address>
         <size>0x240</size>
         <input_file_ref idref="fl-4d"/>
      </object_component>
      <object_component id="oc-3e">
         <name>.text:csl_section:intc:CSL_intcOpen</name>
         <load_address>0x80ad60</load_address>
         <run_address>0x80ad60</run_address>
         <size>0x220</size>
         <input_file_ref idref="fl-5b"/>
      </object_component>
      <object_component id="oc-51">
         <name>.text:csl_section:intc:_CSL_intcEvent0Dispatcher</name>
         <load_address>0x80af80</load_address>
         <run_address>0x80af80</run_address>
         <size>0x220</size>
         <input_file_ref idref="fl-5d"/>
      </object_component>
      <object_component id="oc-4c">
         <name>.text:csl_section:intc:_CSL_intcEvent1Dispatcher</name>
         <load_address>0x80b1a0</load_address>
         <run_address>0x80b1a0</run_address>
         <size>0x220</size>
         <input_file_ref idref="fl-5d"/>
      </object_component>
      <object_component id="oc-47">
         <name>.text:csl_section:intc:_CSL_intcEvent2Dispatcher</name>
         <load_address>0x80b3c0</load_address>
         <run_address>0x80b3c0</run_address>
         <size>0x220</size>
         <input_file_ref idref="fl-5d"/>
      </object_component>
      <object_component id="oc-3d">
         <name>.text:csl_section:intc:_CSL_intcEvent3Dispatcher</name>
         <load_address>0x80b5e0</load_address>
         <run_address>0x80b5e0</run_address>
         <size>0x220</size>
         <input_file_ref idref="fl-5d"/>
      </object_component>
      <object_component id="oc-2f6">
         <name>.text:fputc</name>
         <load_address>0x80b800</load_address>
         <run_address>0x80b800</run_address>
         <size>0x220</size>
         <input_file_ref idref="fl-45"/>
      </object_component>
      <object_component id="oc-455">
         <name>.text:_pconv_g</name>
         <load_address>0x80ba20</load_address>
         <run_address>0x80ba20</run_address>
         <size>0x200</size>
         <input_file_ref idref="fl-3c"/>
      </object_component>
      <object_component id="oc-56c">
         <name>.text:__c6xabi_divul</name>
         <load_address>0x80bc20</load_address>
         <run_address>0x80bc20</run_address>
         <size>0x1e0</size>
         <input_file_ref idref="fl-48"/>
      </object_component>
      <object_component id="oc-56">
         <name>.text:csl_section:intc:_CSL_intcDispatcher</name>
         <load_address>0x80be00</load_address>
         <run_address>0x80be00</run_address>
         <size>0x1e0</size>
         <input_file_ref idref="fl-5e"/>
      </object_component>
      <object_component id="oc-4d1">
         <name>.text:HOSTrename</name>
         <load_address>0x80bfe0</load_address>
         <run_address>0x80bfe0</run_address>
         <size>0x1a0</size>
         <input_file_ref idref="fl-38"/>
      </object_component>
      <object_component id="oc-467">
         <name>.text:_pconv_a</name>
         <load_address>0x80c180</load_address>
         <run_address>0x80c180</run_address>
         <size>0x1a0</size>
         <input_file_ref idref="fl-3c"/>
      </object_component>
      <object_component id="oc-501">
         <name>.text:frexp</name>
         <load_address>0x80c320</load_address>
         <run_address>0x80c320</run_address>
         <size>0x1a0</size>
         <input_file_ref idref="fl-46"/>
      </object_component>
      <object_component id="oc-420">
         <name>.text:malloc</name>
         <load_address>0x80c4c0</load_address>
         <run_address>0x80c4c0</run_address>
         <size>0x180</size>
         <input_file_ref idref="fl-52"/>
      </object_component>
      <object_component id="oc-6c">
         <name>.text:__TI_decompress_rle_core</name>
         <load_address>0x80c640</load_address>
         <run_address>0x80c640</run_address>
         <size>0x160</size>
         <input_file_ref idref="fl-28"/>
      </object_component>
      <object_component id="oc-4ec">
         <name>.text:_mcpy</name>
         <load_address>0x80c7a0</load_address>
         <run_address>0x80c7a0</run_address>
         <size>0x160</size>
         <input_file_ref idref="fl-3c"/>
      </object_component>
      <object_component id="oc-248">
         <name>.text:CSL_chipReadReg</name>
         <load_address>0x80c900</load_address>
         <run_address>0x80c900</run_address>
         <size>0x140</size>
         <input_file_ref idref="fl-55"/>
      </object_component>
      <object_component id="oc-48d">
         <name>.text:__TI_closefile</name>
         <load_address>0x80ca40</load_address>
         <run_address>0x80ca40</run_address>
         <size>0x140</size>
         <input_file_ref idref="fl-53"/>
      </object_component>
      <object_component id="oc-91">
         <name>.text:_auto_init_elf</name>
         <load_address>0x80cb80</load_address>
         <run_address>0x80cb80</run_address>
         <size>0x140</size>
         <input_file_ref idref="fl-40"/>
      </object_component>
      <object_component id="oc-57">
         <name>.text:csl_section:intc:CSL_intcInit</name>
         <load_address>0x80ccc0</load_address>
         <run_address>0x80ccc0</run_address>
         <size>0x140</size>
         <input_file_ref idref="fl-5a"/>
      </object_component>
      <object_component id="oc-d2">
         <name>.text:csl_section:intc</name>
         <load_address>0x80ce00</load_address>
         <run_address>0x80ce00</run_address>
         <size>0x140</size>
         <input_file_ref idref="fl-56"/>
      </object_component>
      <object_component id="oc-574">
         <name>.text:getdevice</name>
         <load_address>0x80cf40</load_address>
         <run_address>0x80cf40</run_address>
         <size>0x140</size>
         <input_file_ref idref="fl-33"/>
      </object_component>
      <object_component id="oc-559">
         <name>.text:ldexp</name>
         <load_address>0x80d080</load_address>
         <run_address>0x80d080</run_address>
         <size>0x140</size>
         <input_file_ref idref="fl-4a"/>
      </object_component>
      <object_component id="oc-3bc">
         <name>.text:fseek</name>
         <load_address>0x80d1c0</load_address>
         <run_address>0x80d1c0</run_address>
         <size>0x120</size>
         <input_file_ref idref="fl-47"/>
      </object_component>
      <object_component id="oc-4c5">
         <name>.text:HOSTlseek</name>
         <load_address>0x80d2e0</load_address>
         <run_address>0x80d2e0</run_address>
         <size>0x100</size>
         <input_file_ref idref="fl-38"/>
      </object_component>
      <object_component id="oc-2d1">
         <name>.text:__TI_wrt_ok</name>
         <load_address>0x80d3e0</load_address>
         <run_address>0x80d3e0</run_address>
         <size>0x100</size>
         <input_file_ref idref="fl-3a"/>
      </object_component>
      <object_component id="oc-475">
         <name>.text:_ltostr</name>
         <load_address>0x80d4e0</load_address>
         <run_address>0x80d4e0</run_address>
         <size>0x100</size>
         <input_file_ref idref="fl-3c"/>
      </object_component>
      <object_component id="oc-2fe">
         <name>.text:_pproc_fflags</name>
         <load_address>0x80d5e0</load_address>
         <run_address>0x80d5e0</run_address>
         <size>0x100</size>
         <input_file_ref idref="fl-3c"/>
      </object_component>
      <object_component id="oc-3d7">
         <name>.text:atoi</name>
         <load_address>0x80d6e0</load_address>
         <run_address>0x80d6e0</run_address>
         <size>0x100</size>
         <input_file_ref idref="fl-3f"/>
      </object_component>
      <object_component id="oc-104">
         <name>.text:copy_in</name>
         <load_address>0x80d7e0</load_address>
         <run_address>0x80d7e0</run_address>
         <size>0x100</size>
         <input_file_ref idref="fl-41"/>
      </object_component>
      <object_component id="oc-4ad">
         <name>.text:HOSTopen</name>
         <load_address>0x80d8e0</load_address>
         <run_address>0x80d8e0</run_address>
         <size>0xe0</size>
         <input_file_ref idref="fl-38"/>
      </object_component>
      <object_component id="oc-4bf">
         <name>.text:HOSTwrite</name>
         <load_address>0x80d9c0</load_address>
         <run_address>0x80d9c0</run_address>
         <size>0xe0</size>
         <input_file_ref idref="fl-38"/>
      </object_component>
      <object_component id="oc-50f">
         <name>.text:_div</name>
         <load_address>0x80daa0</load_address>
         <run_address>0x80daa0</run_address>
         <size>0xe0</size>
         <input_file_ref idref="fl-3c"/>
      </object_component>
      <object_component id="oc-51a">
         <name>.text:close</name>
         <load_address>0x80db80</load_address>
         <run_address>0x80db80</run_address>
         <size>0xe0</size>
         <input_file_ref idref="fl-33"/>
      </object_component>
      <object_component id="oc-546">
         <name>.text:ltoa</name>
         <load_address>0x80dc60</load_address>
         <run_address>0x80dc60</run_address>
         <size>0xe0</size>
         <input_file_ref idref="fl-4b"/>
      </object_component>
      <object_component id="oc-1c7">
         <name>.text:memset</name>
         <load_address>0x80dd40</load_address>
         <run_address>0x80dd40</run_address>
         <size>0xe0</size>
         <input_file_ref idref="fl-35"/>
      </object_component>
      <object_component id="oc-a9">
         <name>.text:printf</name>
         <load_address>0x80de20</load_address>
         <run_address>0x80de20</run_address>
         <size>0xe0</size>
         <input_file_ref idref="fl-36"/>
      </object_component>
      <object_component id="oc-4b9">
         <name>.text:HOSTread</name>
         <load_address>0x80df00</load_address>
         <run_address>0x80df00</run_address>
         <size>0xc0</size>
         <input_file_ref idref="fl-38"/>
      </object_component>
      <object_component id="oc-4cb">
         <name>.text:HOSTunlink</name>
         <load_address>0x80dfc0</load_address>
         <run_address>0x80dfc0</run_address>
         <size>0xc0</size>
         <input_file_ref idref="fl-38"/>
      </object_component>
      <object_component id="oc-2d7">
         <name>.text:__TI_doflush</name>
         <load_address>0x80e080</load_address>
         <run_address>0x80e080</run_address>
         <size>0xc0</size>
         <input_file_ref idref="fl-44"/>
      </object_component>
      <object_component id="oc-1b1">
         <name>.text:__divu</name>
         <load_address>0x80e140</load_address>
         <run_address>0x80e140</run_address>
         <size>0xc0</size>
         <input_file_ref idref="fl-2c"/>
      </object_component>
      <object_component id="oc-4e6">
         <name>.text:_ecpy</name>
         <load_address>0x80e200</load_address>
         <run_address>0x80e200</run_address>
         <size>0xc0</size>
         <input_file_ref idref="fl-3c"/>
      </object_component>
      <object_component id="oc-35f">
         <name>.text:csl_section:intc:CSL_intcPlugEventHandler</name>
         <load_address>0x80e2c0</load_address>
         <run_address>0x80e2c0</run_address>
         <size>0xc0</size>
         <input_file_ref idref="fl-5c"/>
      </object_component>
      <object_component id="oc-8b">
         <name>.text:exit</name>
         <load_address>0x80e380</load_address>
         <run_address>0x80e380</run_address>
         <size>0xc0</size>
         <input_file_ref idref="fl-2d"/>
      </object_component>
      <object_component id="oc-49d">
         <name>.text:minsert</name>
         <load_address>0x80e440</load_address>
         <run_address>0x80e440</run_address>
         <size>0xc0</size>
         <input_file_ref idref="fl-52"/>
      </object_component>
      <object_component id="oc-497">
         <name>.text:mremove</name>
         <load_address>0x80e500</load_address>
         <run_address>0x80e500</run_address>
         <size>0xc0</size>
         <input_file_ref idref="fl-52"/>
      </object_component>
      <object_component id="oc-10a">
         <name>.text:tls:init:__TI_tls_init</name>
         <load_address>0x80e5c0</load_address>
         <run_address>0x80e5c0</run_address>
         <size>0xc0</size>
         <input_file_ref idref="fl-4e"/>
      </object_component>
      <object_component id="oc-4b3">
         <name>.text:HOSTclose</name>
         <load_address>0x80e680</load_address>
         <run_address>0x80e680</run_address>
         <size>0xa0</size>
         <input_file_ref idref="fl-38"/>
      </object_component>
      <object_component id="oc-414">
         <name>.text:__TI_cleanup</name>
         <load_address>0x80e720</load_address>
         <run_address>0x80e720</run_address>
         <size>0xa0</size>
         <input_file_ref idref="fl-51"/>
      </object_component>
      <object_component id="oc-4f9">
         <name>.text:_fcpy</name>
         <load_address>0x80e7c0</load_address>
         <run_address>0x80e7c0</run_address>
         <size>0xa0</size>
         <input_file_ref idref="fl-3c"/>
      </object_component>
      <object_component id="oc-4a4">
         <name>.text:_minit</name>
         <load_address>0x80e860</load_address>
         <run_address>0x80e860</run_address>
         <size>0xa0</size>
         <input_file_ref idref="fl-52"/>
      </object_component>
      <object_component id="oc-45b">
         <name>.text:_pconv_f</name>
         <load_address>0x80e900</load_address>
         <run_address>0x80e900</run_address>
         <size>0xa0</size>
         <input_file_ref idref="fl-3c"/>
      </object_component>
      <object_component id="oc-60">
         <name>.text:memcpy</name>
         <load_address>0x80e9a0</load_address>
         <run_address>0x80e9a0</run_address>
         <size>0xa0</size>
         <input_file_ref idref="fl-34"/>
      </object_component>
      <object_component id="oc-537">
         <name>.text:__TI_readmsg</name>
         <load_address>0x80ea40</load_address>
         <run_address>0x80ea40</run_address>
         <size>0x80</size>
         <input_file_ref idref="fl-39"/>
      </object_component>
      <object_component id="oc-531">
         <name>.text:__TI_writemsg</name>
         <load_address>0x80eac0</load_address>
         <run_address>0x80eac0</run_address>
         <size>0x80</size>
         <input_file_ref idref="fl-39"/>
      </object_component>
      <object_component id="oc-1ab">
         <name>.text:__c6xabi_fixfu</name>
         <load_address>0x80eb40</load_address>
         <run_address>0x80eb40</run_address>
         <size>0x80</size>
         <input_file_ref idref="fl-2e"/>
      </object_component>
      <object_component id="oc-2a1">
         <name>.text:__c6xabi_llshl</name>
         <load_address>0x80ebc0</load_address>
         <run_address>0x80ebc0</run_address>
         <size>0x80</size>
         <input_file_ref idref="fl-32"/>
      </object_component>
      <object_component id="oc-594">
         <name>.text:finddevice</name>
         <load_address>0x80ec40</load_address>
         <run_address>0x80ec40</run_address>
         <size>0x80</size>
         <input_file_ref idref="fl-33"/>
      </object_component>
      <object_component id="oc-565">
         <name>.text:incr_hex</name>
         <load_address>0x80ecc0</load_address>
         <run_address>0x80ecc0</run_address>
         <size>0x80</size>
         <input_file_ref idref="fl-3c"/>
      </object_component>
      <object_component id="oc-f1">
         <name>.text</name>
         <load_address>0x80ed40</load_address>
         <run_address>0x80ed40</run_address>
         <size>0x80</size>
         <input_file_ref idref="fl-4"/>
      </object_component>
      <object_component id="oc-520">
         <name>.text:unlink</name>
         <load_address>0x80edc0</load_address>
         <run_address>0x80edc0</run_address>
         <size>0x80</size>
         <input_file_ref idref="fl-33"/>
      </object_component>
      <object_component id="oc-2bc">
         <name>.text:__TI_frcmpyd_div</name>
         <load_address>0x80ee40</load_address>
         <run_address>0x80ee40</run_address>
         <size>0x60</size>
         <input_file_ref idref="fl-30"/>
      </object_component>
      <object_component id="oc-2ad">
         <name>.text:__c6xabi_llshru</name>
         <load_address>0x80eea0</load_address>
         <run_address>0x80eea0</run_address>
         <size>0x60</size>
         <input_file_ref idref="fl-32"/>
      </object_component>
      <object_component id="oc-26">
         <name>.text:_c_int00</name>
         <load_address>0x80ef00</load_address>
         <run_address>0x80ef00</run_address>
         <size>0x60</size>
         <input_file_ref idref="fl-26"/>
      </object_component>
      <object_component id="oc-2a7">
         <name>.text:_subcull</name>
         <load_address>0x80ef60</load_address>
         <run_address>0x80ef60</run_address>
         <size>0x60</size>
         <input_file_ref idref="fl-31"/>
      </object_component>
      <object_component id="oc-40c">
         <name>.text:lseek</name>
         <load_address>0x80efc0</load_address>
         <run_address>0x80efc0</run_address>
         <size>0x60</size>
         <input_file_ref idref="fl-33"/>
      </object_component>
      <object_component id="oc-3ea">
         <name>.text:memccpy</name>
         <load_address>0x80f020</load_address>
         <run_address>0x80f020</run_address>
         <size>0x60</size>
         <input_file_ref idref="fl-4c"/>
      </object_component>
      <object_component id="oc-55f">
         <name>.text:val_hex</name>
         <load_address>0x80f080</load_address>
         <run_address>0x80f080</run_address>
         <size>0x60</size>
         <input_file_ref idref="fl-3c"/>
      </object_component>
      <object_component id="oc-2dd">
         <name>.text:write</name>
         <load_address>0x80f0e0</load_address>
         <run_address>0x80f0e0</run_address>
         <size>0x60</size>
         <input_file_ref idref="fl-33"/>
      </object_component>
      <object_component id="oc-44f">
         <name>.text:__c6xabi_isinf</name>
         <load_address>0x80f140</load_address>
         <run_address>0x80f140</run_address>
         <size>0x40</size>
         <input_file_ref idref="fl-49"/>
      </object_component>
      <object_component id="oc-449">
         <name>.text:__c6xabi_isnan</name>
         <load_address>0x80f180</load_address>
         <run_address>0x80f180</run_address>
         <size>0x40</size>
         <input_file_ref idref="fl-3c"/>
      </object_component>
      <object_component id="oc-1c2">
         <name>.text:__strasgi_64plus</name>
         <load_address>0x80f1c0</load_address>
         <run_address>0x80f1c0</run_address>
         <size>0x40</size>
         <input_file_ref idref="fl-37"/>
      </object_component>
      <object_component id="oc-85">
         <name>.text:_args_main</name>
         <load_address>0x80f200</load_address>
         <run_address>0x80f200</run_address>
         <size>0x40</size>
         <input_file_ref idref="fl-3e"/>
      </object_component>
      <object_component id="oc-a3">
         <name>.text:puts</name>
         <load_address>0x80f240</load_address>
         <run_address>0x80f240</run_address>
         <size>0x40</size>
         <input_file_ref idref="fl-2f"/>
      </object_component>
      <object_component id="oc-551">
         <name>.text:__c6xabi_errno_addr</name>
         <load_address>0x80f280</load_address>
         <run_address>0x80f280</run_address>
         <size>0x20</size>
         <input_file_ref idref="fl-50"/>
      </object_component>
      <object_component id="oc-2eb">
         <name>.text:_nop</name>
         <load_address>0x80f2a0</load_address>
         <run_address>0x80f2a0</run_address>
         <size>0x20</size>
         <input_file_ref idref="fl-3b"/>
      </object_component>
      <object_component id="oc-1f0">
         <name>.text:_outc</name>
         <load_address>0x80f2c0</load_address>
         <run_address>0x80f2c0</run_address>
         <size>0x20</size>
         <input_file_ref idref="fl-36"/>
      </object_component>
      <object_component id="oc-1f6">
         <name>.text:_outs</name>
         <load_address>0x80f2e0</load_address>
         <run_address>0x80f2e0</run_address>
         <size>0x20</size>
         <input_file_ref idref="fl-36"/>
      </object_component>
      <object_component id="oc-fc">
         <name>.text:abort</name>
         <load_address>0x80f300</load_address>
         <run_address>0x80f300</run_address>
         <size>0x20</size>
         <input_file_ref idref="fl-2d"/>
      </object_component>
      <object_component id="oc-bd">
         <name>.text:csl_section:intc:CSL_intcHookIsr</name>
         <load_address>0x80f320</load_address>
         <run_address>0x80f320</run_address>
         <size>0x20</size>
         <input_file_ref idref="fl-60"/>
      </object_component>
      <object_component id="oc-cd">
         <name>.text:csl_section:intc</name>
         <load_address>0x80f340</load_address>
         <run_address>0x80f340</run_address>
         <size>0x20</size>
         <input_file_ref idref="fl-5f"/>
      </object_component>
      <object_component id="oc-14">
         <name>.text:decompress:none:__TI_decompress_none</name>
         <load_address>0x80f360</load_address>
         <run_address>0x80f360</run_address>
         <size>0x20</size>
         <input_file_ref idref="fl-27"/>
      </object_component>
      <object_component id="oc-1a">
         <name>.text:decompress:rle24:__TI_decompress_rle24</name>
         <load_address>0x80f380</load_address>
         <run_address>0x80f380</run_address>
         <size>0x20</size>
         <input_file_ref idref="fl-28"/>
      </object_component>
      <object_component id="oc-5d1">
         <name>.cinit..fardata.load</name>
         <load_address>0x816600</load_address>
         <run_address>0x816600</run_address>
         <size>0x2ab</size>
      </object_component>
      <object_component id="oc-5ce">
         <name>.cinit..neardata.load</name>
         <load_address>0x8168ac</load_address>
         <run_address>0x8168ac</run_address>
         <size>0xc4</size>
      </object_component>
      <object_component id="oc-5d0">
         <name>.cinit..far.load</name>
         <load_address>0x816970</load_address>
         <run_address>0x816970</run_address>
         <size>0x1a</size>
      </object_component>
      <object_component id="oc-5cf">
         <name>.cinit..bss.load</name>
         <load_address>0x81698c</load_address>
         <run_address>0x81698c</run_address>
         <size>0x9</size>
      </object_component>
      <object_component id="oc-5cc">
         <name>__TI_handler_table</name>
         <load_address>0x816998</load_address>
         <run_address>0x816998</run_address>
         <size>0x8</size>
      </object_component>
      <object_component id="oc-5cd">
         <name>__TI_cinit_table</name>
         <load_address>0x8169a0</load_address>
         <run_address>0x8169a0</run_address>
         <size>0x20</size>
      </object_component>
      <object_component id="oc-9c">
         <name>.const:.string</name>
         <load_address>0x8133a0</load_address>
         <run_address>0x8133a0</run_address>
         <size>0x1a30</size>
         <input_file_ref idref="fl-6"/>
      </object_component>
      <object_component id="oc-352">
         <name>.const:.string</name>
         <load_address>0x814dd0</load_address>
         <run_address>0x814dd0</run_address>
         <size>0x1d4</size>
         <input_file_ref idref="fl-3"/>
      </object_component>
      <object_component id="oc-1e1">
         <name>.const:.string</name>
         <load_address>0x814fa4</load_address>
         <run_address>0x814fa4</run_address>
         <size>0x4</size>
         <input_file_ref idref="fl-2f"/>
      </object_component>
      <object_component id="oc-444">
         <name>.const:.string:_ctypes_</name>
         <load_address>0x814fa8</load_address>
         <run_address>0x814fa8</run_address>
         <size>0x101</size>
         <input_file_ref idref="fl-42"/>
      </object_component>
      <object_component id="oc-36f">
         <name>.const:.string</name>
         <load_address>0x8150ac</load_address>
         <run_address>0x8150ac</run_address>
         <size>0x78</size>
         <input_file_ref idref="fl-5"/>
      </object_component>
      <object_component id="oc-3f0">
         <name>.const:.string</name>
         <load_address>0x815124</load_address>
         <run_address>0x815124</run_address>
         <size>0x24</size>
         <input_file_ref idref="fl-3c"/>
      </object_component>
      <object_component id="oc-344">
         <name>.switch:CSL_chipReadReg</name>
         <load_address>0x816048</load_address>
         <run_address>0x816048</run_address>
         <size>0x70</size>
         <input_file_ref idref="fl-55"/>
      </object_component>
      <object_component id="oc-46d">
         <name>.switch:_pproc_fgea</name>
         <load_address>0x8160b8</load_address>
         <run_address>0x8160b8</run_address>
         <size>0x38</size>
         <input_file_ref idref="fl-3c"/>
      </object_component>
      <object_component id="oc-407">
         <name>.switch:CSL_intcHwControl</name>
         <load_address>0x8160f0</load_address>
         <run_address>0x8160f0</run_address>
         <size>0x1c</size>
         <input_file_ref idref="fl-59"/>
      </object_component>
      <object_component id="oc-bc">
         <name>.switch:CSL_intcOpen</name>
         <load_address>0x81610c</load_address>
         <run_address>0x81610c</run_address>
         <size>0x10</size>
         <input_file_ref idref="fl-5b"/>
      </object_component>
      <object_component id="oc-37">
         <name>.stack</name>
         <uninitialized>true</uninitialized>
         <run_address>0x80f3a0</run_address>
         <size>0x8</size>
         <input_file_ref idref="fl-26"/>
      </object_component>
      <object_component id="oc-5d2">
         <name>.stack</name>
         <uninitialized>true</uninitialized>
         <run_address>0x80f3a0</run_address>
         <size>0x0</size>
      </object_component>
      <object_component id="oc-178">
         <name>.neardata</name>
         <load_address>0x815f30</load_address>
         <run_address>0x815f30</run_address>
         <size>0xc0</size>
         <input_file_ref idref="fl-6"/>
      </object_component>
      <object_component id="oc-b9">
         <name>.bss:csl_section:intc:uninit</name>
         <load_address>0x815ff0</load_address>
         <run_address>0x815ff0</run_address>
         <size>0x4c</size>
         <input_file_ref idref="fl-58"/>
      </object_component>
      <object_component id="oc-b6">
         <name>.bss:csl_section:intc:init</name>
         <load_address>0x81603c</load_address>
         <run_address>0x81603c</run_address>
         <size>0x8</size>
         <input_file_ref idref="fl-58"/>
      </object_component>
      <object_component id="oc-34d">
         <name>.common:state</name>
         <load_address>0x816044</load_address>
         <run_address>0x816044</run_address>
         <size>0x4</size>
      </object_component>
      <object_component id="oc-2b5">
         <name>.far:Core_MPAX</name>
         <load_address>0x815870</load_address>
         <run_address>0x815870</run_address>
         <size>0x10</size>
         <input_file_ref idref="fl-6"/>
      </object_component>
      <object_component id="oc-34c">
         <name>.common:context</name>
         <load_address>0x815688</load_address>
         <run_address>0x815688</run_address>
         <size>0x98</size>
      </object_component>
      <object_component id="oc-34b">
         <name>.common:Record</name>
         <load_address>0x815148</load_address>
         <run_address>0x815148</run_address>
         <size>0x400</size>
      </object_component>
      <object_component id="oc-355">
         <name>.common:EventRecord</name>
         <load_address>0x815880</load_address>
         <run_address>0x815880</run_address>
         <size>0x8</size>
      </object_component>
      <object_component id="oc-34e">
         <name>.common:coreVector</name>
         <load_address>0x815850</load_address>
         <run_address>0x815850</run_address>
         <size>0x20</size>
      </object_component>
      <object_component id="oc-353">
         <name>.common:intcObj</name>
         <load_address>0x815720</load_address>
         <run_address>0x815720</run_address>
         <size>0x80</size>
      </object_component>
      <object_component id="oc-354">
         <name>.common:hintc</name>
         <load_address>0x815810</load_address>
         <run_address>0x815810</run_address>
         <size>0x40</size>
      </object_component>
      <object_component id="oc-99">
         <name>.common:exception_record</name>
         <load_address>0x8157a0</load_address>
         <run_address>0x8157a0</run_address>
         <size>0x6c</size>
      </object_component>
      <object_component id="oc-52e">
         <name>.common:parmbuf</name>
         <load_address>0x815888</load_address>
         <run_address>0x815888</run_address>
         <size>0x8</size>
      </object_component>
      <object_component id="oc-526">
         <name>.common:__TI_tmpnams</name>
         <load_address>0x815548</load_address>
         <run_address>0x815548</run_address>
         <size>0x140</size>
      </object_component>
      <object_component id="oc-356">
         <name>.fardata:iIPCGRInfo</name>
         <load_address>0x815d88</load_address>
         <run_address>0x815d88</run_address>
         <size>0x20</size>
         <input_file_ref idref="fl-3"/>
      </object_component>
      <object_component id="oc-359">
         <name>.fardata:iIPCARInfo</name>
         <load_address>0x815d68</load_address>
         <run_address>0x815d68</run_address>
         <size>0x20</size>
         <input_file_ref idref="fl-3"/>
      </object_component>
      <object_component id="oc-34f">
         <name>.fardata:intInfo</name>
         <load_address>0x815b10</load_address>
         <run_address>0x815b10</run_address>
         <size>0x80</size>
         <input_file_ref idref="fl-3"/>
      </object_component>
      <object_component id="oc-17e">
         <name>.fardata:gpEDMA_CC_regs</name>
         <load_address>0x815dd8</load_address>
         <run_address>0x815dd8</run_address>
         <size>0xc</size>
         <input_file_ref idref="fl-6"/>
      </object_component>
      <object_component id="oc-181">
         <name>.fardata:gpEDMA_TC_regs</name>
         <load_address>0x815c48</load_address>
         <run_address>0x815c48</run_address>
         <size>0x28</size>
         <input_file_ref idref="fl-6"/>
      </object_component>
      <object_component id="oc-17b">
         <name>.fardata:gpTimerRegs</name>
         <load_address>0x815c70</load_address>
         <run_address>0x815c70</run_address>
         <size>0x24</size>
         <input_file_ref idref="fl-6"/>
      </object_component>
      <object_component id="oc-184">
         <name>.fardata:gpMPU_regs</name>
         <load_address>0x815d48</load_address>
         <run_address>0x815d48</run_address>
         <size>0x20</size>
         <input_file_ref idref="fl-6"/>
      </object_component>
      <object_component id="oc-187">
         <name>.fardata:gstruMpuAddrRange</name>
         <load_address>0x815c08</load_address>
         <run_address>0x815c08</run_address>
         <size>0x40</size>
         <input_file_ref idref="fl-6"/>
      </object_component>
      <object_component id="oc-18d">
         <name>.fardata:Peri_MPU_err_type_str</name>
         <load_address>0x815da8</load_address>
         <run_address>0x815da8</run_address>
         <size>0x18</size>
         <input_file_ref idref="fl-6"/>
      </object_component>
      <object_component id="oc-18a">
         <name>.fardata:Ns_str</name>
         <load_address>0x815e00</load_address>
         <run_address>0x815e00</run_address>
         <size>0x8</size>
         <input_file_ref idref="fl-6"/>
      </object_component>
      <object_component id="oc-190">
         <name>.fardata:gCIC_EXC_EN_MASK</name>
         <load_address>0x815d28</load_address>
         <run_address>0x815d28</run_address>
         <size>0x20</size>
         <input_file_ref idref="fl-6"/>
      </object_component>
      <object_component id="oc-193">
         <name>.fardata:bus_err_stat_str</name>
         <load_address>0x815d08</load_address>
         <run_address>0x815d08</run_address>
         <size>0x20</size>
         <input_file_ref idref="fl-6"/>
      </object_component>
      <object_component id="oc-196">
         <name>.fardata:internal_exception_str</name>
         <load_address>0x815cc0</load_address>
         <run_address>0x815cc0</run_address>
         <size>0x24</size>
         <input_file_ref idref="fl-6"/>
      </object_component>
      <object_component id="oc-19c">
         <name>.fardata:device_type_str</name>
         <load_address>0x815dc0</load_address>
         <run_address>0x815dc0</run_address>
         <size>0x14</size>
         <input_file_ref idref="fl-6"/>
      </object_component>
      <object_component id="oc-19f">
         <name>.fardata:endian_str</name>
         <load_address>0x815e08</load_address>
         <run_address>0x815e08</run_address>
         <size>0x8</size>
         <input_file_ref idref="fl-6"/>
      </object_component>
      <object_component id="oc-199">
         <name>.fardata:boot_mode_str</name>
         <load_address>0x815ce8</load_address>
         <run_address>0x815ce8</run_address>
         <size>0x20</size>
         <input_file_ref idref="fl-6"/>
      </object_component>
      <object_component id="oc-1a2">
         <name>.fardata:input_clk_str</name>
         <load_address>0x815c98</load_address>
         <run_address>0x815c98</run_address>
         <size>0x24</size>
         <input_file_ref idref="fl-6"/>
      </object_component>
      <object_component id="oc-f9">
         <name>.fardata</name>
         <load_address>0x815de4</load_address>
         <run_address>0x815de4</run_address>
         <size>0xc</size>
         <input_file_ref idref="fl-2d"/>
      </object_component>
      <object_component id="oc-431">
         <name>.fardata:_device</name>
         <load_address>0x815b90</load_address>
         <run_address>0x815b90</run_address>
         <size>0x78</size>
         <input_file_ref idref="fl-33"/>
      </object_component>
      <object_component id="oc-3cc">
         <name>.fardata:_stream</name>
         <load_address>0x815a70</load_address>
         <run_address>0x815a70</run_address>
         <size>0xa0</size>
         <input_file_ref idref="fl-33"/>
      </object_component>
      <object_component id="oc-1ea">
         <name>.fardata:_lock</name>
         <load_address>0x815c94</load_address>
         <run_address>0x815c94</run_address>
         <size>0x4</size>
         <input_file_ref idref="fl-3b"/>
      </object_component>
      <object_component id="oc-1ed">
         <name>.fardata:_unlock</name>
         <load_address>0x815cbc</load_address>
         <run_address>0x815cbc</run_address>
         <size>0x4</size>
         <input_file_ref idref="fl-3b"/>
      </object_component>
      <object_component id="oc-1de">
         <name>.fardata:_ftable</name>
         <load_address>0x815890</load_address>
         <run_address>0x815890</run_address>
         <size>0x1e0</size>
         <input_file_ref idref="fl-43"/>
      </object_component>
      <object_component id="oc-48a">
         <name>.fardata</name>
         <load_address>0x815ce4</load_address>
         <run_address>0x815ce4</run_address>
         <size>0x4</size>
         <input_file_ref idref="fl-43"/>
      </object_component>
      <object_component id="oc-587">
         <name>.fardata</name>
         <load_address>0x815dd4</load_address>
         <run_address>0x815dd4</run_address>
         <size>0x4</size>
         <input_file_ref idref="fl-50"/>
      </object_component>
      <object_component id="oc-494">
         <name>.fardata</name>
         <load_address>0x815df0</load_address>
         <run_address>0x815df0</run_address>
         <size>0xc</size>
         <input_file_ref idref="fl-52"/>
      </object_component>
      <object_component id="oc-57f">
         <name>.cio</name>
         <uninitialized>true</uninitialized>
         <run_address>0x815e10</run_address>
         <size>0x120</size>
         <input_file_ref idref="fl-39"/>
      </object_component>
      <object_component id="oc-3a">
         <name>.sysmem</name>
         <uninitialized>true</uninitialized>
         <run_address>0x8113a0</run_address>
         <size>0x8</size>
         <input_file_ref idref="fl-52"/>
      </object_component>
      <object_component id="oc-5d3">
         <name>.sysmem</name>
         <uninitialized>true</uninitialized>
         <run_address>0x8113a0</run_address>
         <size>0x0</size>
      </object_component>
      <object_component id="oc-2d">
         <name>.debug_info</name>
         <load_address>0x0</load_address>
         <run_address>0x0</run_address>
         <size>0xd5</size>
         <input_file_ref idref="fl-2"/>
      </object_component>
      <object_component id="oc-276">
         <name>.debug_info</name>
         <load_address>0xd5</load_address>
         <run_address>0xd5</run_address>
         <size>0xbcb</size>
         <input_file_ref idref="fl-3"/>
      </object_component>
      <object_component id="oc-357">
         <name>.debug_info</name>
         <load_address>0xca0</load_address>
         <run_address>0xca0</run_address>
         <size>0xd4</size>
         <input_file_ref idref="fl-3"/>
      </object_component>
      <object_component id="oc-35a">
         <name>.debug_info</name>
         <load_address>0xd74</load_address>
         <run_address>0xd74</run_address>
         <size>0xd4</size>
         <input_file_ref idref="fl-3"/>
      </object_component>
      <object_component id="oc-350">
         <name>.debug_info</name>
         <load_address>0xe48</load_address>
         <run_address>0xe48</run_address>
         <size>0xce</size>
         <input_file_ref idref="fl-3"/>
      </object_component>
      <object_component id="oc-24e">
         <name>.debug_info</name>
         <load_address>0xf16</load_address>
         <run_address>0xf16</run_address>
         <size>0xc71</size>
         <input_file_ref idref="fl-3"/>
      </object_component>
      <object_component id="oc-36a">
         <name>.debug_info</name>
         <load_address>0x1b87</load_address>
         <run_address>0x1b87</run_address>
         <size>0x357</size>
         <input_file_ref idref="fl-3"/>
      </object_component>
      <object_component id="oc-15f">
         <name>.debug_info</name>
         <load_address>0x1ede</load_address>
         <run_address>0x1ede</run_address>
         <size>0x62b</size>
         <input_file_ref idref="fl-3"/>
      </object_component>
      <object_component id="oc-119">
         <name>.debug_info</name>
         <load_address>0x2509</load_address>
         <run_address>0x2509</run_address>
         <size>0x1169</size>
         <input_file_ref idref="fl-3"/>
      </object_component>
      <object_component id="oc-38b">
         <name>.debug_info</name>
         <load_address>0x3672</load_address>
         <run_address>0x3672</run_address>
         <size>0x357</size>
         <input_file_ref idref="fl-3"/>
      </object_component>
      <object_component id="oc-395">
         <name>.debug_info</name>
         <load_address>0x39c9</load_address>
         <run_address>0x39c9</run_address>
         <size>0x144</size>
         <input_file_ref idref="fl-3"/>
      </object_component>
      <object_component id="oc-1d4">
         <name>.debug_info</name>
         <load_address>0x3b0d</load_address>
         <run_address>0x3b0d</run_address>
         <size>0x106</size>
         <input_file_ref idref="fl-3"/>
      </object_component>
      <object_component id="oc-278">
         <name>.debug_info</name>
         <load_address>0x3c13</load_address>
         <run_address>0x3c13</run_address>
         <size>0x11a</size>
         <input_file_ref idref="fl-3"/>
      </object_component>
      <object_component id="oc-1d9">
         <name>.debug_info</name>
         <load_address>0x3d2d</load_address>
         <run_address>0x3d2d</run_address>
         <size>0xe7</size>
         <input_file_ref idref="fl-3"/>
      </object_component>
      <object_component id="oc-12d">
         <name>.debug_info</name>
         <load_address>0x3e14</load_address>
         <run_address>0x3e14</run_address>
         <size>0xdc3</size>
         <input_file_ref idref="fl-3"/>
      </object_component>
      <object_component id="oc-132">
         <name>.debug_info</name>
         <load_address>0x4bd7</load_address>
         <run_address>0x4bd7</run_address>
         <size>0xaad</size>
         <input_file_ref idref="fl-3"/>
      </object_component>
      <object_component id="oc-173">
         <name>.debug_info</name>
         <load_address>0x5684</load_address>
         <run_address>0x5684</run_address>
         <size>0xc8</size>
         <input_file_ref idref="fl-3"/>
      </object_component>
      <object_component id="oc-114">
         <name>.debug_info</name>
         <load_address>0x574c</load_address>
         <run_address>0x574c</run_address>
         <size>0x37c</size>
         <input_file_ref idref="fl-3"/>
      </object_component>
      <object_component id="oc-386">
         <name>.debug_info</name>
         <load_address>0x5ac8</load_address>
         <run_address>0x5ac8</run_address>
         <size>0x1f7</size>
         <input_file_ref idref="fl-3"/>
      </object_component>
      <object_component id="oc-15a">
         <name>.debug_info</name>
         <load_address>0x5cbf</load_address>
         <run_address>0x5cbf</run_address>
         <size>0x10b</size>
         <input_file_ref idref="fl-3"/>
      </object_component>
      <object_component id="oc-137">
         <name>.debug_info</name>
         <load_address>0x5dca</load_address>
         <run_address>0x5dca</run_address>
         <size>0x250</size>
         <input_file_ref idref="fl-3"/>
      </object_component>
      <object_component id="oc-128">
         <name>.debug_info</name>
         <load_address>0x601a</load_address>
         <run_address>0x601a</run_address>
         <size>0x1da</size>
         <input_file_ref idref="fl-3"/>
      </object_component>
      <object_component id="oc-150">
         <name>.debug_info</name>
         <load_address>0x61f4</load_address>
         <run_address>0x61f4</run_address>
         <size>0xb68</size>
         <input_file_ref idref="fl-3"/>
      </object_component>
      <object_component id="oc-11e">
         <name>.debug_info</name>
         <load_address>0x6d5c</load_address>
         <run_address>0x6d5c</run_address>
         <size>0x40a</size>
         <input_file_ref idref="fl-3"/>
      </object_component>
      <object_component id="oc-14b">
         <name>.debug_info</name>
         <load_address>0x7166</load_address>
         <run_address>0x7166</run_address>
         <size>0x1be6</size>
         <input_file_ref idref="fl-3"/>
      </object_component>
      <object_component id="oc-13c">
         <name>.debug_info</name>
         <load_address>0x8d4c</load_address>
         <run_address>0x8d4c</run_address>
         <size>0x17b</size>
         <input_file_ref idref="fl-3"/>
      </object_component>
      <object_component id="oc-141">
         <name>.debug_info</name>
         <load_address>0x8ec7</load_address>
         <run_address>0x8ec7</run_address>
         <size>0x479</size>
         <input_file_ref idref="fl-3"/>
      </object_component>
      <object_component id="oc-123">
         <name>.debug_info</name>
         <load_address>0x9340</load_address>
         <run_address>0x9340</run_address>
         <size>0x20e</size>
         <input_file_ref idref="fl-3"/>
      </object_component>
      <object_component id="oc-146">
         <name>.debug_info</name>
         <load_address>0x954e</load_address>
         <run_address>0x954e</run_address>
         <size>0x179</size>
         <input_file_ref idref="fl-3"/>
      </object_component>
      <object_component id="oc-155">
         <name>.debug_info</name>
         <load_address>0x96c7</load_address>
         <run_address>0x96c7</run_address>
         <size>0x598</size>
         <input_file_ref idref="fl-3"/>
      </object_component>
      <object_component id="oc-390">
         <name>.debug_info</name>
         <load_address>0x9c5f</load_address>
         <run_address>0x9c5f</run_address>
         <size>0xe1</size>
         <input_file_ref idref="fl-3"/>
      </object_component>
      <object_component id="oc-7f">
         <name>.debug_info</name>
         <load_address>0x9d40</load_address>
         <run_address>0x9d40</run_address>
         <size>0x88</size>
         <input_file_ref idref="fl-3"/>
      </object_component>
      <object_component id="oc-169">
         <name>.debug_info</name>
         <load_address>0x9dc8</load_address>
         <run_address>0x9dc8</run_address>
         <size>0xbb</size>
         <input_file_ref idref="fl-3"/>
      </object_component>
      <object_component id="oc-16e">
         <name>.debug_info</name>
         <load_address>0x9e83</load_address>
         <run_address>0x9e83</run_address>
         <size>0x1d9</size>
         <input_file_ref idref="fl-3"/>
      </object_component>
      <object_component id="oc-318">
         <name>.debug_info</name>
         <load_address>0xa05c</load_address>
         <run_address>0xa05c</run_address>
         <size>0x2c</size>
         <input_file_ref idref="fl-3"/>
      </object_component>
      <object_component id="oc-f2">
         <name>.debug_info</name>
         <load_address>0xa088</load_address>
         <run_address>0xa088</run_address>
         <size>0x163</size>
         <input_file_ref idref="fl-4"/>
      </object_component>
      <object_component id="oc-27d">
         <name>.debug_info</name>
         <load_address>0xa1eb</load_address>
         <run_address>0xa1eb</run_address>
         <size>0x8e1</size>
         <input_file_ref idref="fl-5"/>
      </object_component>
      <object_component id="oc-254">
         <name>.debug_info</name>
         <load_address>0xaacc</load_address>
         <run_address>0xaacc</run_address>
         <size>0x49f</size>
         <input_file_ref idref="fl-5"/>
      </object_component>
      <object_component id="oc-164">
         <name>.debug_info</name>
         <load_address>0xaf6b</load_address>
         <run_address>0xaf6b</run_address>
         <size>0xb94</size>
         <input_file_ref idref="fl-5"/>
      </object_component>
      <object_component id="oc-9a">
         <name>.debug_info</name>
         <load_address>0xbaff</load_address>
         <run_address>0xbaff</run_address>
         <size>0xb59</size>
         <input_file_ref idref="fl-6"/>
      </object_component>
      <object_component id="oc-179">
         <name>.debug_info</name>
         <load_address>0xc658</load_address>
         <run_address>0xc658</run_address>
         <size>0x955</size>
         <input_file_ref idref="fl-6"/>
      </object_component>
      <object_component id="oc-17f">
         <name>.debug_info</name>
         <load_address>0xcfad</load_address>
         <run_address>0xcfad</run_address>
         <size>0xe2</size>
         <input_file_ref idref="fl-6"/>
      </object_component>
      <object_component id="oc-182">
         <name>.debug_info</name>
         <load_address>0xd08f</load_address>
         <run_address>0xd08f</run_address>
         <size>0xe2</size>
         <input_file_ref idref="fl-6"/>
      </object_component>
      <object_component id="oc-17c">
         <name>.debug_info</name>
         <load_address>0xd171</load_address>
         <run_address>0xd171</run_address>
         <size>0xdc</size>
         <input_file_ref idref="fl-6"/>
      </object_component>
      <object_component id="oc-2b6">
         <name>.debug_info</name>
         <load_address>0xd24d</load_address>
         <run_address>0xd24d</run_address>
         <size>0xdf</size>
         <input_file_ref idref="fl-6"/>
      </object_component>
      <object_component id="oc-185">
         <name>.debug_info</name>
         <load_address>0xd32c</load_address>
         <run_address>0xd32c</run_address>
         <size>0xdb</size>
         <input_file_ref idref="fl-6"/>
      </object_component>
      <object_component id="oc-188">
         <name>.debug_info</name>
         <load_address>0xd407</load_address>
         <run_address>0xd407</run_address>
         <size>0xe9</size>
         <input_file_ref idref="fl-6"/>
      </object_component>
      <object_component id="oc-18e">
         <name>.debug_info</name>
         <load_address>0xd4f0</load_address>
         <run_address>0xd4f0</run_address>
         <size>0xf1</size>
         <input_file_ref idref="fl-6"/>
      </object_component>
      <object_component id="oc-18b">
         <name>.debug_info</name>
         <load_address>0xd5e1</load_address>
         <run_address>0xd5e1</run_address>
         <size>0xd3</size>
         <input_file_ref idref="fl-6"/>
      </object_component>
      <object_component id="oc-191">
         <name>.debug_info</name>
         <load_address>0xd6b4</load_address>
         <run_address>0xd6b4</run_address>
         <size>0xe7</size>
         <input_file_ref idref="fl-6"/>
      </object_component>
      <object_component id="oc-194">
         <name>.debug_info</name>
         <load_address>0xd79b</load_address>
         <run_address>0xd79b</run_address>
         <size>0xe7</size>
         <input_file_ref idref="fl-6"/>
      </object_component>
      <object_component id="oc-197">
         <name>.debug_info</name>
         <load_address>0xd882</load_address>
         <run_address>0xd882</run_address>
         <size>0xf3</size>
         <input_file_ref idref="fl-6"/>
      </object_component>
      <object_component id="oc-19d">
         <name>.debug_info</name>
         <load_address>0xd975</load_address>
         <run_address>0xd975</run_address>
         <size>0xe5</size>
         <input_file_ref idref="fl-6"/>
      </object_component>
      <object_component id="oc-1a0">
         <name>.debug_info</name>
         <load_address>0xda5a</load_address>
         <run_address>0xda5a</run_address>
         <size>0xdb</size>
         <input_file_ref idref="fl-6"/>
      </object_component>
      <object_component id="oc-19a">
         <name>.debug_info</name>
         <load_address>0xdb35</load_address>
         <run_address>0xdb35</run_address>
         <size>0xe1</size>
         <input_file_ref idref="fl-6"/>
      </object_component>
      <object_component id="oc-1a3">
         <name>.debug_info</name>
         <load_address>0xdc16</load_address>
         <run_address>0xdc16</run_address>
         <size>0xe1</size>
         <input_file_ref idref="fl-6"/>
      </object_component>
      <object_component id="oc-9f">
         <name>.debug_info</name>
         <load_address>0xdcf7</load_address>
         <run_address>0xdcf7</run_address>
         <size>0x8b42</size>
         <input_file_ref idref="fl-6"/>
      </object_component>
      <object_component id="oc-1be">
         <name>.debug_info</name>
         <load_address>0x16839</load_address>
         <run_address>0x16839</run_address>
         <size>0x5da</size>
         <input_file_ref idref="fl-6"/>
      </object_component>
      <object_component id="oc-33">
         <name>.debug_info</name>
         <load_address>0x16e13</load_address>
         <run_address>0x16e13</run_address>
         <size>0x313</size>
         <input_file_ref idref="fl-6"/>
      </object_component>
      <object_component id="oc-b2">
         <name>.debug_info</name>
         <load_address>0x17126</load_address>
         <run_address>0x17126</run_address>
         <size>0x13b</size>
         <input_file_ref idref="fl-26"/>
      </object_component>
      <object_component id="oc-38">
         <name>.debug_info</name>
         <load_address>0x17261</load_address>
         <run_address>0x17261</run_address>
         <size>0xec</size>
         <input_file_ref idref="fl-26"/>
      </object_component>
      <object_component id="oc-2a">
         <name>.debug_info</name>
         <load_address>0x1734d</load_address>
         <run_address>0x1734d</run_address>
         <size>0x151</size>
         <input_file_ref idref="fl-26"/>
      </object_component>
      <object_component id="oc-6b">
         <name>.debug_info</name>
         <load_address>0x1749e</load_address>
         <run_address>0x1749e</run_address>
         <size>0x132</size>
         <input_file_ref idref="fl-27"/>
      </object_component>
      <object_component id="oc-18">
         <name>.debug_info</name>
         <load_address>0x175d0</load_address>
         <run_address>0x175d0</run_address>
         <size>0x1c3</size>
         <input_file_ref idref="fl-27"/>
      </object_component>
      <object_component id="oc-66">
         <name>.debug_info</name>
         <load_address>0x17793</load_address>
         <run_address>0x17793</run_address>
         <size>0x46</size>
         <input_file_ref idref="fl-27"/>
      </object_component>
      <object_component id="oc-e0">
         <name>.debug_info</name>
         <load_address>0x177d9</load_address>
         <run_address>0x177d9</run_address>
         <size>0x2c</size>
         <input_file_ref idref="fl-27"/>
      </object_component>
      <object_component id="oc-73">
         <name>.debug_info</name>
         <load_address>0x17805</load_address>
         <run_address>0x17805</run_address>
         <size>0x22c</size>
         <input_file_ref idref="fl-28"/>
      </object_component>
      <object_component id="oc-70">
         <name>.debug_info</name>
         <load_address>0x17a31</load_address>
         <run_address>0x17a31</run_address>
         <size>0x2d4</size>
         <input_file_ref idref="fl-28"/>
      </object_component>
      <object_component id="oc-1e">
         <name>.debug_info</name>
         <load_address>0x17d05</load_address>
         <run_address>0x17d05</run_address>
         <size>0x1ad</size>
         <input_file_ref idref="fl-28"/>
      </object_component>
      <object_component id="oc-74">
         <name>.debug_info</name>
         <load_address>0x17eb2</load_address>
         <run_address>0x17eb2</run_address>
         <size>0x39</size>
         <input_file_ref idref="fl-28"/>
      </object_component>
      <object_component id="oc-ea">
         <name>.debug_info</name>
         <load_address>0x17eeb</load_address>
         <run_address>0x17eeb</run_address>
         <size>0x2c</size>
         <input_file_ref idref="fl-28"/>
      </object_component>
      <object_component id="oc-1ce">
         <name>.debug_info</name>
         <load_address>0x17f17</load_address>
         <run_address>0x17f17</run_address>
         <size>0x233</size>
         <input_file_ref idref="fl-2a"/>
      </object_component>
      <object_component id="oc-2c3">
         <name>.debug_info</name>
         <load_address>0x1814a</load_address>
         <run_address>0x1814a</run_address>
         <size>0x7f</size>
         <input_file_ref idref="fl-2a"/>
      </object_component>
      <object_component id="oc-2c8">
         <name>.debug_info</name>
         <load_address>0x181c9</load_address>
         <run_address>0x181c9</run_address>
         <size>0x60</size>
         <input_file_ref idref="fl-2a"/>
      </object_component>
      <object_component id="oc-29d">
         <name>.debug_info</name>
         <load_address>0x18229</load_address>
         <run_address>0x18229</run_address>
         <size>0x188</size>
         <input_file_ref idref="fl-2b"/>
      </object_component>
      <object_component id="oc-1a6">
         <name>.debug_info</name>
         <load_address>0x183b1</load_address>
         <run_address>0x183b1</run_address>
         <size>0x188</size>
         <input_file_ref idref="fl-2b"/>
      </object_component>
      <object_component id="oc-1b3">
         <name>.debug_info</name>
         <load_address>0x18539</load_address>
         <run_address>0x18539</run_address>
         <size>0x10b</size>
         <input_file_ref idref="fl-2c"/>
      </object_component>
      <object_component id="oc-103">
         <name>.debug_info</name>
         <load_address>0x18644</load_address>
         <run_address>0x18644</run_address>
         <size>0x154</size>
         <input_file_ref idref="fl-2d"/>
      </object_component>
      <object_component id="oc-fa">
         <name>.debug_info</name>
         <load_address>0x18798</load_address>
         <run_address>0x18798</run_address>
         <size>0x17c</size>
         <input_file_ref idref="fl-2d"/>
      </object_component>
      <object_component id="oc-fe">
         <name>.debug_info</name>
         <load_address>0x18914</load_address>
         <run_address>0x18914</run_address>
         <size>0x10e</size>
         <input_file_ref idref="fl-2d"/>
      </object_component>
      <object_component id="oc-8c">
         <name>.debug_info</name>
         <load_address>0x18a22</load_address>
         <run_address>0x18a22</run_address>
         <size>0x16e</size>
         <input_file_ref idref="fl-2d"/>
      </object_component>
      <object_component id="oc-29f">
         <name>.debug_info</name>
         <load_address>0x18b90</load_address>
         <run_address>0x18b90</run_address>
         <size>0xf5</size>
         <input_file_ref idref="fl-2e"/>
      </object_component>
      <object_component id="oc-1ac">
         <name>.debug_info</name>
         <load_address>0x18c85</load_address>
         <run_address>0x18c85</run_address>
         <size>0x163</size>
         <input_file_ref idref="fl-2e"/>
      </object_component>
      <object_component id="oc-1e9">
         <name>.debug_info</name>
         <load_address>0x18de8</load_address>
         <run_address>0x18de8</run_address>
         <size>0x224</size>
         <input_file_ref idref="fl-2f"/>
      </object_component>
      <object_component id="oc-1e4">
         <name>.debug_info</name>
         <load_address>0x1900c</load_address>
         <run_address>0x1900c</run_address>
         <size>0x30d</size>
         <input_file_ref idref="fl-2f"/>
      </object_component>
      <object_component id="oc-a6">
         <name>.debug_info</name>
         <load_address>0x19319</load_address>
         <run_address>0x19319</run_address>
         <size>0x15a</size>
         <input_file_ref idref="fl-2f"/>
      </object_component>
      <object_component id="oc-2e6">
         <name>.debug_info</name>
[...]
         <object_component_ref idref="oc-9d"/>
      </symbol>
      <symbol id="sm-633">
         <name>memory_protection_exception_handler</name>
         <value>0x8036b0</value>
         <object_component_ref idref="oc-9d"/>
      </symbol>
      <symbol id="sm-634">
         <name>internal_exception_str</name>
         <value>0x815cc0</value>
         <object_component_ref idref="oc-196"/>
      </symbol>
      <symbol id="sm-635">
         <name>LL2_EDC_L1P_err_str</name>
         <value>0x815fe4</value>
         <object_component_ref idref="oc-178"/>
      </symbol>
      <symbol id="sm-636">
         <name>LL2_EDC_handler</name>
         <value>0x8042f0</value>
         <object_component_ref idref="oc-9d"/>
      </symbol>
      <symbol id="sm-637">
         <name>gpTimer4Regs</name>
         <value>0x815fa0</value>
         <object_component_ref idref="oc-178"/>
      </symbol>
      <symbol id="sm-638">
         <name>gpEDMA_TC_2_3_regs</name>
         <value>0x815f8c</value>
         <object_component_ref idref="oc-178"/>
      </symbol>
      <symbol id="sm-639">
         <name>gpEDMA_TC_2_2_regs</name>
         <value>0x815f88</value>
         <object_component_ref idref="oc-178"/>
      </symbol>
      <symbol id="sm-63a">
         <name>KeyStone_CorePac_AID_map</name>
         <value>0x8033a8</value>
         <object_component_ref idref="oc-9d"/>
      </symbol>
      <symbol id="sm-63b">
         <name>gpEDMA_TC_2_1_regs</name>
         <value>0x815f84</value>
         <object_component_ref idref="oc-178"/>
      </symbol>
      <symbol id="sm-63c">
         <name>gpEDMA_TC_2_0_regs</name>
         <value>0x815f80</value>
         <object_component_ref idref="oc-178"/>
      </symbol>
      <symbol id="sm-63d">
         <name>TSC_init</name>
         <value>0x8014a8</value>
         <object_component_ref idref="oc-9d"/>
      </symbol>
      <symbol id="sm-63e">
         <name>unlock_mem_prot_regs</name>
         <value>0x808514</value>
         <object_component_ref idref="oc-1bc"/>
      </symbol>
      <symbol id="sm-63f">
         <name>gpBootCfgRegs</name>
         <value>0x815f38</value>
         <object_component_ref idref="oc-178"/>
      </symbol>
      <symbol id="sm-653">
         <name>_c_int00</name>
         <value>0x80ef00</value>
         <object_component_ref idref="oc-26"/>
      </symbol>
      <symbol id="sm-654">
         <name>_stack</name>
         <value>0x80f3a0</value>
         <object_component_ref idref="oc-37"/>
      </symbol>
      <symbol id="sm-66b">
         <name>__TI_decompress_none</name>
         <value>0x80f360</value>
         <object_component_ref idref="oc-14"/>
      </symbol>
      <symbol id="sm-693">
         <name>__TI_decompress_rle24</name>
         <value>0x80f380</value>
         <object_component_ref idref="oc-1a"/>
      </symbol>
      <symbol id="sm-6b3">
         <name>__c6xabi_divd</name>
         <value>0x8065a0</value>
         <object_component_ref idref="oc-1cd"/>
      </symbol>
      <symbol id="sm-6c5">
         <name>__c6xabi_divf</name>
         <value>0x809ac0</value>
         <object_component_ref idref="oc-1a5"/>
      </symbol>
      <symbol id="sm-6ce">
         <name>__c6xabi_divu</name>
         <value>0x80e140</value>
         <object_component_ref idref="oc-1b1"/>
      </symbol>
      <symbol id="sm-6cf">
         <name>__divu</name>
         <value>0x80e140</value>
         <object_component_ref idref="oc-1b1"/>
      </symbol>
      <symbol id="sm-6ef">
         <name>C$$EXIT</name>
         <value>0x80f300</value>
         <object_component_ref idref="oc-fc"/>
      </symbol>
      <symbol id="sm-6f0">
         <name>abort</name>
         <value>0x80f300</value>
         <object_component_ref idref="oc-fc"/>
      </symbol>
      <symbol id="sm-6f1">
         <name>exit</name>
         <value>0x80e380</value>
         <object_component_ref idref="oc-8b"/>
      </symbol>
      <symbol id="sm-6f2">
         <name>__TI_dtors_ptr</name>
         <value>0x815de8</value>
         <object_component_ref idref="oc-f9"/>
      </symbol>
      <symbol id="sm-6f3">
         <name>__TI_cleanup_ptr</name>
         <value>0x815de4</value>
         <object_component_ref idref="oc-f9"/>
      </symbol>
      <symbol id="sm-6f4">
         <name>__TI_enable_exit_profile_output</name>
         <value>0x815dec</value>
         <object_component_ref idref="oc-f9"/>
      </symbol>
      <symbol id="sm-703">
         <name>__c6xabi_fixfu</name>
         <value>0x80eb40</value>
         <object_component_ref idref="oc-1ab"/>
      </symbol>
      <symbol id="sm-73d">
         <name>puts</name>
         <value>0x80f240</value>
         <object_component_ref idref="oc-a3"/>
      </symbol>
      <symbol id="sm-73e">
         <name>fputs</name>
         <value>0x808c40</value>
         <object_component_ref idref="oc-1e2"/>
      </symbol>
      <symbol id="sm-751">
         <name>__TI_frcmpyd_div</name>
         <value>0x80ee40</value>
         <object_component_ref idref="oc-2bc"/>
      </symbol>
      <symbol id="sm-76e">
         <name>_subcull</name>
         <value>0x80ef60</value>
         <object_component_ref idref="oc-2a7"/>
      </symbol>
      <symbol id="sm-76f">
         <name>__c6xabi_divull</name>
         <value>0x80a220</value>
         <object_component_ref idref="oc-1b6"/>
      </symbol>
      <symbol id="sm-789">
         <name>__c6xabi_llshru</name>
         <value>0x80eea0</value>
         <object_component_ref idref="oc-2ad"/>
      </symbol>
      <symbol id="sm-78a">
         <name>__c6xabi_llshl</name>
         <value>0x80ebc0</value>
         <object_component_ref idref="oc-2a1"/>
      </symbol>
      <symbol id="sm-7fb">
         <name>lseek</name>
         <value>0x80efc0</value>
         <object_component_ref idref="oc-40c"/>
      </symbol>
      <symbol id="sm-7fc">
         <name>write</name>
         <value>0x80f0e0</value>
         <object_component_ref idref="oc-2dd"/>
      </symbol>
      <symbol id="sm-7fd">
         <name>close</name>
         <value>0x80db80</value>
         <object_component_ref idref="oc-51a"/>
      </symbol>
      <symbol id="sm-7fe">
         <name>unlink</name>
         <value>0x80edc0</value>
         <object_component_ref idref="oc-520"/>
      </symbol>
      <symbol id="sm-807">
         <name>memcpy</name>
         <value>0x80e9a0</value>
         <object_component_ref idref="oc-60"/>
      </symbol>
      <symbol id="sm-817">
         <name>memset</name>
         <value>0x80dd40</value>
         <object_component_ref idref="oc-1c7"/>
      </symbol>
      <symbol id="sm-83a">
         <name>printf</name>
         <value>0x80de20</value>
         <object_component_ref idref="oc-a9"/>
      </symbol>
      <symbol id="sm-842">
         <name>__c6xabi_strasgi_64plus</name>
         <value>0x80f1c0</value>
         <object_component_ref idref="oc-1c2"/>
      </symbol>
      <symbol id="sm-843">
         <name>__strasgi_64plus</name>
         <value>0x80f1c0</value>
         <object_component_ref idref="oc-1c2"/>
      </symbol>
      <symbol id="sm-8ab">
         <name>HOSTrename</name>
         <value>0x80bfe0</value>
         <object_component_ref idref="oc-4d1"/>
      </symbol>
      <symbol id="sm-8ac">
         <name>HOSTclose</name>
         <value>0x80e680</value>
         <object_component_ref idref="oc-4b3"/>
      </symbol>
      <symbol id="sm-8ad">
         <name>HOSTunlink</name>
         <value>0x80dfc0</value>
         <object_component_ref idref="oc-4cb"/>
      </symbol>
      <symbol id="sm-8ae">
         <name>HOSTlseek</name>
         <value>0x80d2e0</value>
         <object_component_ref idref="oc-4c5"/>
      </symbol>
      <symbol id="sm-8af">
         <name>HOSTopen</name>
         <value>0x80d8e0</value>
         <object_component_ref idref="oc-4ad"/>
      </symbol>
      <symbol id="sm-8b0">
         <name>HOSTwrite</name>
         <value>0x80d9c0</value>
         <object_component_ref idref="oc-4bf"/>
      </symbol>
      <symbol id="sm-8b1">
         <name>HOSTread</name>
         <value>0x80df00</value>
         <object_component_ref idref="oc-4b9"/>
      </symbol>
      <symbol id="sm-8d7">
         <name>__TI_readmsg</name>
         <value>0x80ea40</value>
         <object_component_ref idref="oc-537"/>
      </symbol>
      <symbol id="sm-8d8">
         <name>C$$IO$$</name>
         <value>0x80eb20</value>
         <object_component_ref idref="oc-531"/>
      </symbol>
      <symbol id="sm-8d9">
         <name>__CIOBUF_</name>
         <value>0x815e10</value>
         <object_component_ref idref="oc-57f"/>
      </symbol>
      <symbol id="sm-8da">
         <name>__TI_writemsg</name>
         <value>0x80eac0</value>
         <object_component_ref idref="oc-531"/>
      </symbol>
      <symbol id="sm-8f0">
         <name>__TI_wrt_ok</name>
         <value>0x80d3e0</value>
         <object_component_ref idref="oc-2d1"/>
      </symbol>
      <symbol id="sm-906">
         <name>_nop</name>
         <value>0x80f2a0</value>
         <object_component_ref idref="oc-2eb"/>
      </symbol>
      <symbol id="sm-907">
         <name>_lock</name>
         <value>0x815c94</value>
         <object_component_ref idref="oc-1ea"/>
      </symbol>
      <symbol id="sm-908">
         <name>_unlock</name>
         <value>0x815cbc</value>
         <object_component_ref idref="oc-1ed"/>
      </symbol>
      <symbol id="sm-b0c">
         <name>__TI_printfi</name>
         <value>0x808000</value>
         <object_component_ref idref="oc-1fc"/>
      </symbol>
      <symbol id="sm-b1f">
         <name>_args_main</name>
         <value>0x80f200</value>
         <object_component_ref idref="oc-85"/>
      </symbol>
      <symbol id="sm-b33">
         <name>atoi</name>
         <value>0x80d6e0</value>
         <object_component_ref idref="oc-3d7"/>
      </symbol>
      <symbol id="sm-b53">
         <name>_auto_init_elf</name>
         <value>0x80cb80</value>
         <object_component_ref idref="oc-91"/>
      </symbol>
      <symbol id="sm-b6a">
         <name>copy_in</name>
         <value>0x80d7e0</value>
         <object_component_ref idref="oc-104"/>
      </symbol>
      <symbol id="sm-b74">
         <name>_ctypes_</name>
         <value>0x814fa8</value>
         <object_component_ref idref="oc-444"/>
      </symbol>
      <symbol id="sm-b84">
         <name>__TI_tmpnams</name>
         <value>0x815548</value>
      </symbol>
      <symbol id="sm-b85">
         <name>_ftable</name>
         <value>0x815890</value>
         <object_component_ref idref="oc-1de"/>
      </symbol>
      <symbol id="sm-b86">
         <name>__TI_ft_end</name>
         <value>0x815ce4</value>
         <object_component_ref idref="oc-48a"/>
      </symbol>
      <symbol id="sm-b95">
         <name>__TI_doflush</name>
         <value>0x80e080</value>
         <object_component_ref idref="oc-2d7"/>
      </symbol>
      <symbol id="sm-bb3">
         <name>fputc</name>
         <value>0x80b800</value>
         <object_component_ref idref="oc-2f6"/>
      </symbol>
      <symbol id="sm-bc7">
         <name>frexp</name>
         <value>0x80c320</value>
         <object_component_ref idref="oc-501"/>
      </symbol>
      <symbol id="sm-bdc">
         <name>fseek</name>
         <value>0x80d1c0</value>
         <object_component_ref idref="oc-3bc"/>
      </symbol>
      <symbol id="sm-bed">
         <name>__c6xabi_divul</name>
         <value>0x80bc20</value>
         <object_component_ref idref="oc-56c"/>
      </symbol>
      <symbol id="sm-bf6">
         <name>__c6xabi_isinf</name>
         <value>0x80f140</value>
         <object_component_ref idref="oc-44f"/>
      </symbol>
      <symbol id="sm-c07">
         <name>ldexp</name>
         <value>0x80d080</value>
         <object_component_ref idref="oc-559"/>
      </symbol>
      <symbol id="sm-c17">
         <name>ltoa</name>
         <value>0x80dc60</value>
         <object_component_ref idref="oc-546"/>
      </symbol>
      <symbol id="sm-c28">
         <name>memccpy</name>
         <value>0x80f020</value>
         <object_component_ref idref="oc-3ea"/>
      </symbol>
      <symbol id="sm-c43">
         <name>setvbuf</name>
         <value>0x80ab20</value>
         <object_component_ref idref="oc-3c2"/>
      </symbol>
      <symbol id="sm-c5c">
         <name>__TI_tls_init</name>
         <value>0x80e5c0</value>
         <object_component_ref idref="oc-10a"/>
      </symbol>
      <symbol id="sm-c6e">
         <name>__errno</name>
         <value>0x815dd4</value>
         <object_component_ref idref="oc-587"/>
      </symbol>
      <symbol id="sm-c6f">
         <name>errno</name>
         <value>0x815dd4</value>
         <object_component_ref idref="oc-587"/>
      </symbol>
      <symbol id="sm-c70">
         <name>__c6xabi_errno_addr</name>
         <value>0x80f280</value>
         <object_component_ref idref="oc-551"/>
      </symbol>
      <symbol id="sm-c83">
         <name>__TI_cleanup</name>
         <value>0x80e720</value>
         <object_component_ref idref="oc-414"/>
      </symbol>
      <symbol id="sm-cef">
         <name>_sys_memory</name>
         <value>0x8113a0</value>
         <object_component_ref idref="oc-3a"/>
      </symbol>
      <symbol id="sm-cf0">
         <name>free</name>
         <value>0x809820</value>
         <object_component_ref idref="oc-41a"/>
      </symbol>
      <symbol id="sm-cf1">
         <name>malloc</name>
         <value>0x80c4c0</value>
         <object_component_ref idref="oc-420"/>
      </symbol>
      <symbol id="sm-cf2">
         <name>_minit</name>
         <value>0x80e860</value>
         <object_component_ref idref="oc-4a4"/>
      </symbol>
      <symbol id="sm-d08">
         <name>__TI_closefile</name>
         <value>0x80ca40</value>
         <object_component_ref idref="oc-48d"/>
      </symbol>
      <symbol id="sm-d58">
         <name>CSL_chipReadReg</name>
         <value>0x80c900</value>
         <object_component_ref idref="oc-248"/>
      </symbol>
      <symbol id="sm-d60">
         <name>CSL_intcGlobalDisable</name>
         <value>0x80ceb8</value>
         <object_component_ref idref="oc-d2"/>
      </symbol>
      <symbol id="sm-d61">
         <name>CSL_intcGlobalRestore</name>
         <value>0x80ced8</value>
         <object_component_ref idref="oc-d2"/>
      </symbol>
      <symbol id="sm-d62">
         <name>CSL_intcGlobalExcepEnable</name>
         <value>0x80cf04</value>
         <object_component_ref idref="oc-d2"/>
      </symbol>
      <symbol id="sm-d63">
         <name>CSL_intcInterruptDisable</name>
         <value>0x80ce30</value>
         <object_component_ref idref="oc-d2"/>
      </symbol>
      <symbol id="sm-d64">
         <name>CSL_intcGlobalExcepClear</name>
         <value>0x80cf2c</value>
         <object_component_ref idref="oc-d2"/>
      </symbol>
      <symbol id="sm-d65">
         <name>CSL_intcInterruptRestore</name>
         <value>0x80ce6c</value>
         <object_component_ref idref="oc-d2"/>
      </symbol>
      <symbol id="sm-d66">
         <name>CSL_intcInterruptClear</name>
         <value>0x80ce50</value>
         <object_component_ref idref="oc-d2"/>
      </symbol>
      <symbol id="sm-d67">
         <name>CSL_intcGlobalEnable</name>
         <value>0x80ce98</value>
         <object_component_ref idref="oc-d2"/>
      </symbol>
      <symbol id="sm-d68">
         <name>CSL_intcGlobalExtExcepEnable</name>
         <value>0x80cf18</value>
         <object_component_ref idref="oc-d2"/>
      </symbol>
      <symbol id="sm-d69">
         <name>CSL_intcGlobalNmiEnable</name>
         <value>0x80cef0</value>
         <object_component_ref idref="oc-d2"/>
      </symbol>
      <symbol id="sm-d6a">
         <name>_CSL_intcIvpSet</name>
         <value>0x80ce00</value>
         <object_component_ref idref="oc-d2"/>
      </symbol>
      <symbol id="sm-d6b">
         <name>CSL_intcInterruptSet</name>
         <value>0x80ce60</value>
         <object_component_ref idref="oc-d2"/>
      </symbol>
      <symbol id="sm-d6c">
         <name>CSL_intcInterruptEnable</name>
         <value>0x80ce10</value>
         <object_component_ref idref="oc-d2"/>
      </symbol>
      <symbol id="sm-d6d">
         <name>CSL_intcQueryInterruptStatus</name>
         <value>0x80ce84</value>
         <object_component_ref idref="oc-d2"/>
      </symbol>
      <symbol id="sm-d75">
         <name>_CSL_intcVectorTable</name>
         <value>0x816400</value>
         <object_component_ref idref="oc-235"/>
      </symbol>
      <symbol id="sm-d93">
         <name>_CSL_intcEventOffsetMap</name>
         <value>0x816040</value>
         <object_component_ref idref="oc-b6"/>
      </symbol>
      <symbol id="sm-d94">
         <name>_CSL_intcNumEvents</name>
         <value>0x816034</value>
         <object_component_ref idref="oc-b9"/>
      </symbol>
      <symbol id="sm-d95">
         <name>_CSL_intcEventHandlerRecord</name>
         <value>0x816038</value>
         <object_component_ref idref="oc-b9"/>
      </symbol>
      <symbol id="sm-d96">
         <name>_CSL_intcAllocMask</name>
         <value>0x81603c</value>
         <object_component_ref idref="oc-b6"/>
      </symbol>
      <symbol id="sm-d97">
         <name>_CSL_intcCpuIntrTable</name>
         <value>0x815ff0</value>
         <object_component_ref idref="oc-b9"/>
      </symbol>
      <symbol id="sm-dba">
         <name>CSL_intcHwControl</name>
         <value>0x808880</value>
         <object_component_ref idref="oc-364"/>
      </symbol>
      <symbol id="sm-dc6">
         <name>CSL_intcInit</name>
         <value>0x80ccc0</value>
         <object_component_ref idref="oc-57"/>
      </symbol>
      <symbol id="sm-de4">
         <name>CSL_intcOpen</name>
         <value>0x80ad60</value>
         <object_component_ref idref="oc-3e"/>
      </symbol>
      <symbol id="sm-df2">
         <name>CSL_intcPlugEventHandler</name>
         <value>0x80e2c0</value>
         <object_component_ref idref="oc-35f"/>
      </symbol>
      <symbol id="sm-e24">
         <name>_CSL_intcEvent1Dispatcher</name>
         <value>0x80b1a0</value>
         <object_component_ref idref="oc-4c"/>
      </symbol>
      <symbol id="sm-e25">
         <name>_CSL_intcEvent0Dispatcher</name>
         <value>0x80af80</value>
         <object_component_ref idref="oc-51"/>
      </symbol>
      <symbol id="sm-e26">
         <name>_CSL_intcEvent3Dispatcher</name>
         <value>0x80b5e0</value>
         <object_component_ref idref="oc-3d"/>
      </symbol>
      <symbol id="sm-e27">
         <name>_CSL_intcEvent2Dispatcher</name>
         <value>0x80b3c0</value>
         <object_component_ref idref="oc-47"/>
      </symbol>
      <symbol id="sm-e31">
         <name>_CSL_intcDispatcher</name>
         <value>0x80be00</value>
         <object_component_ref idref="oc-56"/>
      </symbol>
      <symbol id="sm-e39">
         <name>_CSL_intcNmiDummy</name>
         <value>0x80f340</value>
         <object_component_ref idref="oc-cd"/>
      </symbol>
      <symbol id="sm-e49">
         <name>CSL_intcHookIsr</name>
         <value>0x80f320</value>
         <object_component_ref idref="oc-bd"/>
      </symbol>
      <symbol id="sm-e4a">
         <name>__TI_STATIC_BASE</name>
         <value>0x815f30</value>
      </symbol>
      <symbol id="sm-e4c">
         <name>__TI_INITARRAY_Base</name>
         <value>0x0</value>
      </symbol>
      <symbol id="sm-e4d">
         <name>__TI_INITARRAY_Limit</name>
         <value>0x0</value>
      </symbol>
      <symbol id="sm-e4e">
         <name>__TI_TLS_INIT_Base</name>
         <value>0x0</value>
      </symbol>
      <symbol id="sm-e4f">
         <name>__TI_TLS_INIT_Limit</name>
         <value>0x0</value>
      </symbol>
      <symbol id="sm-e50">
         <name>remove</name>
         <value>0x80edc0</value>
      </symbol>
   </symbol_table>
   <title>Link successful</title>
</link_info>
