******************************************************************************
               TMS320C6x Linker PC v8.0.4                      
******************************************************************************
>> Linked Fri Jun 02 00:10:33 2023

OUTPUT FILE NAME:   <C6678_core_IPC_Interrupt.out>
ENTRY POINT SYMBOL: "_c_int00"  address: 00811680


MEMORY CONFIGURATION

         name            origin    length      used     unused   attr    fill
----------------------  --------  ---------  --------  --------  ----  --------
  BOOT                  00800000   00000400  00000060  000003a0  RW X
  LL2                   00800400   00080000  00018c94  0006736c  RW X
  MSMCSRAM              0c000000   00400000  00000000  00400000  RW X
  DDR3                  80000000   10000000  00000000  10000000  RWIX


SEGMENT ALLOCATION MAP

run origin  load origin   length   init length attrs members
----------  ----------- ---------- ----------- ----- -------
00800000    00800000    00000060   00000060    r-x
  00800000    00800000    00000060   00000060    r-x .bootload
00800400    00800400    00011740   00011740    r-x
  00800400    00800400    00011740   00011740    r-x .text
00811b40    00811b40    00004000   00000000    rw-
  00811b40    00811b40    00002000   00000000    rw- .stack
  00813b40    00813b40    00002000   00000000    rw- .sysmem
00815b40    00815b40    00001f78   00001f78    r--
  00815b40    00815b40    00001f78   00001f78    r-- .const
00817ab8    00817ab8    00000f40   00000000    rw-
  00817ab8    00817ab8    00000748   00000000    rw- .far
  00818200    00818200    00000580   00000000    rw- .fardata
  00818780    00818780    00000100   00000000    rw- .neardata
  00818880    00818880    00000058   00000000    rw- .bss
  008188d8    008188d8    00000120   00000000    rw- .cio
008189f8    008189f8    000000d4   000000d4    r--
  008189f8    008189f8    000000d4   000000d4    r-- .switch
00818c00    00818c00    000005c8   000005c8    r-x
  00818c00    00818c00    00000200   00000200    r-x .csl_vect
  00818e00    00818e00    000003c8   000003c8    r-- .cinit


SECTION ALLOCATION MAP

 output                                  attributes/
section   page    origin      length       input sections
--------  ----  ----------  ----------   ----------------
.bootload 
*          0    00800000    00000060     
                  00800000    00000060     bootload.obj (.bootload)

.text      0    00800400    00011740     
                  00800400    00005a00     KeyStone_common.obj (.text)
                  00805e00    000012a0     df_frame.obj (.text)
                  008070a0    00001240     srio.obj (.text)
                  008082e0    00000960     ipc_interrupt.obj (.text)
                  00808c40    00000600     rts6600_elf.lib : divd.obj (.text:__c6xabi_divd)
                  00809240    000005a0                     : _printfi.obj (.text:_setfield)
                  008097e0    00000580                     : _printfi.obj (.text:_getarg_diouxp)
                  00809d60    000004c0     KeyStone_common.obj (.text:retain)
                  0080a220    00000480     DDR3_init.obj (.text)
                  0080a6a0    00000460     rts6600_elf.lib : _printfi.obj (.text:__TI_printfi)
                  0080ab00    00000420     KeyStone_common.obj (.text:Core_MPAX)
                  0080af20    000003c0     ti.csl.intc.ae66 : csl_intcHwControl.oe66 (.text:csl_section:intc:CSL_intcHwControl)
                  0080b2e0    00000380     rts6600_elf.lib : fputs.obj (.text:fputs)
                  0080b660    00000300                     : _printfi.obj (.text:_pproc_fgea)
                  0080b960    000002c0                     : _printfi.obj (.text:_pproc_fwp)
                  0080bc20    000002a0                     : _printfi.obj (.text:ecvt)
                  0080bec0    000002a0                     : memory.obj (.text:free)
                  0080c160    00000280                     : divf.obj (.text:__c6xabi_divf)
                  0080c3e0    00000280                     : _printfi.obj (.text:fcvt)
                  0080c660    00000260                     : _printfi.obj (.text:_pconv_e)
                  0080c8c0    00000240                     : imath64.obj (.text:__c6xabi_divull)
                  0080cb00    00000240                     : _printfi.obj (.text:_pproc_diouxp)
                  0080cd40    00000240                     : _printfi.obj (.text:_pproc_str)
                  0080cf80    00000240                     : _printfi.obj (.text:acvt)
                  0080d1c0    00000240                     : setvbuf.obj (.text:setvbuf)
                  0080d400    00000220     ti.csl.intc.ae66 : csl_intcOpen.oe66 (.text:csl_section:intc:CSL_intcOpen)
                  0080d620    00000220                      : _csl_intcCombEventDispatcher.oe66 (.text:csl_section:intc:_CSL_intcEvent0Dispatcher)
                  0080d840    00000220                      : _csl_intcCombEventDispatcher.oe66 (.text:csl_section:intc:_CSL_intcEvent1Dispatcher)
                  0080da60    00000220                      : _csl_intcCombEventDispatcher.oe66 (.text:csl_section:intc:_CSL_intcEvent2Dispatcher)
                  0080dc80    00000220                      : _csl_intcCombEventDispatcher.oe66 (.text:csl_section:intc:_CSL_intcEvent3Dispatcher)
                  0080dea0    00000220     rts6600_elf.lib : fputc.obj (.text:fputc)
                  0080e0c0    00000200                     : _printfi.obj (.text:_pconv_g)
                  0080e2c0    000001e0                     : imath40.obj (.text:__c6xabi_divul)
                  0080e4a0    000001e0     ti.csl.intc.ae66 : _csl_intcDispatcher.oe66 (.text:csl_section:intc:_CSL_intcDispatcher)
                  0080e680    000001a0     rts6600_elf.lib : trgdrv.obj (.text:HOSTrename)
                  0080e820    000001a0                     : _printfi.obj (.text:_pconv_a)
                  0080e9c0    000001a0                     : frexp.obj (.text:frexp)
                  0080eb60    00000180                     : memory.obj (.text:malloc)
                  0080ece0    00000160                     : copy_decompress_rle.obj (.text:__TI_decompress_rle_core)
                  0080ee40    00000160                     : _printfi.obj (.text:_mcpy)
                  0080efa0    00000160     main.obj (.text)
                  0080f100    00000140     ti.csl.ae66 : csl_chip.oe66 (.text:CSL_chipReadReg)
                  0080f240    00000140     rts6600_elf.lib : fclose.obj (.text:__TI_closefile)
                  0080f380    00000140                     : autoinit.obj (.text:_auto_init_elf)
                  0080f4c0    00000140     ti.csl.intc.ae66 : csl_intcInit.oe66 (.text:csl_section:intc:CSL_intcInit)
                  0080f600    00000140                      : _csl_intcIntrEnDisRes.oe66 (.text:csl_section:intc)
                  0080f740    00000140     rts6600_elf.lib : lowlev.obj (.text:getdevice)
                  0080f880    00000140                     : ldexp.obj (.text:ldexp)
                  0080f9c0    00000120                     : fseek.obj (.text:fseek)
                  0080fae0    00000100                     : trgdrv.obj (.text:HOSTlseek)
                  0080fbe0    00000100                     : _io_perm.obj (.text:__TI_wrt_ok)
                  0080fce0    00000100                     : _printfi.obj (.text:_ltostr)
                  0080fde0    00000100                     : _printfi.obj (.text:_pproc_fflags)
                  0080fee0    00000100                     : atoi.obj (.text:atoi)
                  0080ffe0    00000100                     : cpy_tbl.obj (.text:copy_in)
                  008100e0    000000e0                     : trgdrv.obj (.text:HOSTopen)
                  008101c0    000000e0                     : trgdrv.obj (.text:HOSTwrite)
                  008102a0    000000e0                     : _printfi.obj (.text:_div)
                  00810380    000000e0                     : lowlev.obj (.text:close)
                  00810460    000000e0                     : ltoa.obj (.text:ltoa)
                  00810540    000000e0                     : memset.obj (.text:memset)
                  00810620    000000e0                     : printf.obj (.text:printf)
                  00810700    000000c0                     : trgdrv.obj (.text:HOSTread)
                  008107c0    000000c0                     : trgdrv.obj (.text:HOSTunlink)
                  00810880    000000c0                     : fflush.obj (.text:__TI_doflush)
                  00810940    000000c0                     : divu.obj (.text:__divu)
                  00810a00    000000c0                     : _printfi.obj (.text:_ecpy)
                  00810ac0    000000c0     ti.csl.intc.ae66 : csl_intcPlugEventHandler.oe66 (.text:csl_section:intc:CSL_intcPlugEventHandler)
                  00810b80    000000c0     rts6600_elf.lib : exit.obj (.text:exit)
                  00810c40    000000c0                     : memory.obj (.text:minsert)
                  00810d00    000000c0                     : memory.obj (.text:mremove)
                  00810dc0    000000c0                     : tls.obj (.text:tls:init:__TI_tls_init)
                  00810e80    000000a0                     : trgdrv.obj (.text:HOSTclose)
                  00810f20    000000a0                     : fopen.obj (.text:__TI_cleanup)
                  00810fc0    000000a0                     : _printfi.obj (.text:_fcpy)
                  00811060    000000a0                     : memory.obj (.text:_minit)
                  00811100    000000a0                     : _printfi.obj (.text:_pconv_f)
                  008111a0    000000a0                     : memcpy64.obj (.text:memcpy)
                  00811240    00000080                     : trgmsg.obj (.text:__TI_readmsg)
                  008112c0    00000080                     : trgmsg.obj (.text:__TI_writemsg)
                  00811340    00000080                     : fixfu.obj (.text:__c6xabi_fixfu)
                  008113c0    00000080                     : llshift.obj (.text:__c6xabi_llshl)
                  00811440    00000080                     : lowlev.obj (.text:finddevice)
                  008114c0    00000080                     : _printfi.obj (.text:incr_hex)
                  00811540    00000080                     : lowlev.obj (.text:unlink)
                  008115c0    00000060                     : frcmpyd_div.obj (.text:__TI_frcmpyd_div)
                  00811620    00000060                     : llshift.obj (.text:__c6xabi_llshru)
                  00811680    00000060                     : boot.obj (.text:_c_int00)
                  008116e0    00000060                     : imath64.obj (.text:_subcull)
                  00811740    00000060                     : lowlev.obj (.text:lseek)
                  008117a0    00000060                     : memccpy.obj (.text:memccpy)
                  00811800    00000060                     : _printfi.obj (.text:val_hex)
                  00811860    00000060                     : lowlev.obj (.text:write)
                  008118c0    00000040                     : isinf.obj (.text:__c6xabi_isinf)
                  00811900    00000040                     : _printfi.obj (.text:__c6xabi_isnan)
                  00811940    00000040                     : strasg.obj (.text:__strasgi_64plus)
                  00811980    00000040                     : args_main.obj (.text:_args_main)
                  008119c0    00000040                     : fputs.obj (.text:puts)
                  00811a00    00000020     ti.csl.ae66 : csl_srioGetBaseAddress.oe66 (.text:CSL_SRIO_Open)
                  00811a20    00000020     rts6600_elf.lib : errno.obj (.text:__c6xabi_errno_addr)
                  00811a40    00000020                     : _lock.obj (.text:_nop)
                  00811a60    00000020                     : printf.obj (.text:_outc)
                  00811a80    00000020                     : printf.obj (.text:_outs)
                  00811aa0    00000020                     : exit.obj (.text:abort)
                  00811ac0    00000020     ti.csl.intc.ae66 : csl_intcHookIsr.oe66 (.text:csl_section:intc:CSL_intcHookIsr)
                  00811ae0    00000020                      : _csl_intcNmiDummy.oe66 (.text:csl_section:intc)
                  00811b00    00000020     rts6600_elf.lib : copy_decompress_none.obj (.text:decompress:none:__TI_decompress_none)
                  00811b20    00000020                     : copy_decompress_rle.obj (.text:decompress:rle24:__TI_decompress_rle24)

.stack     0    00811b40    00002000     UNINITIALIZED
                  00811b40    00000008     rts6600_elf.lib : boot.obj (.stack)
                  00811b48    00001ff8     --HOLE--

.sysmem    0    00813b40    00002000     UNINITIALIZED
                  00813b40    00000008     rts6600_elf.lib : memory.obj (.sysmem)
                  00813b48    00001ff8     --HOLE--

.const     0    00815b40    00001f78     
                  00815b40    00001a30     KeyStone_common.obj (.const:.string)
                  00817570    000001d4     ipc_interrupt.obj (.const:.string)
                  00817744    000001bc     srio.obj (.const:.string)
                  00817900    00000101     rts6600_elf.lib : ctype.obj (.const:.string:_ctypes_)
                  00817a01    00000003     --HOLE-- [fill = 0]
                  00817a04    00000078     DDR3_init.obj (.const:.string)
                  00817a7c    00000024     rts6600_elf.lib : _printfi.obj (.const:.string)
                  00817aa0    00000014     main.obj (.const:.string)
                  00817ab4    00000004     rts6600_elf.lib : fputs.obj (.const:.string)

.far       0    00817ab8    00000748     UNINITIALIZED
                  00817ab8    00000400     (.common:Record)
                  00817eb8    00000140     (.common:__TI_tmpnams)
                  00817ff8    00000098     (.common:context)
                  00818090    00000080     (.common:intcObj)
                  00818110    0000006c     (.common:exception_record)
                  0081817c    00000004     --HOLE--
                  00818180    00000040     (.common:hintc)
                  008181c0    00000020     (.common:coreVector)
                  008181e0    00000010     KeyStone_common.obj (.far:Core_MPAX)
                  008181f0    00000008     (.common:EventRecord)
                  008181f8    00000008     (.common:parmbuf)

.fardata   0    00818200    00000580     UNINITIALIZED
                  00818200    000001e0     rts6600_elf.lib : defs.obj (.fardata:_ftable)
                  008183e0    000000a0                     : lowlev.obj (.fardata:_stream)
                  00818480    00000080     ipc_interrupt.obj (.fardata:intInfo)
                  00818500    00000078     rts6600_elf.lib : lowlev.obj (.fardata:_device)
                  00818578    00000040     KeyStone_common.obj (.fardata:gstruMpuAddrRange)
                  008185b8    00000028     KeyStone_common.obj (.fardata:gpEDMA_TC_regs)
                  008185e0    00000024     KeyStone_common.obj (.fardata:gpTimerRegs)
                  00818604    00000004     rts6600_elf.lib : _lock.obj (.fardata:_lock)
                  00818608    00000024     KeyStone_common.obj (.fardata:input_clk_str)
                  0081862c    00000004     rts6600_elf.lib : _lock.obj (.fardata:_unlock)
                  00818630    00000024     KeyStone_common.obj (.fardata:internal_exception_str)
                  00818654    00000004     rts6600_elf.lib : defs.obj (.fardata)
                  00818658    00000020     KeyStone_common.obj (.fardata:boot_mode_str)
                  00818678    00000020     KeyStone_common.obj (.fardata:bus_err_stat_str)
                  00818698    00000020     KeyStone_common.obj (.fardata:gCIC_EXC_EN_MASK)
                  008186b8    00000020     KeyStone_common.obj (.fardata:gpMPU_regs)
                  008186d8    00000020     ipc_interrupt.obj (.fardata:iIPCARInfo)
                  008186f8    00000020     ipc_interrupt.obj (.fardata:iIPCGRInfo)
                  00818718    00000018     KeyStone_common.obj (.fardata:Peri_MPU_err_type_str)
                  00818730    00000014     KeyStone_common.obj (.fardata:device_type_str)
                  00818744    00000004     rts6600_elf.lib : errno.obj (.fardata)
                  00818748    0000000c     KeyStone_common.obj (.fardata:gpEDMA_CC_regs)
                  00818754    0000000c     rts6600_elf.lib : exit.obj (.fardata)
                  00818760    0000000c                     : memory.obj (.fardata)
                  0081876c    00000004     --HOLE--
                  00818770    00000008     KeyStone_common.obj (.fardata:Ns_str)
                  00818778    00000008     KeyStone_common.obj (.fardata:endian_str)

.neardata 
*          0    00818780    00000100     UNINITIALIZED
                  00818780    000000c0     KeyStone_common.obj (.neardata)
                  00818840    00000034     srio.obj (.neardata)
                  00818874    0000000c     main.obj (.neardata)

.rodata    0    00818880    00000000     UNINITIALIZED

.bss       0    00818880    00000058     UNINITIALIZED
                  00818880    0000004c     ti.csl.intc.ae66 : _csl_intcResource.oe66 (.bss:csl_section:intc:uninit)
                  008188cc    00000008                      : _csl_intcResource.oe66 (.bss:csl_section:intc:init)
                  008188d4    00000004     (.common:state)

.cio       0    008188d8    00000120     UNINITIALIZED
                  008188d8    00000120     rts6600_elf.lib : trgmsg.obj (.cio)

.switch    0    008189f8    000000d4     
                  008189f8    00000070     ti.csl.ae66 : csl_chip.oe66 (.switch:CSL_chipReadReg)
                  00818a68    00000038     rts6600_elf.lib : _printfi.obj (.switch:_pproc_fgea)
                  00818aa0    0000001c     ti.csl.intc.ae66 : csl_intcHwControl.oe66 (.switch:CSL_intcHwControl)
                  00818abc    00000010                      : csl_intcOpen.oe66 (.switch:CSL_intcOpen)

.csl_vect 
*          0    00818c00    00000200     
                  00818c00    00000200     ti.csl.intc.ae66 : _csl_intcIsrDispatch.oe66 (.csl_vect)

.cinit     0    00818e00    000003c8     
                  00818e00    000002a8     (.cinit..fardata.load) [load image, compression = rle]
                  008190a8    000000ce     (.cinit..neardata.load) [load image, compression = rle]
                  00819176    00000002     --HOLE-- [fill = 0]
                  00819178    0000001a     (.cinit..far.load) [load image, compression = rle]
                  00819192    00000002     --HOLE-- [fill = 0]
                  00819194    00000009     (.cinit..bss.load) [load image, compression = rle]
                  0081919d    00000003     --HOLE-- [fill = 0]
                  008191a0    00000008     (__TI_handler_table)
                  008191a8    00000020     (__TI_cinit_table)

.IPC       0    0c200000    00000000     UNINITIALIZED

.IPC       0    0c200004    00000000     UNINITIALIZED

.IPC       0    0c200008    00000000     UNINITIALIZED

.IPC       0    0c300000    00000000     UNINITIALIZED

.IPC       0    80000000    00000000     UNINITIALIZED


LINKER GENERATED COPY TABLES

__TI_cinit_table @ 008191a8 records: 4, size/record: 8, table size: 32
	.fardata: load addr=00818e00, load size=000002a8 bytes, run addr=00818200, run size=00000580 bytes, compression=rle
	.neardata: load addr=008190a8, load size=000000ce bytes, run addr=00818780, run size=00000100 bytes, compression=rle
	.far: load addr=00819178, load size=0000001a bytes, run addr=00817ab8, run size=00000748 bytes, compression=rle
	.bss: load addr=00819194, load size=00000009 bytes, run addr=00818880, run size=00000058 bytes, compression=rle


LINKER GENERATED HANDLER TABLE

__TI_handler_table @ 008191a0 records: 2, size/record: 4, table size: 8
	index: 0, handler: __TI_decompress_rle24
	index: 1, handler: __TI_decompress_none


GLOBAL SYMBOLS: SORTED ALPHABETICALLY BY Name 

address   name                                      
-------   ----                                      
00804f50  Bus_error_handler                         
00811aa0  C$$EXIT                                   
00811320  C$$IO$$                                   
00805a70  CPU_interrupt_enable                      
008059d8  CPU_interrupt_init                        
00811a00  CSL_SRIO_Open                             
0080f100  CSL_chipReadReg                           
0080f6b8  CSL_intcGlobalDisable                     
0080f698  CSL_intcGlobalEnable                      
0080f72c  CSL_intcGlobalExcepClear                  
0080f704  CSL_intcGlobalExcepEnable                 
0080f718  CSL_intcGlobalExtExcepEnable              
0080f6f0  CSL_intcGlobalNmiEnable                   
0080f6d8  CSL_intcGlobalRestore                     
00811ac0  CSL_intcHookIsr                           
0080af20  CSL_intcHwControl                         
0080f4c0  CSL_intcInit                              
0080f650  CSL_intcInterruptClear                    
0080f630  CSL_intcInterruptDisable                  
0080f610  CSL_intcInterruptEnable                   
0080f66c  CSL_intcInterruptRestore                  
0080f660  CSL_intcInterruptSet                      
0080d400  CSL_intcOpen                              
00810ac0  CSL_intcPlugEventHandler                  
0080f684  CSL_intcQueryInterruptStatus              
0080a3c0  DDR3_Init                                 
0080a260  DDR3_PLL_Init                             
0080a350  DDR3_clock_phase_init                     
80000000  DDR_Test                                  
00802b60  EDMA_CC_error_handler                     
00802d70  EDMA_TC_error_handler                     
00801d50  EDMA_TC_priority_cfg                      
00801cd8  EDMA_channel_TC_cfg                       
00802514  EDMA_copy                                 
00802ea4  EDMA_error_handler                        
0080232c  EDMA_event_disable                        
008022c0  EDMA_event_enable                         
0080272c  EDMA_fill                                 
00801db8  EDMA_init                                 
00802404  EDMA_interrupt_disable                    
00802394  EDMA_interrupt_enable                     
0080246c  EDMA_wait                                 
008059ac  EXC_NMI                                   
008058e8  EXC_internal                              
008059c4  EXC_swgen                                 
008181f0  EventRecord                               
00809d60  Exception_service_routine                 
00818878  FPGAData                                  
0c200000  Flag                                      
00818840  Flag_DoorBell                             
00810e80  HOSTclose                                 
0080fae0  HOSTlseek                                 
008100e0  HOSTopen                                  
00810700  HOSTread                                  
0080e680  HOSTrename                                
008107c0  HOSTunlink                                
008101c0  HOSTwrite                                 
00802ae4  IDMA_copy                                 
00802ab4  IDMA_wait                                 
0080868c  IPC_ISR                                   
008089cc  Init_Core0                                
00808620  IssueInterruptToNextCore                  
00805024  KeyStone_CIC_EXC_handler                  
00804914  KeyStone_CIC_exception_events_mapping     
008033a8  KeyStone_CorePac_AID_map                  
008013d4  KeyStone_DDR_PLL_init                     
0080544c  KeyStone_EXC_external                     
00804dac  KeyStone_Exception_cfg                    
0080ac70  KeyStone_MPAX_seg_setup                   
00803b6c  KeyStone_MPU_MPPA_modify                  
00803c64  KeyStone_MPU_interrupt_enable             
00803d00  KeyStone_MPU_interrupts_enable            
00803910  KeyStone_MPU_range_setup                  
00803988  KeyStone_MPU_setup                        
00803648  KeyStone_MSMC_MP_interrupt_en             
008037c8  KeyStone_MSMC_protection_exception_handler
00801348  KeyStone_PASS_PLL_init                    
008011a0  KeyStone_PLL_init                         
00803444  KeyStone_PrivID_Remap                     
00803578  KeyStone_SES_MPAX_setup                   
00803fc8  KeyStone_SL2_EDC_enable                   
00804640  KeyStone_SL2_EDC_handler                  
00804058  KeyStone_SL2_EDC_interrupt_en             
008034ac  KeyStone_SMS_MPAX_setup                   
0080ae18  KeyStone_XMC_MPAX_setup                   
00805d98  KeyStone_common_CPU_init                  
00805d60  KeyStone_common_device_init               
00801c38  KeyStone_disable_PSC_Power_Domain         
00801b90  KeyStone_disable_PSC_module               
00801a60  KeyStone_enable_PSC_module                
00805b88  KeyStone_get_device_info                  
00805aac  KeyStone_get_device_speed_grade           
00800d84  KeyStone_main_PLL_init                    
00803ed8  KeyStone_peripherals_MPU_excepiton_handler
00803dd8  KeyStone_peripherals_MPU_fault_status     
008030d0  L1D_memory_protection_cfg                 
00804268  L1P_EDC_setup                             
00804510  L1P_ED_handler                            
00803044  L1P_memory_protection_cfg                 
00802fac  L1_MPPA_setup                             
00803160  L1_cache_protection                       
0081882c  LL2_EDC_DMA_err_str                       
00818830  LL2_EDC_L1D_err_str                       
00818834  LL2_EDC_L1P_err_str                       
008042f0  LL2_EDC_handler                           
00804174  LL2_EDC_scrub                             
008040ac  LL2_EDC_setup                             
00818828  LL2_EDC_victim_err_str                    
00803170  LL2_MPPA_setup                            
00803210  LL2_Memory_Protection_cfg                 
0080a044  Nested_Exception_service_routine          
00818770  Ns_str                                    
00818718  Peri_MPU_err_type_str                     
0c200004  Pkt_Test                                  
0081887c  ReadBackData                              
00817ab8  Record                                    
00801608  Reset_Timer                               
0080778c  SRIO_Init                                 
00801a20  Service_Watchdog                          
008038b0  TN_MPU5_constant                          
008014b8  TSC_delay_ms                              
00801560  TSC_delay_us                              
008014a8  TSC_init                                  
008088b0  Test_DDR                                  
00808934  Test_MSMC                                 
00808a6c  Test_SRIO_FIN                             
00801664  Timer64_Init                              
00818874  TransData                                 
008188cc  _CSL_intcAllocMask                        
00818880  _CSL_intcCpuIntrTable                     
0080e4a0  _CSL_intcDispatcher                       
0080d620  _CSL_intcEvent0Dispatcher                 
0080d840  _CSL_intcEvent1Dispatcher                 
0080da60  _CSL_intcEvent2Dispatcher                 
0080dc80  _CSL_intcEvent3Dispatcher                 
008188c8  _CSL_intcEventHandlerRecord               
008188d0  _CSL_intcEventOffsetMap                   
0080f600  _CSL_intcIvpSet                           
00811ae0  _CSL_intcNmiDummy                         
008188c4  _CSL_intcNumEvents                        
00818c00  _CSL_intcVectorTable                      
008188d8  __CIOBUF_                                 
008191a8  __TI_CINIT_Base                           
008191c8  __TI_CINIT_Limit                          
008191a0  __TI_Handler_Table_Base                   
008191a8  __TI_Handler_Table_Limit                  
UNDEFED   __TI_INITARRAY_Base                       
UNDEFED   __TI_INITARRAY_Limit                      
00813b40  __TI_STACK_END                            
00002000  __TI_STACK_SIZE                           
00818780  __TI_STATIC_BASE                          
00002000  __TI_SYSMEM_SIZE                          
UNDEFED   __TI_TLS_INIT_Base                        
UNDEFED   __TI_TLS_INIT_Limit                       
00810f20  __TI_cleanup                              
00818754  __TI_cleanup_ptr                          
0080f240  __TI_closefile                            
00811b00  __TI_decompress_none                      
00811b20  __TI_decompress_rle24                     
00810880  __TI_doflush                              
00818758  __TI_dtors_ptr                            
0081875c  __TI_enable_exit_profile_output           
008115c0  __TI_frcmpyd_div                          
00818654  __TI_ft_end                               
ffffffff  __TI_pprof_out_hndl                       
0080a6a0  __TI_printfi                              
ffffffff  __TI_prof_data_size                       
ffffffff  __TI_prof_data_start                      
00811240  __TI_readmsg                              
00810dc0  __TI_tls_init                             
00817eb8  __TI_tmpnams                              
008112c0  __TI_writemsg                             
0080fbe0  __TI_wrt_ok                               
ffffffff  __binit__                                 
00808c40  __c6xabi_divd                             
0080c160  __c6xabi_divf                             
00810940  __c6xabi_divu                             
0080e2c0  __c6xabi_divul                            
0080c8c0  __c6xabi_divull                           
00811a20  __c6xabi_errno_addr                       
00811340  __c6xabi_fixfu                            
008118c0  __c6xabi_isinf                            
008113c0  __c6xabi_llshl                            
00811620  __c6xabi_llshru                           
00811940  __c6xabi_strasgi_64plus                   
ffffffff  __c_args__                                
00810940  __divu                                    
00818744  __errno                                   
00811940  __strasgi_64plus                          
00811980  _args_main                                
0080f380  _auto_init_elf                            
00811680  _c_int00                                  
00817900  _ctypes_                                  
00818200  _ftable                                   
00818604  _lock                                     
00811060  _minit                                    
00811a40  _nop                                      
00811b40  _stack                                    
008116e0  _subcull                                  
00813b40  _sys_memory                               
0081862c  _unlock                                   
00811aa0  abort                                     
0080fee0  atoi                                      
ffffffff  binit                                     
00800000  boot                                      
00818658  boot_mode_str                             
00818678  bus_err_stat_str                          
00801464  calc_cycle_measure_overhead               
00810380  close                                     
00817ff8  context                                   
0080ffe0  copy_in                                   
008181c0  coreVector                                
00818820  cycle_measure_overhead                    
00818730  device_type_str                           
00818778  endian_str                                
00818744  errno                                     
00818110  exception_record                          
00810b80  exit                                      
0080dea0  fputc                                     
0080b2e0  fputs                                     
0c300000  frame_recv_block                          
0c200008  frame_send_block                          
00806d28  framing_ALIGN                             
0080682c  framing_DNET_RTS                          
0080702c  framing_D_ACK                             
00806df0  framing_D_CTS                             
00806eb8  framing_D_DATA                            
00806e54  framing_D_QUICK_ALIGN                     
00806d8c  framing_D_RTS                             
00805e00  framing_FIN                               
0080bec0  free                                      
0080e9c0  frexp                                     
0080f9c0  fseek                                     
00818698  gCIC_EXC_EN_MASK                          
0081883c  gCIC_EXC_out_num                          
00818818  gDSP_Core_Speed_Hz                        
0081881c  gDSP_board_type                           
00818788  gpBootCfgRegs                             
00818784  gpCGEM_regs                               
008187a0  gpCIC0_regs                               
008187a4  gpCIC1_regs                               
008187a8  gpCIC_regs                                
00818814  gpDDR_regs                                
008187ac  gpEDMA_CC0_regs                           
008187b0  gpEDMA_CC1_regs                           
008187b4  gpEDMA_CC2_regs                           
00818748  gpEDMA_CC_regs                            
008187b8  gpEDMA_TC_0_0_regs                        
008187bc  gpEDMA_TC_0_1_regs                        
008187c0  gpEDMA_TC_1_0_regs                        
008187c4  gpEDMA_TC_1_1_regs                        
008187c8  gpEDMA_TC_1_2_regs                        
008187cc  gpEDMA_TC_1_3_regs                        
008187d0  gpEDMA_TC_2_0_regs                        
008187d4  gpEDMA_TC_2_1_regs                        
008187d8  gpEDMA_TC_2_2_regs                        
008187dc  gpEDMA_TC_2_3_regs                        
008185b8  gpEDMA_TC_regs                            
00818798  gpGPIO_regs                               
00818804  gpMPU0_regs                               
00818808  gpMPU1_regs                               
0081880c  gpMPU2_regs                               
00818810  gpMPU3_regs                               
008186b8  gpMPU_regs                                
00818794  gpMSMC_regs                               
0081878c  gpPLLC_regs                               
00818790  gpPSC_regs                                
0081879c  gpSRIO_regs                               
008187e0  gpTimer0Regs                              
008187e4  gpTimer1Regs                              
008187e8  gpTimer2Regs                              
008187ec  gpTimer3Regs                              
008187f0  gpTimer4Regs                              
008187f4  gpTimer5Regs                              
008187f8  gpTimer6Regs                              
008187fc  gpTimer7Regs                              
00818800  gpTimer8Regs                              
008185e0  gpTimerRegs                               
00818780  gpXMC_regs                                
00818578  gstruMpuAddrRange                         
00818838  guwIntcCICExcEvtIdx                       
00818180  hintc                                     
008186d8  iIPCARInfo                                
008186f8  iIPCGRInfo                                
00818608  input_clk_str                             
00818480  intInfo                                   
008083a0  intcInit                                  
00818090  intcObj                                   
00818630  internal_exception_str                    
0080f880  ldexp                                     
0080ab00  lock_mem_prot_regs                        
00811740  lseek                                     
00810460  ltoa                                      
0080efa0  main                                      
0080eb60  malloc                                    
008181e0  mem_prot_key                              
008117a0  memccpy                                   
008111a0  memcpy                                    
008036b0  memory_protection_exception_handler       
00810540  memset                                    
008082a0  nop_delay                                 
00810620  printf                                    
008119c0  puts                                      
00818854  rd_LANE0_STAT0                            
00818858  rd_LANE1_STAT0                            
0081885c  rd_LANE2_STAT0                            
00818860  rd_LANE3_STAT0                            
00818844  rd_PLM_SP0_PATH_CTL                       
00818848  rd_PLM_SP1_PATH_CTL                       
0081884c  rd_PLM_SP2_PATH_CTL                       
00818850  rd_PLM_SP3_PATH_CTL                       
00818864  rd_SP0_CTL                                
00818868  rd_SP1_CTL                                
0081886c  rd_SP2_CTL                                
00818870  rd_SP3_CTL                                
00808170  read_CSL                                  
00808400  registerInterrupt                         
00811540  remove                                    
00806d64  resolve_ALIGN                             
008069e0  resolve_DNET_RTS                          
00807068  resolve_D_ACK                             
00806e2c  resolve_D_CTS                             
00806f70  resolve_D_DATA                            
00806e90  resolve_D_QUICK_ALIGN                     
00806dc8  resolve_D_RTS                             
00806228  resolve_FIN                               
00808040  send_CSL                                  
0080d1c0  setvbuf                                   
008188d4  state                                     
00818824  uiLL2_scrub_addr                          
00811540  unlink                                    
0080abb4  unlock_mem_prot_regs                      
00811860  write                                     


GLOBAL SYMBOLS: SORTED BY Symbol Address 

address   name                                      
-------   ----                                      
00002000  __TI_STACK_SIZE                           
00002000  __TI_SYSMEM_SIZE                          
00800000  boot                                      
00800d84  KeyStone_main_PLL_init                    
008011a0  KeyStone_PLL_init                         
00801348  KeyStone_PASS_PLL_init                    
008013d4  KeyStone_DDR_PLL_init                     
00801464  calc_cycle_measure_overhead               
008014a8  TSC_init                                  
008014b8  TSC_delay_ms                              
00801560  TSC_delay_us                              
00801608  Reset_Timer                               
00801664  Timer64_Init                              
00801a20  Service_Watchdog                          
00801a60  KeyStone_enable_PSC_module                
00801b90  KeyStone_disable_PSC_module               
00801c38  KeyStone_disable_PSC_Power_Domain         
00801cd8  EDMA_channel_TC_cfg                       
00801d50  EDMA_TC_priority_cfg                      
00801db8  EDMA_init                                 
008022c0  EDMA_event_enable                         
0080232c  EDMA_event_disable                        
00802394  EDMA_interrupt_enable                     
00802404  EDMA_interrupt_disable                    
0080246c  EDMA_wait                                 
00802514  EDMA_copy                                 
0080272c  EDMA_fill                                 
00802ab4  IDMA_wait                                 
00802ae4  IDMA_copy                                 
00802b60  EDMA_CC_error_handler                     
00802d70  EDMA_TC_error_handler                     
00802ea4  EDMA_error_handler                        
00802fac  L1_MPPA_setup                             
00803044  L1P_memory_protection_cfg                 
008030d0  L1D_memory_protection_cfg                 
00803160  L1_cache_protection                       
00803170  LL2_MPPA_setup                            
00803210  LL2_Memory_Protection_cfg                 
008033a8  KeyStone_CorePac_AID_map                  
00803444  KeyStone_PrivID_Remap                     
008034ac  KeyStone_SMS_MPAX_setup                   
00803578  KeyStone_SES_MPAX_setup                   
00803648  KeyStone_MSMC_MP_interrupt_en             
008036b0  memory_protection_exception_handler       
008037c8  KeyStone_MSMC_protection_exception_handler
008038b0  TN_MPU5_constant                          
00803910  KeyStone_MPU_range_setup                  
00803988  KeyStone_MPU_setup                        
00803b6c  KeyStone_MPU_MPPA_modify                  
00803c64  KeyStone_MPU_interrupt_enable             
00803d00  KeyStone_MPU_interrupts_enable            
00803dd8  KeyStone_peripherals_MPU_fault_status     
00803ed8  KeyStone_peripherals_MPU_excepiton_handler
00803fc8  KeyStone_SL2_EDC_enable                   
00804058  KeyStone_SL2_EDC_interrupt_en             
008040ac  LL2_EDC_setup                             
00804174  LL2_EDC_scrub                             
00804268  L1P_EDC_setup                             
008042f0  LL2_EDC_handler                           
00804510  L1P_ED_handler                            
00804640  KeyStone_SL2_EDC_handler                  
00804914  KeyStone_CIC_exception_events_mapping     
00804dac  KeyStone_Exception_cfg                    
00804f50  Bus_error_handler                         
00805024  KeyStone_CIC_EXC_handler                  
0080544c  KeyStone_EXC_external                     
008058e8  EXC_internal                              
008059ac  EXC_NMI                                   
008059c4  EXC_swgen                                 
008059d8  CPU_interrupt_init                        
00805a70  CPU_interrupt_enable                      
00805aac  KeyStone_get_device_speed_grade           
00805b88  KeyStone_get_device_info                  
00805d60  KeyStone_common_device_init               
00805d98  KeyStone_common_CPU_init                  
00805e00  framing_FIN                               
00806228  resolve_FIN                               
0080682c  framing_DNET_RTS                          
008069e0  resolve_DNET_RTS                          
00806d28  framing_ALIGN                             
00806d64  resolve_ALIGN                             
00806d8c  framing_D_RTS                             
00806dc8  resolve_D_RTS                             
00806df0  framing_D_CTS                             
00806e2c  resolve_D_CTS                             
00806e54  framing_D_QUICK_ALIGN                     
00806e90  resolve_D_QUICK_ALIGN                     
00806eb8  framing_D_DATA                            
00806f70  resolve_D_DATA                            
0080702c  framing_D_ACK                             
00807068  resolve_D_ACK                             
0080778c  SRIO_Init                                 
00808040  send_CSL                                  
00808170  read_CSL                                  
008082a0  nop_delay                                 
008083a0  intcInit                                  
00808400  registerInterrupt                         
00808620  IssueInterruptToNextCore                  
0080868c  IPC_ISR                                   
008088b0  Test_DDR                                  
00808934  Test_MSMC                                 
008089cc  Init_Core0                                
00808a6c  Test_SRIO_FIN                             
00808c40  __c6xabi_divd                             
00809d60  Exception_service_routine                 
0080a044  Nested_Exception_service_routine          
0080a260  DDR3_PLL_Init                             
0080a350  DDR3_clock_phase_init                     
0080a3c0  DDR3_Init                                 
0080a6a0  __TI_printfi                              
0080ab00  lock_mem_prot_regs                        
0080abb4  unlock_mem_prot_regs                      
0080ac70  KeyStone_MPAX_seg_setup                   
0080ae18  KeyStone_XMC_MPAX_setup                   
0080af20  CSL_intcHwControl                         
0080b2e0  fputs                                     
0080bec0  free                                      
0080c160  __c6xabi_divf                             
0080c8c0  __c6xabi_divull                           
0080d1c0  setvbuf                                   
0080d400  CSL_intcOpen                              
0080d620  _CSL_intcEvent0Dispatcher                 
0080d840  _CSL_intcEvent1Dispatcher                 
0080da60  _CSL_intcEvent2Dispatcher                 
0080dc80  _CSL_intcEvent3Dispatcher                 
0080dea0  fputc                                     
0080e2c0  __c6xabi_divul                            
0080e4a0  _CSL_intcDispatcher                       
0080e680  HOSTrename                                
0080e9c0  frexp                                     
0080eb60  malloc                                    
0080efa0  main                                      
0080f100  CSL_chipReadReg                           
0080f240  __TI_closefile                            
0080f380  _auto_init_elf                            
0080f4c0  CSL_intcInit                              
0080f600  _CSL_intcIvpSet                           
0080f610  CSL_intcInterruptEnable                   
0080f630  CSL_intcInterruptDisable                  
0080f650  CSL_intcInterruptClear                    
0080f660  CSL_intcInterruptSet                      
0080f66c  CSL_intcInterruptRestore                  
0080f684  CSL_intcQueryInterruptStatus              
0080f698  CSL_intcGlobalEnable                      
0080f6b8  CSL_intcGlobalDisable                     
0080f6d8  CSL_intcGlobalRestore                     
0080f6f0  CSL_intcGlobalNmiEnable                   
0080f704  CSL_intcGlobalExcepEnable                 
0080f718  CSL_intcGlobalExtExcepEnable              
0080f72c  CSL_intcGlobalExcepClear                  
0080f880  ldexp                                     
0080f9c0  fseek                                     
0080fae0  HOSTlseek                                 
0080fbe0  __TI_wrt_ok                               
0080fee0  atoi                                      
0080ffe0  copy_in                                   
008100e0  HOSTopen                                  
008101c0  HOSTwrite                                 
00810380  close                                     
00810460  ltoa                                      
00810540  memset                                    
00810620  printf                                    
00810700  HOSTread                                  
008107c0  HOSTunlink                                
00810880  __TI_doflush                              
00810940  __c6xabi_divu                             
00810940  __divu                                    
00810ac0  CSL_intcPlugEventHandler                  
00810b80  exit                                      
00810dc0  __TI_tls_init                             
00810e80  HOSTclose                                 
00810f20  __TI_cleanup                              
00811060  _minit                                    
008111a0  memcpy                                    
00811240  __TI_readmsg                              
008112c0  __TI_writemsg                             
00811320  C$$IO$$                                   
00811340  __c6xabi_fixfu                            
008113c0  __c6xabi_llshl                            
00811540  remove                                    
00811540  unlink                                    
008115c0  __TI_frcmpyd_div                          
00811620  __c6xabi_llshru                           
00811680  _c_int00                                  
008116e0  _subcull                                  
00811740  lseek                                     
008117a0  memccpy                                   
00811860  write                                     
008118c0  __c6xabi_isinf                            
00811940  __c6xabi_strasgi_64plus                   
00811940  __strasgi_64plus                          
00811980  _args_main                                
008119c0  puts                                      
00811a00  CSL_SRIO_Open                             
00811a20  __c6xabi_errno_addr                       
00811a40  _nop                                      
00811aa0  C$$EXIT                                   
00811aa0  abort                                     
00811ac0  CSL_intcHookIsr                           
00811ae0  _CSL_intcNmiDummy                         
00811b00  __TI_decompress_none                      
00811b20  __TI_decompress_rle24                     
00811b40  _stack                                    
00813b40  __TI_STACK_END                            
00813b40  _sys_memory                               
00817900  _ctypes_                                  
00817ab8  Record                                    
00817eb8  __TI_tmpnams                              
00817ff8  context                                   
00818090  intcObj                                   
00818110  exception_record                          
00818180  hintc                                     
008181c0  coreVector                                
008181e0  mem_prot_key                              
008181f0  EventRecord                               
00818200  _ftable                                   
00818480  intInfo                                   
00818578  gstruMpuAddrRange                         
008185b8  gpEDMA_TC_regs                            
008185e0  gpTimerRegs                               
00818604  _lock                                     
00818608  input_clk_str                             
0081862c  _unlock                                   
00818630  internal_exception_str                    
00818654  __TI_ft_end                               
00818658  boot_mode_str                             
00818678  bus_err_stat_str                          
00818698  gCIC_EXC_EN_MASK                          
008186b8  gpMPU_regs                                
008186d8  iIPCARInfo                                
008186f8  iIPCGRInfo                                
00818718  Peri_MPU_err_type_str                     
00818730  device_type_str                           
00818744  __errno                                   
00818744  errno                                     
00818748  gpEDMA_CC_regs                            
00818754  __TI_cleanup_ptr                          
00818758  __TI_dtors_ptr                            
0081875c  __TI_enable_exit_profile_output           
00818770  Ns_str                                    
00818778  endian_str                                
00818780  __TI_STATIC_BASE                          
00818780  gpXMC_regs                                
00818784  gpCGEM_regs                               
00818788  gpBootCfgRegs                             
0081878c  gpPLLC_regs                               
00818790  gpPSC_regs                                
00818794  gpMSMC_regs                               
00818798  gpGPIO_regs                               
0081879c  gpSRIO_regs                               
008187a0  gpCIC0_regs                               
008187a4  gpCIC1_regs                               
008187a8  gpCIC_regs                                
008187ac  gpEDMA_CC0_regs                           
008187b0  gpEDMA_CC1_regs                           
008187b4  gpEDMA_CC2_regs                           
008187b8  gpEDMA_TC_0_0_regs                        
008187bc  gpEDMA_TC_0_1_regs                        
008187c0  gpEDMA_TC_1_0_regs                        
008187c4  gpEDMA_TC_1_1_regs                        
008187c8  gpEDMA_TC_1_2_regs                        
008187cc  gpEDMA_TC_1_3_regs                        
008187d0  gpEDMA_TC_2_0_regs                        
008187d4  gpEDMA_TC_2_1_regs                        
008187d8  gpEDMA_TC_2_2_regs                        
008187dc  gpEDMA_TC_2_3_regs                        
008187e0  gpTimer0Regs                              
008187e4  gpTimer1Regs                              
008187e8  gpTimer2Regs                              
008187ec  gpTimer3Regs                              
008187f0  gpTimer4Regs                              
008187f4  gpTimer5Regs                              
008187f8  gpTimer6Regs                              
008187fc  gpTimer7Regs                              
00818800  gpTimer8Regs                              
00818804  gpMPU0_regs                               
00818808  gpMPU1_regs                               
0081880c  gpMPU2_regs                               
00818810  gpMPU3_regs                               
00818814  gpDDR_regs                                
00818818  gDSP_Core_Speed_Hz                        
0081881c  gDSP_board_type                           
00818820  cycle_measure_overhead                    
00818824  uiLL2_scrub_addr                          
00818828  LL2_EDC_victim_err_str                    
0081882c  LL2_EDC_DMA_err_str                       
00818830  LL2_EDC_L1D_err_str                       
00818834  LL2_EDC_L1P_err_str                       
00818838  guwIntcCICExcEvtIdx                       
0081883c  gCIC_EXC_out_num                          
00818840  Flag_DoorBell                             
00818844  rd_PLM_SP0_PATH_CTL                       
00818848  rd_PLM_SP1_PATH_CTL                       
0081884c  rd_PLM_SP2_PATH_CTL                       
00818850  rd_PLM_SP3_PATH_CTL                       
00818854  rd_LANE0_STAT0                            
00818858  rd_LANE1_STAT0                            
0081885c  rd_LANE2_STAT0                            
00818860  rd_LANE3_STAT0                            
00818864  rd_SP0_CTL                                
00818868  rd_SP1_CTL                                
0081886c  rd_SP2_CTL                                
00818870  rd_SP3_CTL                                
00818874  TransData                                 
00818878  FPGAData                                  
0081887c  ReadBackData                              
00818880  _CSL_intcCpuIntrTable                     
008188c4  _CSL_intcNumEvents                        
008188c8  _CSL_intcEventHandlerRecord               
008188cc  _CSL_intcAllocMask                        
008188d0  _CSL_intcEventOffsetMap                   
008188d4  state                                     
008188d8  __CIOBUF_                                 
00818c00  _CSL_intcVectorTable                      
008191a0  __TI_Handler_Table_Base                   
008191a8  __TI_CINIT_Base                           
008191a8  __TI_Handler_Table_Limit                  
008191c8  __TI_CINIT_Limit                          
0c200000  Flag                                      
0c200004  Pkt_Test                                  
0c200008  frame_send_block                          
0c300000  frame_recv_block                          
80000000  DDR_Test                                  
ffffffff  __TI_pprof_out_hndl                       
ffffffff  __TI_prof_data_size                       
ffffffff  __TI_prof_data_start                      
ffffffff  __binit__                                 
ffffffff  __c_args__                                
ffffffff  binit                                     
UNDEFED   __TI_INITARRAY_Base                       
UNDEFED   __TI_INITARRAY_Limit                      
UNDEFED   __TI_TLS_INIT_Base                        
UNDEFED   __TI_TLS_INIT_Limit                       

[333 symbols]
